JUnit version 4.12
14:53:01,110 |-INFO in ch.qos.logback.classic.LoggerContext[default] - This is logback-classic version 1.5.18
14:53:01,111 |-INFO in ch.qos.logback.classic.util.ContextInitializer@53976f5c - No custom configurators were discovered as a service.
14:53:01,111 |-INFO in ch.qos.logback.classic.util.ContextInitializer@53976f5c - Trying to configure with ch.qos.logback.classic.joran.SerializedModelConfigurator
14:53:01,111 |-INFO in ch.qos.logback.classic.util.ContextInitializer@53976f5c - Constructed configurator of type class ch.qos.logback.classic.joran.SerializedModelConfigurator
14:53:01,115 |-INFO in ch.qos.logback.classic.LoggerContext[default] - Could NOT find resource [logback-test.scmo]
14:53:01,115 |-INFO in ch.qos.logback.classic.LoggerContext[default] - Could NOT find resource [logback.scmo]
14:53:01,123 |-INFO in ch.qos.logback.classic.util.ContextInitializer@53976f5c - ch.qos.logback.classic.joran.SerializedModelConfigurator.configure() call lasted 4 milliseconds. ExecutionStatus=INVOKE_NEXT_IF_ANY
14:53:01,123 |-INFO in ch.qos.logback.classic.util.ContextInitializer@53976f5c - Trying to configure with ch.qos.logback.classic.util.DefaultJoranConfigurator
14:53:01,123 |-INFO in ch.qos.logback.classic.util.ContextInitializer@53976f5c - Constructed configurator of type class ch.qos.logback.classic.util.DefaultJoranConfigurator
14:53:01,127 |-INFO in ch.qos.logback.classic.LoggerContext[default] - Found resource [logback-test.xml] at [file:/home/dongju/vcomp/cassandra_vcomp/test/conf/logback-test.xml]
14:53:01,174 |-INFO in ch.qos.logback.core.model.processor.ShutdownHookModelHandler - About to instantiate shutdown hook of type [ch.qos.logback.core.hook.DefaultShutdownHook]
14:53:01,174 |-INFO in ch.qos.logback.core.util.ContextUtil@2bfc268b - Registering shutdown hook with JVM runtime.
14:53:01,174 |-ERROR in ch.qos.logback.core.model.processor.StatusListenerModelHandler - Could not create an StatusListener of type [org.apache.cassandra.LogbackStatusListener]. ch.qos.logback.core.util.DynamicClassLoadingException: Failed to instantiate type org.apache.cassandra.LogbackStatusListener
	at ch.qos.logback.core.util.DynamicClassLoadingException: Failed to instantiate type org.apache.cassandra.LogbackStatusListener
	at 	at ch.qos.logback.core.util.OptionHelper.instantiateByClassNameAndParameter(OptionHelper.java:69)
	at 	at ch.qos.logback.core.util.OptionHelper.instantiateByClassName(OptionHelper.java:44)
	at 	at ch.qos.logback.core.util.OptionHelper.instantiateByClassName(OptionHelper.java:33)
	at 	at ch.qos.logback.core.model.processor.StatusListenerModelHandler.handle(StatusListenerModelHandler.java:46)
	at 	at ch.qos.logback.core.model.processor.DefaultProcessor.mainTraverse(DefaultProcessor.java:203)
	at 	at ch.qos.logback.core.model.processor.DefaultProcessor.mainTraverse(DefaultProcessor.java:211)
	at 	at ch.qos.logback.core.model.processor.DefaultProcessor.process(DefaultProcessor.java:104)
	at 	at ch.qos.logback.core.joran.GenericXMLConfigurator.processModel(GenericXMLConfigurator.java:222)
	at 	at ch.qos.logback.core.joran.GenericXMLConfigurator.doConfigure(GenericXMLConfigurator.java:178)
	at 	at ch.qos.logback.core.joran.GenericXMLConfigurator.doConfigure(GenericXMLConfigurator.java:123)
	at 	at ch.qos.logback.core.joran.GenericXMLConfigurator.doConfigure(GenericXMLConfigurator.java:66)
	at 	at ch.qos.logback.classic.util.DefaultJoranConfigurator.configureByResource(DefaultJoranConfigurator.java:68)
	at 	at ch.qos.logback.classic.util.DefaultJoranConfigurator.configure(DefaultJoranConfigurator.java:35)
	at 	at ch.qos.logback.classic.util.ContextInitializer.invokeConfigure(ContextInitializer.java:142)
	at 	at ch.qos.logback.classic.util.ContextInitializer.autoConfig(ContextInitializer.java:101)
	at 	at ch.qos.logback.classic.util.ContextInitializer.autoConfig(ContextInitializer.java:67)
	at 	at ch.qos.logback.classic.spi.LogbackServiceProvider.initializeLoggerContext(LogbackServiceProvider.java:51)
	at 	at ch.qos.logback.classic.spi.LogbackServiceProvider.initialize(LogbackServiceProvider.java:44)
	at 	at org.slf4j.LoggerFactory.bind(LoggerFactory.java:201)
	at 	at org.slf4j.LoggerFactory.performInitialization(LoggerFactory.java:187)
	at 	at org.slf4j.LoggerFactory.getProvider(LoggerFactory.java:511)
	at 	at org.slf4j.LoggerFactory.getILoggerFactory(LoggerFactory.java:497)
	at 	at org.slf4j.LoggerFactory.getLogger(LoggerFactory.java:446)
	at 	at org.slf4j.LoggerFactory.getLogger(LoggerFactory.java:472)
	at 	at org.apache.cassandra.utils.FBUtilities.<clinit>(FBUtilities.java:116)
	at 	at org.apache.cassandra.config.DatabaseDescriptor.<clinit>(DatabaseDescriptor.java:153)
	at 	at org.apache.cassandra.io.util.ChunkCacheFileHandleTest.initialize(ChunkCacheFileHandleTest.java:46)
	at 	at java.base/jdk.internal.reflect.NativeMethodAccessorImpl.invoke0(Native Method)
	at 	at java.base/jdk.internal.reflect.NativeMethodAccessorImpl.invoke(NativeMethodAccessorImpl.java:62)
	at 	at java.base/jdk.internal.reflect.DelegatingMethodAccessorImpl.invoke(DelegatingMethodAccessorImpl.java:43)
	at 	at java.base/java.lang.reflect.Method.invoke(Method.java:566)
	at 	at org.junit.runners.model.FrameworkMethod$1.runReflectiveCall(FrameworkMethod.java:50)
	at 	at org.junit.internal.runners.model.ReflectiveCallable.run(ReflectiveCallable.java:12)
	at 	at org.junit.runners.model.FrameworkMethod.invokeExplosively(FrameworkMethod.java:47)
	at 	at org.junit.internal.runners.statements.RunBefores.evaluate(RunBefores.java:24)
	at 	at org.junit.runners.ParentRunner.run(ParentRunner.java:363)
	at 	at org.junit.runners.Suite.runChild(Suite.java:128)
	at 	at org.junit.runners.Suite.runChild(Suite.java:27)
	at 	at org.junit.runners.ParentRunner$3.run(ParentRunner.java:290)
	at 	at org.junit.runners.ParentRunner$1.schedule(ParentRunner.java:71)
	at 	at org.junit.runners.ParentRunner.runChildren(ParentRunner.java:288)
	at 	at org.junit.runners.ParentRunner.access$000(ParentRunner.java:58)
	at 	at org.junit.runners.ParentRunner$2.evaluate(ParentRunner.java:268)
	at 	at org.junit.runners.ParentRunner.run(ParentRunner.java:363)
	at 	at org.junit.runner.JUnitCore.run(JUnitCore.java:137)
	at 	at org.junit.runner.JUnitCore.run(JUnitCore.java:115)
	at 	at org.junit.runner.JUnitCore.runMain(JUnitCore.java:77)
	at 	at org.junit.runner.JUnitCore.main(JUnitCore.java:36)
Caused by: java.lang.ClassNotFoundException: org.apache.cassandra.LogbackStatusListener
	at 	at java.base/jdk.internal.loader.BuiltinClassLoader.loadClass(BuiltinClassLoader.java:581)
	at 	at java.base/jdk.internal.loader.ClassLoaders$AppClassLoader.loadClass(ClassLoaders.java:178)
	at 	at java.base/java.lang.ClassLoader.loadClass(ClassLoader.java:527)
	at 	at ch.qos.logback.core.util.OptionHelper.instantiateByClassNameAndParameter(OptionHelper.java:56)
	at 	... 47 common frames omitted
14:53:01,174 |-ERROR in ch.qos.logback.core.model.processor.DefaultProcessor@31e5415e - Failed to traverse model statusListener ch.qos.logback.core.model.processor.ModelHandlerException: ch.qos.logback.core.util.DynamicClassLoadingException: Failed to instantiate type org.apache.cassandra.LogbackStatusListener
	at ch.qos.logback.core.model.processor.ModelHandlerException: ch.qos.logback.core.util.DynamicClassLoadingException: Failed to instantiate type org.apache.cassandra.LogbackStatusListener
	at 	at ch.qos.logback.core.model.processor.StatusListenerModelHandler.handle(StatusListenerModelHandler.java:57)
	at 	at ch.qos.logback.core.model.processor.DefaultProcessor.mainTraverse(DefaultProcessor.java:203)
	at 	at ch.qos.logback.core.model.processor.DefaultProcessor.mainTraverse(DefaultProcessor.java:211)
	at 	at ch.qos.logback.core.model.processor.DefaultProcessor.process(DefaultProcessor.java:104)
	at 	at ch.qos.logback.core.joran.GenericXMLConfigurator.processModel(GenericXMLConfigurator.java:222)
	at 	at ch.qos.logback.core.joran.GenericXMLConfigurator.doConfigure(GenericXMLConfigurator.java:178)
	at 	at ch.qos.logback.core.joran.GenericXMLConfigurator.doConfigure(GenericXMLConfigurator.java:123)
	at 	at ch.qos.logback.core.joran.GenericXMLConfigurator.doConfigure(GenericXMLConfigurator.java:66)
	at 	at ch.qos.logback.classic.util.DefaultJoranConfigurator.configureByResource(DefaultJoranConfigurator.java:68)
	at 	at ch.qos.logback.classic.util.DefaultJoranConfigurator.configure(DefaultJoranConfigurator.java:35)
	at 	at ch.qos.logback.classic.util.ContextInitializer.invokeConfigure(ContextInitializer.java:142)
	at 	at ch.qos.logback.classic.util.ContextInitializer.autoConfig(ContextInitializer.java:101)
	at 	at ch.qos.logback.classic.util.ContextInitializer.autoConfig(ContextInitializer.java:67)
	at 	at ch.qos.logback.classic.spi.LogbackServiceProvider.initializeLoggerContext(LogbackServiceProvider.java:51)
	at 	at ch.qos.logback.classic.spi.LogbackServiceProvider.initialize(LogbackServiceProvider.java:44)
	at 	at org.slf4j.LoggerFactory.bind(LoggerFactory.java:201)
	at 	at org.slf4j.LoggerFactory.performInitialization(LoggerFactory.java:187)
	at 	at org.slf4j.LoggerFactory.getProvider(LoggerFactory.java:511)
	at 	at org.slf4j.LoggerFactory.getILoggerFactory(LoggerFactory.java:497)
	at 	at org.slf4j.LoggerFactory.getLogger(LoggerFactory.java:446)
	at 	at org.slf4j.LoggerFactory.getLogger(LoggerFactory.java:472)
	at 	at org.apache.cassandra.utils.FBUtilities.<clinit>(FBUtilities.java:116)
	at 	at org.apache.cassandra.config.DatabaseDescriptor.<clinit>(DatabaseDescriptor.java:153)
	at 	at org.apache.cassandra.io.util.ChunkCacheFileHandleTest.initialize(ChunkCacheFileHandleTest.java:46)
	at 	at java.base/jdk.internal.reflect.NativeMethodAccessorImpl.invoke0(Native Method)
	at 	at java.base/jdk.internal.reflect.NativeMethodAccessorImpl.invoke(NativeMethodAccessorImpl.java:62)
	at 	at java.base/jdk.internal.reflect.DelegatingMethodAccessorImpl.invoke(DelegatingMethodAccessorImpl.java:43)
	at 	at java.base/java.lang.reflect.Method.invoke(Method.java:566)
	at 	at org.junit.runners.model.FrameworkMethod$1.runReflectiveCall(FrameworkMethod.java:50)
	at 	at org.junit.internal.runners.model.ReflectiveCallable.run(ReflectiveCallable.java:12)
	at 	at org.junit.runners.model.FrameworkMethod.invokeExplosively(FrameworkMethod.java:47)
	at 	at org.junit.internal.runners.statements.RunBefores.evaluate(RunBefores.java:24)
	at 	at org.junit.runners.ParentRunner.run(ParentRunner.java:363)
	at 	at org.junit.runners.Suite.runChild(Suite.java:128)
	at 	at org.junit.runners.Suite.runChild(Suite.java:27)
	at 	at org.junit.runners.ParentRunner$3.run(ParentRunner.java:290)
	at 	at org.junit.runners.ParentRunner$1.schedule(ParentRunner.java:71)
	at 	at org.junit.runners.ParentRunner.runChildren(ParentRunner.java:288)
	at 	at org.junit.runners.ParentRunner.access$000(ParentRunner.java:58)
	at 	at org.junit.runners.ParentRunner$2.evaluate(ParentRunner.java:268)
	at 	at org.junit.runners.ParentRunner.run(ParentRunner.java:363)
	at 	at org.junit.runner.JUnitCore.run(JUnitCore.java:137)
	at 	at org.junit.runner.JUnitCore.run(JUnitCore.java:115)
	at 	at org.junit.runner.JUnitCore.runMain(JUnitCore.java:77)
	at 	at org.junit.runner.JUnitCore.main(JUnitCore.java:36)
Caused by: ch.qos.logback.core.util.DynamicClassLoadingException: Failed to instantiate type org.apache.cassandra.LogbackStatusListener
	at 	at ch.qos.logback.core.util.OptionHelper.instantiateByClassNameAndParameter(OptionHelper.java:69)
	at 	at ch.qos.logback.core.util.OptionHelper.instantiateByClassName(OptionHelper.java:44)
	at 	at ch.qos.logback.core.util.OptionHelper.instantiateByClassName(OptionHelper.java:33)
	at 	at ch.qos.logback.core.model.processor.StatusListenerModelHandler.handle(StatusListenerModelHandler.java:46)
	at 	... 44 common frames omitted
Caused by: java.lang.ClassNotFoundException: org.apache.cassandra.LogbackStatusListener
	at 	at java.base/jdk.internal.loader.BuiltinClassLoader.loadClass(BuiltinClassLoader.java:581)
	at 	at java.base/jdk.internal.loader.ClassLoaders$AppClassLoader.loadClass(ClassLoaders.java:178)
	at 	at java.base/java.lang.ClassLoader.loadClass(ClassLoader.java:527)
	at 	at ch.qos.logback.core.util.OptionHelper.instantiateByClassNameAndParameter(OptionHelper.java:56)
	at 	... 47 common frames omitted
14:53:01,177 |-INFO in ch.qos.logback.classic.model.processor.ConfigurationModelHandlerFull - Registering a new ReconfigureOnChangeTask ReconfigureOnChangeTask(born:1789365181176)
14:53:01,182 |-INFO in ch.qos.logback.classic.model.processor.ConfigurationModelHandlerFull - Will scan for changes in [ConfigurationWatchList(mainURL=file:/home/dongju/vcomp/cassandra_vcomp/test/conf/logback-test.xml, fileWatchList={/home/dongju/vcomp/cassandra_vcomp/test/conf/logback-test.xml}, urlWatchList=[})] 
14:53:01,183 |-INFO in ch.qos.logback.classic.model.processor.ConfigurationModelHandlerFull - Setting ReconfigureOnChangeTask scanning period to 1 minutes
14:53:01,185 |-ERROR in ch.qos.logback.core.model.processor.StatusListenerModelHandler - Could not create an StatusListener of type [org.apache.cassandra.LogbackStatusListener]. ch.qos.logback.core.util.DynamicClassLoadingException: Failed to instantiate type org.apache.cassandra.LogbackStatusListener
	at ch.qos.logback.core.util.DynamicClassLoadingException: Failed to instantiate type org.apache.cassandra.LogbackStatusListener
	at 	at ch.qos.logback.core.util.OptionHelper.instantiateByClassNameAndParameter(OptionHelper.java:69)
	at 	at ch.qos.logback.core.util.OptionHelper.instantiateByClassName(OptionHelper.java:44)
	at 	at ch.qos.logback.core.util.OptionHelper.instantiateByClassName(OptionHelper.java:33)
	at 	at ch.qos.logback.core.model.processor.StatusListenerModelHandler.handle(StatusListenerModelHandler.java:46)
	at 	at ch.qos.logback.core.model.processor.DefaultProcessor.secondPhaseTraverse(DefaultProcessor.java:241)
	at 	at ch.qos.logback.core.model.processor.DefaultProcessor.secondPhaseTraverse(DefaultProcessor.java:253)
	at 	at ch.qos.logback.core.model.processor.DefaultProcessor.traversalLoop(DefaultProcessor.java:90)
	at 	at ch.qos.logback.core.model.processor.DefaultProcessor.process(DefaultProcessor.java:106)
	at 	at ch.qos.logback.core.joran.GenericXMLConfigurator.processModel(GenericXMLConfigurator.java:222)
	at 	at ch.qos.logback.core.joran.GenericXMLConfigurator.doConfigure(GenericXMLConfigurator.java:178)
	at 	at ch.qos.logback.core.joran.GenericXMLConfigurator.doConfigure(GenericXMLConfigurator.java:123)
	at 	at ch.qos.logback.core.joran.GenericXMLConfigurator.doConfigure(GenericXMLConfigurator.java:66)
	at 	at ch.qos.logback.classic.util.DefaultJoranConfigurator.configureByResource(DefaultJoranConfigurator.java:68)
	at 	at ch.qos.logback.classic.util.DefaultJoranConfigurator.configure(DefaultJoranConfigurator.java:35)
	at 	at ch.qos.logback.classic.util.ContextInitializer.invokeConfigure(ContextInitializer.java:142)
	at 	at ch.qos.logback.classic.util.ContextInitializer.autoConfig(ContextInitializer.java:101)
	at 	at ch.qos.logback.classic.util.ContextInitializer.autoConfig(ContextInitializer.java:67)
	at 	at ch.qos.logback.classic.spi.LogbackServiceProvider.initializeLoggerContext(LogbackServiceProvider.java:51)
	at 	at ch.qos.logback.classic.spi.LogbackServiceProvider.initialize(LogbackServiceProvider.java:44)
	at 	at org.slf4j.LoggerFactory.bind(LoggerFactory.java:201)
	at 	at org.slf4j.LoggerFactory.performInitialization(LoggerFactory.java:187)
	at 	at org.slf4j.LoggerFactory.getProvider(LoggerFactory.java:511)
	at 	at org.slf4j.LoggerFactory.getILoggerFactory(LoggerFactory.java:497)
	at 	at org.slf4j.LoggerFactory.getLogger(LoggerFactory.java:446)
	at 	at org.slf4j.LoggerFactory.getLogger(LoggerFactory.java:472)
	at 	at org.apache.cassandra.utils.FBUtilities.<clinit>(FBUtilities.java:116)
	at 	at org.apache.cassandra.config.DatabaseDescriptor.<clinit>(DatabaseDescriptor.java:153)
	at 	at org.apache.cassandra.io.util.ChunkCacheFileHandleTest.initialize(ChunkCacheFileHandleTest.java:46)
	at 	at java.base/jdk.internal.reflect.NativeMethodAccessorImpl.invoke0(Native Method)
	at 	at java.base/jdk.internal.reflect.NativeMethodAccessorImpl.invoke(NativeMethodAccessorImpl.java:62)
	at 	at java.base/jdk.internal.reflect.DelegatingMethodAccessorImpl.invoke(DelegatingMethodAccessorImpl.java:43)
	at 	at java.base/java.lang.reflect.Method.invoke(Method.java:566)
	at 	at org.junit.runners.model.FrameworkMethod$1.runReflectiveCall(FrameworkMethod.java:50)
	at 	at org.junit.internal.runners.model.ReflectiveCallable.run(ReflectiveCallable.java:12)
	at 	at org.junit.runners.model.FrameworkMethod.invokeExplosively(FrameworkMethod.java:47)
	at 	at org.junit.internal.runners.statements.RunBefores.evaluate(RunBefores.java:24)
	at 	at org.junit.runners.ParentRunner.run(ParentRunner.java:363)
	at 	at org.junit.runners.Suite.runChild(Suite.java:128)
	at 	at org.junit.runners.Suite.runChild(Suite.java:27)
	at 	at org.junit.runners.ParentRunner$3.run(ParentRunner.java:290)
	at 	at org.junit.runners.ParentRunner$1.schedule(ParentRunner.java:71)
	at 	at org.junit.runners.ParentRunner.runChildren(ParentRunner.java:288)
	at 	at org.junit.runners.ParentRunner.access$000(ParentRunner.java:58)
	at 	at org.junit.runners.ParentRunner$2.evaluate(ParentRunner.java:268)
	at 	at org.junit.runners.ParentRunner.run(ParentRunner.java:363)
	at 	at org.junit.runner.JUnitCore.run(JUnitCore.java:137)
	at 	at org.junit.runner.JUnitCore.run(JUnitCore.java:115)
	at 	at org.junit.runner.JUnitCore.runMain(JUnitCore.java:77)
	at 	at org.junit.runner.JUnitCore.main(JUnitCore.java:36)
Caused by: java.lang.ClassNotFoundException: org.apache.cassandra.LogbackStatusListener
	at 	at java.base/jdk.internal.loader.BuiltinClassLoader.loadClass(BuiltinClassLoader.java:581)
	at 	at java.base/jdk.internal.loader.ClassLoaders$AppClassLoader.loadClass(ClassLoaders.java:178)
	at 	at java.base/java.lang.ClassLoader.loadClass(ClassLoader.java:527)
	at 	at ch.qos.logback.core.util.OptionHelper.instantiateByClassNameAndParameter(OptionHelper.java:56)
	at 	... 48 common frames omitted
14:53:01,185 |-ERROR in ch.qos.logback.core.model.processor.DefaultProcessor@31e5415e - Failed to traverse model statusListener ch.qos.logback.core.model.processor.ModelHandlerException: ch.qos.logback.core.util.DynamicClassLoadingException: Failed to instantiate type org.apache.cassandra.LogbackStatusListener
	at ch.qos.logback.core.model.processor.ModelHandlerException: ch.qos.logback.core.util.DynamicClassLoadingException: Failed to instantiate type org.apache.cassandra.LogbackStatusListener
	at 	at ch.qos.logback.core.model.processor.StatusListenerModelHandler.handle(StatusListenerModelHandler.java:57)
	at 	at ch.qos.logback.core.model.processor.DefaultProcessor.secondPhaseTraverse(DefaultProcessor.java:241)
	at 	at ch.qos.logback.core.model.processor.DefaultProcessor.secondPhaseTraverse(DefaultProcessor.java:253)
	at 	at ch.qos.logback.core.model.processor.DefaultProcessor.traversalLoop(DefaultProcessor.java:90)
	at 	at ch.qos.logback.core.model.processor.DefaultProcessor.process(DefaultProcessor.java:106)
	at 	at ch.qos.logback.core.joran.GenericXMLConfigurator.processModel(GenericXMLConfigurator.java:222)
	at 	at ch.qos.logback.core.joran.GenericXMLConfigurator.doConfigure(GenericXMLConfigurator.java:178)
	at 	at ch.qos.logback.core.joran.GenericXMLConfigurator.doConfigure(GenericXMLConfigurator.java:123)
	at 	at ch.qos.logback.core.joran.GenericXMLConfigurator.doConfigure(GenericXMLConfigurator.java:66)
	at 	at ch.qos.logback.classic.util.DefaultJoranConfigurator.configureByResource(DefaultJoranConfigurator.java:68)
	at 	at ch.qos.logback.classic.util.DefaultJoranConfigurator.configure(DefaultJoranConfigurator.java:35)
	at 	at ch.qos.logback.classic.util.ContextInitializer.invokeConfigure(ContextInitializer.java:142)
	at 	at ch.qos.logback.classic.util.ContextInitializer.autoConfig(ContextInitializer.java:101)
	at 	at ch.qos.logback.classic.util.ContextInitializer.autoConfig(ContextInitializer.java:67)
	at 	at ch.qos.logback.classic.spi.LogbackServiceProvider.initializeLoggerContext(LogbackServiceProvider.java:51)
	at 	at ch.qos.logback.classic.spi.LogbackServiceProvider.initialize(LogbackServiceProvider.java:44)
	at 	at org.slf4j.LoggerFactory.bind(LoggerFactory.java:201)
	at 	at org.slf4j.LoggerFactory.performInitialization(LoggerFactory.java:187)
	at 	at org.slf4j.LoggerFactory.getProvider(LoggerFactory.java:511)
	at 	at org.slf4j.LoggerFactory.getILoggerFactory(LoggerFactory.java:497)
	at 	at org.slf4j.LoggerFactory.getLogger(LoggerFactory.java:446)
	at 	at org.slf4j.LoggerFactory.getLogger(LoggerFactory.java:472)
	at 	at org.apache.cassandra.utils.FBUtilities.<clinit>(FBUtilities.java:116)
	at 	at org.apache.cassandra.config.DatabaseDescriptor.<clinit>(DatabaseDescriptor.java:153)
	at 	at org.apache.cassandra.io.util.ChunkCacheFileHandleTest.initialize(ChunkCacheFileHandleTest.java:46)
	at 	at java.base/jdk.internal.reflect.NativeMethodAccessorImpl.invoke0(Native Method)
	at 	at java.base/jdk.internal.reflect.NativeMethodAccessorImpl.invoke(NativeMethodAccessorImpl.java:62)
	at 	at java.base/jdk.internal.reflect.DelegatingMethodAccessorImpl.invoke(DelegatingMethodAccessorImpl.java:43)
	at 	at java.base/java.lang.reflect.Method.invoke(Method.java:566)
	at 	at org.junit.runners.model.FrameworkMethod$1.runReflectiveCall(FrameworkMethod.java:50)
	at 	at org.junit.internal.runners.model.ReflectiveCallable.run(ReflectiveCallable.java:12)
	at 	at org.junit.runners.model.FrameworkMethod.invokeExplosively(FrameworkMethod.java:47)
	at 	at org.junit.internal.runners.statements.RunBefores.evaluate(RunBefores.java:24)
	at 	at org.junit.runners.ParentRunner.run(ParentRunner.java:363)
	at 	at org.junit.runners.Suite.runChild(Suite.java:128)
	at 	at org.junit.runners.Suite.runChild(Suite.java:27)
	at 	at org.junit.runners.ParentRunner$3.run(ParentRunner.java:290)
	at 	at org.junit.runners.ParentRunner$1.schedule(ParentRunner.java:71)
	at 	at org.junit.runners.ParentRunner.runChildren(ParentRunner.java:288)
	at 	at org.junit.runners.ParentRunner.access$000(ParentRunner.java:58)
	at 	at org.junit.runners.ParentRunner$2.evaluate(ParentRunner.java:268)
	at 	at org.junit.runners.ParentRunner.run(ParentRunner.java:363)
	at 	at org.junit.runner.JUnitCore.run(JUnitCore.java:137)
	at 	at org.junit.runner.JUnitCore.run(JUnitCore.java:115)
	at 	at org.junit.runner.JUnitCore.runMain(JUnitCore.java:77)
	at 	at org.junit.runner.JUnitCore.main(JUnitCore.java:36)
Caused by: ch.qos.logback.core.util.DynamicClassLoadingException: Failed to instantiate type org.apache.cassandra.LogbackStatusListener
	at 	at ch.qos.logback.core.util.OptionHelper.instantiateByClassNameAndParameter(OptionHelper.java:69)
	at 	at ch.qos.logback.core.util.OptionHelper.instantiateByClassName(OptionHelper.java:44)
	at 	at ch.qos.logback.core.util.OptionHelper.instantiateByClassName(OptionHelper.java:33)
	at 	at ch.qos.logback.core.model.processor.StatusListenerModelHandler.handle(StatusListenerModelHandler.java:46)
	at 	... 45 common frames omitted
Caused by: java.lang.ClassNotFoundException: org.apache.cassandra.LogbackStatusListener
	at 	at java.base/jdk.internal.loader.BuiltinClassLoader.loadClass(BuiltinClassLoader.java:581)
	at 	at java.base/jdk.internal.loader.ClassLoaders$AppClassLoader.loadClass(ClassLoaders.java:178)
	at 	at java.base/java.lang.ClassLoader.loadClass(ClassLoader.java:527)
	at 	at ch.qos.logback.core.util.OptionHelper.instantiateByClassNameAndParameter(OptionHelper.java:56)
	at 	... 48 common frames omitted
14:53:01,185 |-INFO in ch.qos.logback.core.model.processor.AppenderModelHandler - Processing appender named [FILE]
14:53:01,185 |-INFO in ch.qos.logback.core.model.processor.AppenderModelHandler - About to instantiate appender of type [ch.qos.logback.core.rolling.RollingFileAppender]
14:53:01,193 |-INFO in ch.qos.logback.core.model.processor.ModelInterpretationContext@a2431d0 - value "./build/test/logs/cassandra.testtag_IS_UNDEFINED/TEST-suitename_IS_UNDEFINED.log" substituted for "./build/test/logs/${cassandra.testtag}/TEST-${suitename}.log"
14:53:01,194 |-INFO in ch.qos.logback.core.model.processor.ModelInterpretationContext@a2431d0 - value "./build/test/logs/cassandra.testtag_IS_UNDEFINED/TEST-suitename_IS_UNDEFINED.log.%i.gz" substituted for "./build/test/logs/${cassandra.testtag}/TEST-${suitename}.log.%i.gz"
14:53:01,194 |-INFO in ch.qos.logback.core.rolling.FixedWindowRollingPolicy@1cbb87f3 - Will use gz compression
14:53:01,198 |-INFO in ch.qos.logback.core.model.processor.ImplicitModelHandler - Assuming default type [ch.qos.logback.classic.encoder.PatternLayoutEncoder] for [encoder] property
14:53:01,214 |-INFO in ch.qos.logback.classic.pattern.DateConverter@1a4013 - Setting zoneId to "UTC"
14:53:01,215 |-INFO in ch.qos.logback.core.rolling.RollingFileAppender[FILE] - Active log file name: ./build/test/logs/cassandra.testtag_IS_UNDEFINED/TEST-suitename_IS_UNDEFINED.log
14:53:01,216 |-INFO in ch.qos.logback.core.rolling.RollingFileAppender[FILE] - File property is set to [./build/test/logs/cassandra.testtag_IS_UNDEFINED/TEST-suitename_IS_UNDEFINED.log]
14:53:01,216 |-INFO in ch.qos.logback.core.model.processor.AppenderModelHandler - Processing appender named [STDOUT]
14:53:01,216 |-INFO in ch.qos.logback.core.model.processor.AppenderModelHandler - About to instantiate appender of type [org.apache.cassandra.ConsoleAppender]
14:53:01,216 |-ERROR in ch.qos.logback.core.model.processor.AppenderModelHandler - Could not create an Appender of type [org.apache.cassandra.ConsoleAppender]. ch.qos.logback.core.util.DynamicClassLoadingException: Failed to instantiate type org.apache.cassandra.ConsoleAppender
	at ch.qos.logback.core.util.DynamicClassLoadingException: Failed to instantiate type org.apache.cassandra.ConsoleAppender
	at 	at ch.qos.logback.core.util.OptionHelper.instantiateByClassNameAndParameter(OptionHelper.java:69)
	at 	at ch.qos.logback.core.util.OptionHelper.instantiateByClassName(OptionHelper.java:44)
	at 	at ch.qos.logback.core.util.OptionHelper.instantiateByClassName(OptionHelper.java:33)
	at 	at ch.qos.logback.core.model.processor.AppenderModelHandler.handle(AppenderModelHandler.java:67)
	at 	at ch.qos.logback.core.model.processor.DefaultProcessor.secondPhaseTraverse(DefaultProcessor.java:241)
	at 	at ch.qos.logback.core.model.processor.DefaultProcessor.secondPhaseTraverse(DefaultProcessor.java:253)
	at 	at ch.qos.logback.core.model.processor.DefaultProcessor.traversalLoop(DefaultProcessor.java:90)
	at 	at ch.qos.logback.core.model.processor.DefaultProcessor.process(DefaultProcessor.java:106)
	at 	at ch.qos.logback.core.joran.GenericXMLConfigurator.processModel(GenericXMLConfigurator.java:222)
	at 	at ch.qos.logback.core.joran.GenericXMLConfigurator.doConfigure(GenericXMLConfigurator.java:178)
	at 	at ch.qos.logback.core.joran.GenericXMLConfigurator.doConfigure(GenericXMLConfigurator.java:123)
	at 	at ch.qos.logback.core.joran.GenericXMLConfigurator.doConfigure(GenericXMLConfigurator.java:66)
	at 	at ch.qos.logback.classic.util.DefaultJoranConfigurator.configureByResource(DefaultJoranConfigurator.java:68)
	at 	at ch.qos.logback.classic.util.DefaultJoranConfigurator.configure(DefaultJoranConfigurator.java:35)
	at 	at ch.qos.logback.classic.util.ContextInitializer.invokeConfigure(ContextInitializer.java:142)
	at 	at ch.qos.logback.classic.util.ContextInitializer.autoConfig(ContextInitializer.java:101)
	at 	at ch.qos.logback.classic.util.ContextInitializer.autoConfig(ContextInitializer.java:67)
	at 	at ch.qos.logback.classic.spi.LogbackServiceProvider.initializeLoggerContext(LogbackServiceProvider.java:51)
	at 	at ch.qos.logback.classic.spi.LogbackServiceProvider.initialize(LogbackServiceProvider.java:44)
	at 	at org.slf4j.LoggerFactory.bind(LoggerFactory.java:201)
	at 	at org.slf4j.LoggerFactory.performInitialization(LoggerFactory.java:187)
	at 	at org.slf4j.LoggerFactory.getProvider(LoggerFactory.java:511)
	at 	at org.slf4j.LoggerFactory.getILoggerFactory(LoggerFactory.java:497)
	at 	at org.slf4j.LoggerFactory.getLogger(LoggerFactory.java:446)
	at 	at org.slf4j.LoggerFactory.getLogger(LoggerFactory.java:472)
	at 	at org.apache.cassandra.utils.FBUtilities.<clinit>(FBUtilities.java:116)
	at 	at org.apache.cassandra.config.DatabaseDescriptor.<clinit>(DatabaseDescriptor.java:153)
	at 	at org.apache.cassandra.io.util.ChunkCacheFileHandleTest.initialize(ChunkCacheFileHandleTest.java:46)
	at 	at java.base/jdk.internal.reflect.NativeMethodAccessorImpl.invoke0(Native Method)
	at 	at java.base/jdk.internal.reflect.NativeMethodAccessorImpl.invoke(NativeMethodAccessorImpl.java:62)
	at 	at java.base/jdk.internal.reflect.DelegatingMethodAccessorImpl.invoke(DelegatingMethodAccessorImpl.java:43)
	at 	at java.base/java.lang.reflect.Method.invoke(Method.java:566)
	at 	at org.junit.runners.model.FrameworkMethod$1.runReflectiveCall(FrameworkMethod.java:50)
	at 	at org.junit.internal.runners.model.ReflectiveCallable.run(ReflectiveCallable.java:12)
	at 	at org.junit.runners.model.FrameworkMethod.invokeExplosively(FrameworkMethod.java:47)
	at 	at org.junit.internal.runners.statements.RunBefores.evaluate(RunBefores.java:24)
	at 	at org.junit.runners.ParentRunner.run(ParentRunner.java:363)
	at 	at org.junit.runners.Suite.runChild(Suite.java:128)
	at 	at org.junit.runners.Suite.runChild(Suite.java:27)
	at 	at org.junit.runners.ParentRunner$3.run(ParentRunner.java:290)
	at 	at org.junit.runners.ParentRunner$1.schedule(ParentRunner.java:71)
	at 	at org.junit.runners.ParentRunner.runChildren(ParentRunner.java:288)
	at 	at org.junit.runners.ParentRunner.access$000(ParentRunner.java:58)
	at 	at org.junit.runners.ParentRunner$2.evaluate(ParentRunner.java:268)
	at 	at org.junit.runners.ParentRunner.run(ParentRunner.java:363)
	at 	at org.junit.runner.JUnitCore.run(JUnitCore.java:137)
	at 	at org.junit.runner.JUnitCore.run(JUnitCore.java:115)
	at 	at org.junit.runner.JUnitCore.runMain(JUnitCore.java:77)
	at 	at org.junit.runner.JUnitCore.main(JUnitCore.java:36)
Caused by: java.lang.ClassNotFoundException: org.apache.cassandra.ConsoleAppender
	at 	at java.base/jdk.internal.loader.BuiltinClassLoader.loadClass(BuiltinClassLoader.java:581)
	at 	at java.base/jdk.internal.loader.ClassLoaders$AppClassLoader.loadClass(ClassLoaders.java:178)
	at 	at java.base/java.lang.ClassLoader.loadClass(ClassLoader.java:527)
	at 	at ch.qos.logback.core.util.OptionHelper.instantiateByClassNameAndParameter(OptionHelper.java:56)
	at 	... 48 common frames omitted
14:53:01,216 |-ERROR in ch.qos.logback.core.model.processor.DefaultProcessor@31e5415e - Failed to traverse model appender ch.qos.logback.core.model.processor.ModelHandlerException: ch.qos.logback.core.util.DynamicClassLoadingException: Failed to instantiate type org.apache.cassandra.ConsoleAppender
	at ch.qos.logback.core.model.processor.ModelHandlerException: ch.qos.logback.core.util.DynamicClassLoadingException: Failed to instantiate type org.apache.cassandra.ConsoleAppender
	at 	at ch.qos.logback.core.model.processor.AppenderModelHandler.handle(AppenderModelHandler.java:75)
	at 	at ch.qos.logback.core.model.processor.DefaultProcessor.secondPhaseTraverse(DefaultProcessor.java:241)
	at 	at ch.qos.logback.core.model.processor.DefaultProcessor.secondPhaseTraverse(DefaultProcessor.java:253)
	at 	at ch.qos.logback.core.model.processor.DefaultProcessor.traversalLoop(DefaultProcessor.java:90)
	at 	at ch.qos.logback.core.model.processor.DefaultProcessor.process(DefaultProcessor.java:106)
	at 	at ch.qos.logback.core.joran.GenericXMLConfigurator.processModel(GenericXMLConfigurator.java:222)
	at 	at ch.qos.logback.core.joran.GenericXMLConfigurator.doConfigure(GenericXMLConfigurator.java:178)
	at 	at ch.qos.logback.core.joran.GenericXMLConfigurator.doConfigure(GenericXMLConfigurator.java:123)
	at 	at ch.qos.logback.core.joran.GenericXMLConfigurator.doConfigure(GenericXMLConfigurator.java:66)
	at 	at ch.qos.logback.classic.util.DefaultJoranConfigurator.configureByResource(DefaultJoranConfigurator.java:68)
	at 	at ch.qos.logback.classic.util.DefaultJoranConfigurator.configure(DefaultJoranConfigurator.java:35)
	at 	at ch.qos.logback.classic.util.ContextInitializer.invokeConfigure(ContextInitializer.java:142)
	at 	at ch.qos.logback.classic.util.ContextInitializer.autoConfig(ContextInitializer.java:101)
	at 	at ch.qos.logback.classic.util.ContextInitializer.autoConfig(ContextInitializer.java:67)
	at 	at ch.qos.logback.classic.spi.LogbackServiceProvider.initializeLoggerContext(LogbackServiceProvider.java:51)
	at 	at ch.qos.logback.classic.spi.LogbackServiceProvider.initialize(LogbackServiceProvider.java:44)
	at 	at org.slf4j.LoggerFactory.bind(LoggerFactory.java:201)
	at 	at org.slf4j.LoggerFactory.performInitialization(LoggerFactory.java:187)
	at 	at org.slf4j.LoggerFactory.getProvider(LoggerFactory.java:511)
	at 	at org.slf4j.LoggerFactory.getILoggerFactory(LoggerFactory.java:497)
	at 	at org.slf4j.LoggerFactory.getLogger(LoggerFactory.java:446)
	at 	at org.slf4j.LoggerFactory.getLogger(LoggerFactory.java:472)
	at 	at org.apache.cassandra.utils.FBUtilities.<clinit>(FBUtilities.java:116)
	at 	at org.apache.cassandra.config.DatabaseDescriptor.<clinit>(DatabaseDescriptor.java:153)
	at 	at org.apache.cassandra.io.util.ChunkCacheFileHandleTest.initialize(ChunkCacheFileHandleTest.java:46)
	at 	at java.base/jdk.internal.reflect.NativeMethodAccessorImpl.invoke0(Native Method)
	at 	at java.base/jdk.internal.reflect.NativeMethodAccessorImpl.invoke(NativeMethodAccessorImpl.java:62)
	at 	at java.base/jdk.internal.reflect.DelegatingMethodAccessorImpl.invoke(DelegatingMethodAccessorImpl.java:43)
	at 	at java.base/java.lang.reflect.Method.invoke(Method.java:566)
	at 	at org.junit.runners.model.FrameworkMethod$1.runReflectiveCall(FrameworkMethod.java:50)
	at 	at org.junit.internal.runners.model.ReflectiveCallable.run(ReflectiveCallable.java:12)
	at 	at org.junit.runners.model.FrameworkMethod.invokeExplosively(FrameworkMethod.java:47)
	at 	at org.junit.internal.runners.statements.RunBefores.evaluate(RunBefores.java:24)
	at 	at org.junit.runners.ParentRunner.run(ParentRunner.java:363)
	at 	at org.junit.runners.Suite.runChild(Suite.java:128)
	at 	at org.junit.runners.Suite.runChild(Suite.java:27)
	at 	at org.junit.runners.ParentRunner$3.run(ParentRunner.java:290)
	at 	at org.junit.runners.ParentRunner$1.schedule(ParentRunner.java:71)
	at 	at org.junit.runners.ParentRunner.runChildren(ParentRunner.java:288)
	at 	at org.junit.runners.ParentRunner.access$000(ParentRunner.java:58)
	at 	at org.junit.runners.ParentRunner$2.evaluate(ParentRunner.java:268)
	at 	at org.junit.runners.ParentRunner.run(ParentRunner.java:363)
	at 	at org.junit.runner.JUnitCore.run(JUnitCore.java:137)
	at 	at org.junit.runner.JUnitCore.run(JUnitCore.java:115)
	at 	at org.junit.runner.JUnitCore.runMain(JUnitCore.java:77)
	at 	at org.junit.runner.JUnitCore.main(JUnitCore.java:36)
Caused by: ch.qos.logback.core.util.DynamicClassLoadingException: Failed to instantiate type org.apache.cassandra.ConsoleAppender
	at 	at ch.qos.logback.core.util.OptionHelper.instantiateByClassNameAndParameter(OptionHelper.java:69)
	at 	at ch.qos.logback.core.util.OptionHelper.instantiateByClassName(OptionHelper.java:44)
	at 	at ch.qos.logback.core.util.OptionHelper.instantiateByClassName(OptionHelper.java:33)
	at 	at ch.qos.logback.core.model.processor.AppenderModelHandler.handle(AppenderModelHandler.java:67)
	at 	... 45 common frames omitted
Caused by: java.lang.ClassNotFoundException: org.apache.cassandra.ConsoleAppender
	at 	at java.base/jdk.internal.loader.BuiltinClassLoader.loadClass(BuiltinClassLoader.java:581)
	at 	at java.base/jdk.internal.loader.ClassLoaders$AppClassLoader.loadClass(ClassLoaders.java:178)
	at 	at java.base/java.lang.ClassLoader.loadClass(ClassLoader.java:527)
	at 	at ch.qos.logback.core.util.OptionHelper.instantiateByClassNameAndParameter(OptionHelper.java:56)
	at 	... 48 common frames omitted
14:53:01,218 |-INFO in ch.qos.logback.classic.model.processor.LoggerModelHandler - Setting level of logger [org.apache.hadoop] to WARN
14:53:01,218 |-INFO in ch.qos.logback.classic.model.processor.LoggerModelHandler - Setting level of logger [org.apache.cassandra.db.monitoring] to DEBUG
14:53:01,218 |-ERROR in ch.qos.logback.core.model.processor.StatusListenerModelHandler - Could not create an StatusListener of type [org.apache.cassandra.LogbackStatusListener]. ch.qos.logback.core.util.DynamicClassLoadingException: Failed to instantiate type org.apache.cassandra.LogbackStatusListener
	at ch.qos.logback.core.util.DynamicClassLoadingException: Failed to instantiate type org.apache.cassandra.LogbackStatusListener
	at 	at ch.qos.logback.core.util.OptionHelper.instantiateByClassNameAndParameter(OptionHelper.java:69)
	at 	at ch.qos.logback.core.util.OptionHelper.instantiateByClassName(OptionHelper.java:44)
	at 	at ch.qos.logback.core.util.OptionHelper.instantiateByClassName(OptionHelper.java:33)
	at 	at ch.qos.logback.core.model.processor.StatusListenerModelHandler.handle(StatusListenerModelHandler.java:46)
	at 	at ch.qos.logback.core.model.processor.DefaultProcessor.secondPhaseTraverse(DefaultProcessor.java:241)
	at 	at ch.qos.logback.core.model.processor.DefaultProcessor.secondPhaseTraverse(DefaultProcessor.java:253)
	at 	at ch.qos.logback.core.model.processor.DefaultProcessor.traversalLoop(DefaultProcessor.java:90)
	at 	at ch.qos.logback.core.model.processor.DefaultProcessor.process(DefaultProcessor.java:106)
	at 	at ch.qos.logback.core.joran.GenericXMLConfigurator.processModel(GenericXMLConfigurator.java:222)
	at 	at ch.qos.logback.core.joran.GenericXMLConfigurator.doConfigure(GenericXMLConfigurator.java:178)
	at 	at ch.qos.logback.core.joran.GenericXMLConfigurator.doConfigure(GenericXMLConfigurator.java:123)
	at 	at ch.qos.logback.core.joran.GenericXMLConfigurator.doConfigure(GenericXMLConfigurator.java:66)
	at 	at ch.qos.logback.classic.util.DefaultJoranConfigurator.configureByResource(DefaultJoranConfigurator.java:68)
	at 	at ch.qos.logback.classic.util.DefaultJoranConfigurator.configure(DefaultJoranConfigurator.java:35)
	at 	at ch.qos.logback.classic.util.ContextInitializer.invokeConfigure(ContextInitializer.java:142)
	at 	at ch.qos.logback.classic.util.ContextInitializer.autoConfig(ContextInitializer.java:101)
	at 	at ch.qos.logback.classic.util.ContextInitializer.autoConfig(ContextInitializer.java:67)
	at 	at ch.qos.logback.classic.spi.LogbackServiceProvider.initializeLoggerContext(LogbackServiceProvider.java:51)
	at 	at ch.qos.logback.classic.spi.LogbackServiceProvider.initialize(LogbackServiceProvider.java:44)
	at 	at org.slf4j.LoggerFactory.bind(LoggerFactory.java:201)
	at 	at org.slf4j.LoggerFactory.performInitialization(LoggerFactory.java:187)
	at 	at org.slf4j.LoggerFactory.getProvider(LoggerFactory.java:511)
	at 	at org.slf4j.LoggerFactory.getILoggerFactory(LoggerFactory.java:497)
	at 	at org.slf4j.LoggerFactory.getLogger(LoggerFactory.java:446)
	at 	at org.slf4j.LoggerFactory.getLogger(LoggerFactory.java:472)
	at 	at org.apache.cassandra.utils.FBUtilities.<clinit>(FBUtilities.java:116)
	at 	at org.apache.cassandra.config.DatabaseDescriptor.<clinit>(DatabaseDescriptor.java:153)
	at 	at org.apache.cassandra.io.util.ChunkCacheFileHandleTest.initialize(ChunkCacheFileHandleTest.java:46)
	at 	at java.base/jdk.internal.reflect.NativeMethodAccessorImpl.invoke0(Native Method)
	at 	at java.base/jdk.internal.reflect.NativeMethodAccessorImpl.invoke(NativeMethodAccessorImpl.java:62)
	at 	at java.base/jdk.internal.reflect.DelegatingMethodAccessorImpl.invoke(DelegatingMethodAccessorImpl.java:43)
	at 	at java.base/java.lang.reflect.Method.invoke(Method.java:566)
	at 	at org.junit.runners.model.FrameworkMethod$1.runReflectiveCall(FrameworkMethod.java:50)
	at 	at org.junit.internal.runners.model.ReflectiveCallable.run(ReflectiveCallable.java:12)
	at 	at org.junit.runners.model.FrameworkMethod.invokeExplosively(FrameworkMethod.java:47)
	at 	at org.junit.internal.runners.statements.RunBefores.evaluate(RunBefores.java:24)
	at 	at org.junit.runners.ParentRunner.run(ParentRunner.java:363)
	at 	at org.junit.runners.Suite.runChild(Suite.java:128)
	at 	at org.junit.runners.Suite.runChild(Suite.java:27)
	at 	at org.junit.runners.ParentRunner$3.run(ParentRunner.java:290)
	at 	at org.junit.runners.ParentRunner$1.schedule(ParentRunner.java:71)
	at 	at org.junit.runners.ParentRunner.runChildren(ParentRunner.java:288)
	at 	at org.junit.runners.ParentRunner.access$000(ParentRunner.java:58)
	at 	at org.junit.runners.ParentRunner$2.evaluate(ParentRunner.java:268)
	at 	at org.junit.runners.ParentRunner.run(ParentRunner.java:363)
	at 	at org.junit.runner.JUnitCore.run(JUnitCore.java:137)
	at 	at org.junit.runner.JUnitCore.run(JUnitCore.java:115)
	at 	at org.junit.runner.JUnitCore.runMain(JUnitCore.java:77)
	at 	at org.junit.runner.JUnitCore.main(JUnitCore.java:36)
Caused by: java.lang.ClassNotFoundException: org.apache.cassandra.LogbackStatusListener
	at 	at java.base/jdk.internal.loader.BuiltinClassLoader.loadClass(BuiltinClassLoader.java:581)
	at 	at java.base/jdk.internal.loader.ClassLoaders$AppClassLoader.loadClass(ClassLoaders.java:178)
	at 	at java.base/java.lang.ClassLoader.loadClass(ClassLoader.java:527)
	at 	at ch.qos.logback.core.util.OptionHelper.instantiateByClassNameAndParameter(OptionHelper.java:56)
	at 	... 48 common frames omitted
14:53:01,218 |-ERROR in ch.qos.logback.core.model.processor.DefaultProcessor@31e5415e - Failed to traverse model statusListener ch.qos.logback.core.model.processor.ModelHandlerException: ch.qos.logback.core.util.DynamicClassLoadingException: Failed to instantiate type org.apache.cassandra.LogbackStatusListener
	at ch.qos.logback.core.model.processor.ModelHandlerException: ch.qos.logback.core.util.DynamicClassLoadingException: Failed to instantiate type org.apache.cassandra.LogbackStatusListener
	at 	at ch.qos.logback.core.model.processor.StatusListenerModelHandler.handle(StatusListenerModelHandler.java:57)
	at 	at ch.qos.logback.core.model.processor.DefaultProcessor.secondPhaseTraverse(DefaultProcessor.java:241)
	at 	at ch.qos.logback.core.model.processor.DefaultProcessor.secondPhaseTraverse(DefaultProcessor.java:253)
	at 	at ch.qos.logback.core.model.processor.DefaultProcessor.traversalLoop(DefaultProcessor.java:90)
	at 	at ch.qos.logback.core.model.processor.DefaultProcessor.process(DefaultProcessor.java:106)
	at 	at ch.qos.logback.core.joran.GenericXMLConfigurator.processModel(GenericXMLConfigurator.java:222)
	at 	at ch.qos.logback.core.joran.GenericXMLConfigurator.doConfigure(GenericXMLConfigurator.java:178)
	at 	at ch.qos.logback.core.joran.GenericXMLConfigurator.doConfigure(GenericXMLConfigurator.java:123)
	at 	at ch.qos.logback.core.joran.GenericXMLConfigurator.doConfigure(GenericXMLConfigurator.java:66)
	at 	at ch.qos.logback.classic.util.DefaultJoranConfigurator.configureByResource(DefaultJoranConfigurator.java:68)
	at 	at ch.qos.logback.classic.util.DefaultJoranConfigurator.configure(DefaultJoranConfigurator.java:35)
	at 	at ch.qos.logback.classic.util.ContextInitializer.invokeConfigure(ContextInitializer.java:142)
	at 	at ch.qos.logback.classic.util.ContextInitializer.autoConfig(ContextInitializer.java:101)
	at 	at ch.qos.logback.classic.util.ContextInitializer.autoConfig(ContextInitializer.java:67)
	at 	at ch.qos.logback.classic.spi.LogbackServiceProvider.initializeLoggerContext(LogbackServiceProvider.java:51)
	at 	at ch.qos.logback.classic.spi.LogbackServiceProvider.initialize(LogbackServiceProvider.java:44)
	at 	at org.slf4j.LoggerFactory.bind(LoggerFactory.java:201)
	at 	at org.slf4j.LoggerFactory.performInitialization(LoggerFactory.java:187)
	at 	at org.slf4j.LoggerFactory.getProvider(LoggerFactory.java:511)
	at 	at org.slf4j.LoggerFactory.getILoggerFactory(LoggerFactory.java:497)
	at 	at org.slf4j.LoggerFactory.getLogger(LoggerFactory.java:446)
	at 	at org.slf4j.LoggerFactory.getLogger(LoggerFactory.java:472)
	at 	at org.apache.cassandra.utils.FBUtilities.<clinit>(FBUtilities.java:116)
	at 	at org.apache.cassandra.config.DatabaseDescriptor.<clinit>(DatabaseDescriptor.java:153)
	at 	at org.apache.cassandra.io.util.ChunkCacheFileHandleTest.initialize(ChunkCacheFileHandleTest.java:46)
	at 	at java.base/jdk.internal.reflect.NativeMethodAccessorImpl.invoke0(Native Method)
	at 	at java.base/jdk.internal.reflect.NativeMethodAccessorImpl.invoke(NativeMethodAccessorImpl.java:62)
	at 	at java.base/jdk.internal.reflect.DelegatingMethodAccessorImpl.invoke(DelegatingMethodAccessorImpl.java:43)
	at 	at java.base/java.lang.reflect.Method.invoke(Method.java:566)
	at 	at org.junit.runners.model.FrameworkMethod$1.runReflectiveCall(FrameworkMethod.java:50)
	at 	at org.junit.internal.runners.model.ReflectiveCallable.run(ReflectiveCallable.java:12)
	at 	at org.junit.runners.model.FrameworkMethod.invokeExplosively(FrameworkMethod.java:47)
	at 	at org.junit.internal.runners.statements.RunBefores.evaluate(RunBefores.java:24)
	at 	at org.junit.runners.ParentRunner.run(ParentRunner.java:363)
	at 	at org.junit.runners.Suite.runChild(Suite.java:128)
	at 	at org.junit.runners.Suite.runChild(Suite.java:27)
	at 	at org.junit.runners.ParentRunner$3.run(ParentRunner.java:290)
	at 	at org.junit.runners.ParentRunner$1.schedule(ParentRunner.java:71)
	at 	at org.junit.runners.ParentRunner.runChildren(ParentRunner.java:288)
	at 	at org.junit.runners.ParentRunner.access$000(ParentRunner.java:58)
	at 	at org.junit.runners.ParentRunner$2.evaluate(ParentRunner.java:268)
	at 	at org.junit.runners.ParentRunner.run(ParentRunner.java:363)
	at 	at org.junit.runner.JUnitCore.run(JUnitCore.java:137)
	at 	at org.junit.runner.JUnitCore.run(JUnitCore.java:115)
	at 	at org.junit.runner.JUnitCore.runMain(JUnitCore.java:77)
	at 	at org.junit.runner.JUnitCore.main(JUnitCore.java:36)
Caused by: ch.qos.logback.core.util.DynamicClassLoadingException: Failed to instantiate type org.apache.cassandra.LogbackStatusListener
	at 	at ch.qos.logback.core.util.OptionHelper.instantiateByClassNameAndParameter(OptionHelper.java:69)
	at 	at ch.qos.logback.core.util.OptionHelper.instantiateByClassName(OptionHelper.java:44)
	at 	at ch.qos.logback.core.util.OptionHelper.instantiateByClassName(OptionHelper.java:33)
	at 	at ch.qos.logback.core.model.processor.StatusListenerModelHandler.handle(StatusListenerModelHandler.java:46)
	at 	... 45 common frames omitted
Caused by: java.lang.ClassNotFoundException: org.apache.cassandra.LogbackStatusListener
	at 	at java.base/jdk.internal.loader.BuiltinClassLoader.loadClass(BuiltinClassLoader.java:581)
	at 	at java.base/jdk.internal.loader.ClassLoaders$AppClassLoader.loadClass(ClassLoaders.java:178)
	at 	at java.base/java.lang.ClassLoader.loadClass(ClassLoader.java:527)
	at 	at ch.qos.logback.core.util.OptionHelper.instantiateByClassNameAndParameter(OptionHelper.java:56)
	at 	... 48 common frames omitted
14:53:01,218 |-INFO in ch.qos.logback.core.model.processor.AppenderModelHandler - Processing appender named [STDOUT]
14:53:01,218 |-INFO in ch.qos.logback.core.model.processor.AppenderModelHandler - About to instantiate appender of type [org.apache.cassandra.ConsoleAppender]
14:53:01,218 |-ERROR in ch.qos.logback.core.model.processor.AppenderModelHandler - Could not create an Appender of type [org.apache.cassandra.ConsoleAppender]. ch.qos.logback.core.util.DynamicClassLoadingException: Failed to instantiate type org.apache.cassandra.ConsoleAppender
	at ch.qos.logback.core.util.DynamicClassLoadingException: Failed to instantiate type org.apache.cassandra.ConsoleAppender
	at 	at ch.qos.logback.core.util.OptionHelper.instantiateByClassNameAndParameter(OptionHelper.java:69)
	at 	at ch.qos.logback.core.util.OptionHelper.instantiateByClassName(OptionHelper.java:44)
	at 	at ch.qos.logback.core.util.OptionHelper.instantiateByClassName(OptionHelper.java:33)
	at 	at ch.qos.logback.core.model.processor.AppenderModelHandler.handle(AppenderModelHandler.java:67)
	at 	at ch.qos.logback.core.model.processor.DefaultProcessor.secondPhaseTraverse(DefaultProcessor.java:241)
	at 	at ch.qos.logback.core.model.processor.DefaultProcessor.secondPhaseTraverse(DefaultProcessor.java:253)
	at 	at ch.qos.logback.core.model.processor.DefaultProcessor.traversalLoop(DefaultProcessor.java:90)
	at 	at ch.qos.logback.core.model.processor.DefaultProcessor.process(DefaultProcessor.java:106)
	at 	at ch.qos.logback.core.joran.GenericXMLConfigurator.processModel(GenericXMLConfigurator.java:222)
	at 	at ch.qos.logback.core.joran.GenericXMLConfigurator.doConfigure(GenericXMLConfigurator.java:178)
	at 	at ch.qos.logback.core.joran.GenericXMLConfigurator.doConfigure(GenericXMLConfigurator.java:123)
	at 	at ch.qos.logback.core.joran.GenericXMLConfigurator.doConfigure(GenericXMLConfigurator.java:66)
	at 	at ch.qos.logback.classic.util.DefaultJoranConfigurator.configureByResource(DefaultJoranConfigurator.java:68)
	at 	at ch.qos.logback.classic.util.DefaultJoranConfigurator.configure(DefaultJoranConfigurator.java:35)
	at 	at ch.qos.logback.classic.util.ContextInitializer.invokeConfigure(ContextInitializer.java:142)
	at 	at ch.qos.logback.classic.util.ContextInitializer.autoConfig(ContextInitializer.java:101)
	at 	at ch.qos.logback.classic.util.ContextInitializer.autoConfig(ContextInitializer.java:67)
	at 	at ch.qos.logback.classic.spi.LogbackServiceProvider.initializeLoggerContext(LogbackServiceProvider.java:51)
	at 	at ch.qos.logback.classic.spi.LogbackServiceProvider.initialize(LogbackServiceProvider.java:44)
	at 	at org.slf4j.LoggerFactory.bind(LoggerFactory.java:201)
	at 	at org.slf4j.LoggerFactory.performInitialization(LoggerFactory.java:187)
	at 	at org.slf4j.LoggerFactory.getProvider(LoggerFactory.java:511)
	at 	at org.slf4j.LoggerFactory.getILoggerFactory(LoggerFactory.java:497)
	at 	at org.slf4j.LoggerFactory.getLogger(LoggerFactory.java:446)
	at 	at org.slf4j.LoggerFactory.getLogger(LoggerFactory.java:472)
	at 	at org.apache.cassandra.utils.FBUtilities.<clinit>(FBUtilities.java:116)
	at 	at org.apache.cassandra.config.DatabaseDescriptor.<clinit>(DatabaseDescriptor.java:153)
	at 	at org.apache.cassandra.io.util.ChunkCacheFileHandleTest.initialize(ChunkCacheFileHandleTest.java:46)
	at 	at java.base/jdk.internal.reflect.NativeMethodAccessorImpl.invoke0(Native Method)
	at 	at java.base/jdk.internal.reflect.NativeMethodAccessorImpl.invoke(NativeMethodAccessorImpl.java:62)
	at 	at java.base/jdk.internal.reflect.DelegatingMethodAccessorImpl.invoke(DelegatingMethodAccessorImpl.java:43)
	at 	at java.base/java.lang.reflect.Method.invoke(Method.java:566)
	at 	at org.junit.runners.model.FrameworkMethod$1.runReflectiveCall(FrameworkMethod.java:50)
	at 	at org.junit.internal.runners.model.ReflectiveCallable.run(ReflectiveCallable.java:12)
	at 	at org.junit.runners.model.FrameworkMethod.invokeExplosively(FrameworkMethod.java:47)
	at 	at org.junit.internal.runners.statements.RunBefores.evaluate(RunBefores.java:24)
	at 	at org.junit.runners.ParentRunner.run(ParentRunner.java:363)
	at 	at org.junit.runners.Suite.runChild(Suite.java:128)
	at 	at org.junit.runners.Suite.runChild(Suite.java:27)
	at 	at org.junit.runners.ParentRunner$3.run(ParentRunner.java:290)
	at 	at org.junit.runners.ParentRunner$1.schedule(ParentRunner.java:71)
	at 	at org.junit.runners.ParentRunner.runChildren(ParentRunner.java:288)
	at 	at org.junit.runners.ParentRunner.access$000(ParentRunner.java:58)
	at 	at org.junit.runners.ParentRunner$2.evaluate(ParentRunner.java:268)
	at 	at org.junit.runners.ParentRunner.run(ParentRunner.java:363)
	at 	at org.junit.runner.JUnitCore.run(JUnitCore.java:137)
	at 	at org.junit.runner.JUnitCore.run(JUnitCore.java:115)
	at 	at org.junit.runner.JUnitCore.runMain(JUnitCore.java:77)
	at 	at org.junit.runner.JUnitCore.main(JUnitCore.java:36)
Caused by: java.lang.ClassNotFoundException: org.apache.cassandra.ConsoleAppender
	at 	at java.base/jdk.internal.loader.BuiltinClassLoader.loadClass(BuiltinClassLoader.java:581)
	at 	at java.base/jdk.internal.loader.ClassLoaders$AppClassLoader.loadClass(ClassLoaders.java:178)
	at 	at java.base/java.lang.ClassLoader.loadClass(ClassLoader.java:527)
	at 	at ch.qos.logback.core.util.OptionHelper.instantiateByClassNameAndParameter(OptionHelper.java:56)
	at 	... 48 common frames omitted
14:53:01,218 |-ERROR in ch.qos.logback.core.model.processor.DefaultProcessor@31e5415e - Failed to traverse model appender ch.qos.logback.core.model.processor.ModelHandlerException: ch.qos.logback.core.util.DynamicClassLoadingException: Failed to instantiate type org.apache.cassandra.ConsoleAppender
	at ch.qos.logback.core.model.processor.ModelHandlerException: ch.qos.logback.core.util.DynamicClassLoadingException: Failed to instantiate type org.apache.cassandra.ConsoleAppender
	at 	at ch.qos.logback.core.model.processor.AppenderModelHandler.handle(AppenderModelHandler.java:75)
	at 	at ch.qos.logback.core.model.processor.DefaultProcessor.secondPhaseTraverse(DefaultProcessor.java:241)
	at 	at ch.qos.logback.core.model.processor.DefaultProcessor.secondPhaseTraverse(DefaultProcessor.java:253)
	at 	at ch.qos.logback.core.model.processor.DefaultProcessor.traversalLoop(DefaultProcessor.java:90)
	at 	at ch.qos.logback.core.model.processor.DefaultProcessor.process(DefaultProcessor.java:106)
	at 	at ch.qos.logback.core.joran.GenericXMLConfigurator.processModel(GenericXMLConfigurator.java:222)
	at 	at ch.qos.logback.core.joran.GenericXMLConfigurator.doConfigure(GenericXMLConfigurator.java:178)
	at 	at ch.qos.logback.core.joran.GenericXMLConfigurator.doConfigure(GenericXMLConfigurator.java:123)
	at 	at ch.qos.logback.core.joran.GenericXMLConfigurator.doConfigure(GenericXMLConfigurator.java:66)
	at 	at ch.qos.logback.classic.util.DefaultJoranConfigurator.configureByResource(DefaultJoranConfigurator.java:68)
	at 	at ch.qos.logback.classic.util.DefaultJoranConfigurator.configure(DefaultJoranConfigurator.java:35)
	at 	at ch.qos.logback.classic.util.ContextInitializer.invokeConfigure(ContextInitializer.java:142)
	at 	at ch.qos.logback.classic.util.ContextInitializer.autoConfig(ContextInitializer.java:101)
	at 	at ch.qos.logback.classic.util.ContextInitializer.autoConfig(ContextInitializer.java:67)
	at 	at ch.qos.logback.classic.spi.LogbackServiceProvider.initializeLoggerContext(LogbackServiceProvider.java:51)
	at 	at ch.qos.logback.classic.spi.LogbackServiceProvider.initialize(LogbackServiceProvider.java:44)
	at 	at org.slf4j.LoggerFactory.bind(LoggerFactory.java:201)
	at 	at org.slf4j.LoggerFactory.performInitialization(LoggerFactory.java:187)
	at 	at org.slf4j.LoggerFactory.getProvider(LoggerFactory.java:511)
	at 	at org.slf4j.LoggerFactory.getILoggerFactory(LoggerFactory.java:497)
	at 	at org.slf4j.LoggerFactory.getLogger(LoggerFactory.java:446)
	at 	at org.slf4j.LoggerFactory.getLogger(LoggerFactory.java:472)
	at 	at org.apache.cassandra.utils.FBUtilities.<clinit>(FBUtilities.java:116)
	at 	at org.apache.cassandra.config.DatabaseDescriptor.<clinit>(DatabaseDescriptor.java:153)
	at 	at org.apache.cassandra.io.util.ChunkCacheFileHandleTest.initialize(ChunkCacheFileHandleTest.java:46)
	at 	at java.base/jdk.internal.reflect.NativeMethodAccessorImpl.invoke0(Native Method)
	at 	at java.base/jdk.internal.reflect.NativeMethodAccessorImpl.invoke(NativeMethodAccessorImpl.java:62)
	at 	at java.base/jdk.internal.reflect.DelegatingMethodAccessorImpl.invoke(DelegatingMethodAccessorImpl.java:43)
	at 	at java.base/java.lang.reflect.Method.invoke(Method.java:566)
	at 	at org.junit.runners.model.FrameworkMethod$1.runReflectiveCall(FrameworkMethod.java:50)
	at 	at org.junit.internal.runners.model.ReflectiveCallable.run(ReflectiveCallable.java:12)
	at 	at org.junit.runners.model.FrameworkMethod.invokeExplosively(FrameworkMethod.java:47)
	at 	at org.junit.internal.runners.statements.RunBefores.evaluate(RunBefores.java:24)
	at 	at org.junit.runners.ParentRunner.run(ParentRunner.java:363)
	at 	at org.junit.runners.Suite.runChild(Suite.java:128)
	at 	at org.junit.runners.Suite.runChild(Suite.java:27)
	at 	at org.junit.runners.ParentRunner$3.run(ParentRunner.java:290)
	at 	at org.junit.runners.ParentRunner$1.schedule(ParentRunner.java:71)
	at 	at org.junit.runners.ParentRunner.runChildren(ParentRunner.java:288)
	at 	at org.junit.runners.ParentRunner.access$000(ParentRunner.java:58)
	at 	at org.junit.runners.ParentRunner$2.evaluate(ParentRunner.java:268)
	at 	at org.junit.runners.ParentRunner.run(ParentRunner.java:363)
	at 	at org.junit.runner.JUnitCore.run(JUnitCore.java:137)
	at 	at org.junit.runner.JUnitCore.run(JUnitCore.java:115)
	at 	at org.junit.runner.JUnitCore.runMain(JUnitCore.java:77)
	at 	at org.junit.runner.JUnitCore.main(JUnitCore.java:36)
Caused by: ch.qos.logback.core.util.DynamicClassLoadingException: Failed to instantiate type org.apache.cassandra.ConsoleAppender
	at 	at ch.qos.logback.core.util.OptionHelper.instantiateByClassNameAndParameter(OptionHelper.java:69)
	at 	at ch.qos.logback.core.util.OptionHelper.instantiateByClassName(OptionHelper.java:44)
	at 	at ch.qos.logback.core.util.OptionHelper.instantiateByClassName(OptionHelper.java:33)
	at 	at ch.qos.logback.core.model.processor.AppenderModelHandler.handle(AppenderModelHandler.java:67)
	at 	... 45 common frames omitted
Caused by: java.lang.ClassNotFoundException: org.apache.cassandra.ConsoleAppender
	at 	at java.base/jdk.internal.loader.BuiltinClassLoader.loadClass(BuiltinClassLoader.java:581)
	at 	at java.base/jdk.internal.loader.ClassLoaders$AppClassLoader.loadClass(ClassLoaders.java:178)
	at 	at java.base/java.lang.ClassLoader.loadClass(ClassLoader.java:527)
	at 	at ch.qos.logback.core.util.OptionHelper.instantiateByClassNameAndParameter(OptionHelper.java:56)
	at 	... 48 common frames omitted
14:53:01,218 |-INFO in ch.qos.logback.core.model.processor.DefaultProcessor@31e5415e - End of configuration.
14:53:01,219 |-INFO in ch.qos.logback.classic.joran.JoranConfigurator@1b6e1eff - Registering current configuration as safe fallback point
14:53:01,219 |-INFO in ch.qos.logback.classic.util.ContextInitializer@53976f5c - ch.qos.logback.classic.util.DefaultJoranConfigurator.configure() call lasted 96 milliseconds. ExecutionStatus=DO_NOT_INVOKE_NEXT_IF_ANY

.E..E.
Time: 0.568
There were 2 failures:
1) appendedTailDoesNotReuseAnEarlierShortRead(org.apache.cassandra.io.util.ChunkCacheFileHandleTest)
java.io.EOFException: EOF after 4096 bytes out of 8192
	at org.apache.cassandra.io.util.RebufferingInputStream.readFully(RebufferingInputStream.java:70)
	at org.apache.cassandra.io.util.RebufferingInputStream.readFully(RebufferingInputStream.java:62)
	at org.apache.cassandra.io.util.ChunkCacheFileHandleTest.appendedTailDoesNotReuseAnEarlierShortRead(ChunkCacheFileHandleTest.java:82)
	at java.base/jdk.internal.reflect.NativeMethodAccessorImpl.invoke0(Native Method)
	at java.base/jdk.internal.reflect.NativeMethodAccessorImpl.invoke(NativeMethodAccessorImpl.java:62)
	at java.base/jdk.internal.reflect.DelegatingMethodAccessorImpl.invoke(DelegatingMethodAccessorImpl.java:43)
	at java.base/java.lang.reflect.Method.invoke(Method.java:566)
	at org.junit.runners.model.FrameworkMethod$1.runReflectiveCall(FrameworkMethod.java:50)
	at org.junit.internal.runners.model.ReflectiveCallable.run(ReflectiveCallable.java:12)
	at org.junit.runners.model.FrameworkMethod.invokeExplosively(FrameworkMethod.java:47)
	at org.junit.internal.runners.statements.InvokeMethod.evaluate(InvokeMethod.java:17)
	at org.junit.rules.ExternalResource$1.evaluate(ExternalResource.java:48)
	at org.junit.rules.RunRules.evaluate(RunRules.java:20)
	at org.junit.runners.ParentRunner.runLeaf(ParentRunner.java:325)
	at org.junit.runners.BlockJUnit4ClassRunner.runChild(BlockJUnit4ClassRunner.java:78)
	at org.junit.runners.BlockJUnit4ClassRunner.runChild(BlockJUnit4ClassRunner.java:57)
	at org.junit.runners.ParentRunner$3.run(ParentRunner.java:290)
	at org.junit.runners.ParentRunner$1.schedule(ParentRunner.java:71)
	at org.junit.runners.ParentRunner.runChildren(ParentRunner.java:288)
	at org.junit.runners.ParentRunner.access$000(ParentRunner.java:58)
	at org.junit.runners.ParentRunner$2.evaluate(ParentRunner.java:268)
	at org.junit.internal.runners.statements.RunBefores.evaluate(RunBefores.java:26)
	at org.junit.runners.ParentRunner.run(ParentRunner.java:363)
	at org.junit.runners.Suite.runChild(Suite.java:128)
	at org.junit.runners.Suite.runChild(Suite.java:27)
	at org.junit.runners.ParentRunner$3.run(ParentRunner.java:290)
	at org.junit.runners.ParentRunner$1.schedule(ParentRunner.java:71)
	at org.junit.runners.ParentRunner.runChildren(ParentRunner.java:288)
	at org.junit.runners.ParentRunner.access$000(ParentRunner.java:58)
	at org.junit.runners.ParentRunner$2.evaluate(ParentRunner.java:268)
	at org.junit.runners.ParentRunner.run(ParentRunner.java:363)
	at org.junit.runner.JUnitCore.run(JUnitCore.java:137)
	at org.junit.runner.JUnitCore.run(JUnitCore.java:115)
	at org.junit.runner.JUnitCore.runMain(JUnitCore.java:77)
	at org.junit.runner.JUnitCore.main(JUnitCore.java:36)
2) differentChunkSizesDoNotShareAnUndersizedBuffer(org.apache.cassandra.io.util.ChunkCacheFileHandleTest)
java.lang.IllegalArgumentException: newPosition > limit: (7523 > 4096)
	at java.base/java.nio.Buffer.createPositionException(Buffer.java:318)
	at java.base/java.nio.Buffer.position(Buffer.java:293)
	at java.base/java.nio.ByteBuffer.position(ByteBuffer.java:1094)
	at java.base/java.nio.MappedByteBuffer.position(MappedByteBuffer.java:226)
	at java.base/java.nio.MappedByteBuffer.position(MappedByteBuffer.java:67)
	at org.apache.cassandra.io.util.RandomAccessReader.reBufferAt(RandomAccessReader.java:69)
	at org.apache.cassandra.io.util.RandomAccessReader.seek(RandomAccessReader.java:209)
	at org.apache.cassandra.io.util.ChunkCacheFileHandleTest.differentChunkSizesDoNotShareAnUndersizedBuffer(ChunkCacheFileHandleTest.java:62)
	at java.base/jdk.internal.reflect.NativeMethodAccessorImpl.invoke0(Native Method)
	at java.base/jdk.internal.reflect.NativeMethodAccessorImpl.invoke(NativeMethodAccessorImpl.java:62)
	at java.base/jdk.internal.reflect.DelegatingMethodAccessorImpl.invoke(DelegatingMethodAccessorImpl.java:43)
	at java.base/java.lang.reflect.Method.invoke(Method.java:566)
	at org.junit.runners.model.FrameworkMethod$1.runReflectiveCall(FrameworkMethod.java:50)
	at org.junit.internal.runners.model.ReflectiveCallable.run(ReflectiveCallable.java:12)
	at org.junit.runners.model.FrameworkMethod.invokeExplosively(FrameworkMethod.java:47)
	at org.junit.internal.runners.statements.InvokeMethod.evaluate(InvokeMethod.java:17)
	at org.junit.rules.ExternalResource$1.evaluate(ExternalResource.java:48)
	at org.junit.rules.RunRules.evaluate(RunRules.java:20)
	at org.junit.runners.ParentRunner.runLeaf(ParentRunner.java:325)
	at org.junit.runners.BlockJUnit4ClassRunner.runChild(BlockJUnit4ClassRunner.java:78)
	at org.junit.runners.BlockJUnit4ClassRunner.runChild(BlockJUnit4ClassRunner.java:57)
	at org.junit.runners.ParentRunner$3.run(ParentRunner.java:290)
	at org.junit.runners.ParentRunner$1.schedule(ParentRunner.java:71)
	at org.junit.runners.ParentRunner.runChildren(ParentRunner.java:288)
	at org.junit.runners.ParentRunner.access$000(ParentRunner.java:58)
	at org.junit.runners.ParentRunner$2.evaluate(ParentRunner.java:268)
	at org.junit.internal.runners.statements.RunBefores.evaluate(RunBefores.java:26)
	at org.junit.runners.ParentRunner.run(ParentRunner.java:363)
	at org.junit.runners.Suite.runChild(Suite.java:128)
	at org.junit.runners.Suite.runChild(Suite.java:27)
	at org.junit.runners.ParentRunner$3.run(ParentRunner.java:290)
	at org.junit.runners.ParentRunner$1.schedule(ParentRunner.java:71)
	at org.junit.runners.ParentRunner.runChildren(ParentRunner.java:288)
	at org.junit.runners.ParentRunner.access$000(ParentRunner.java:58)
	at org.junit.runners.ParentRunner$2.evaluate(ParentRunner.java:268)
	at org.junit.runners.ParentRunner.run(ParentRunner.java:363)
	at org.junit.runner.JUnitCore.run(JUnitCore.java:137)
	at org.junit.runner.JUnitCore.run(JUnitCore.java:115)
	at org.junit.runner.JUnitCore.runMain(JUnitCore.java:77)
	at org.junit.runner.JUnitCore.main(JUnitCore.java:36)

FAILURES!!!
Tests run: 4,  Failures: 2

