Buildfile: /home/dongju/vcomp/cassandra_vcomp/build.xml

init:

_resolver_download:

resolver-init:
[resolver:resolve] Resolving artifacts
[resolver:resolve] Resolving artifacts
[resolver:resolve] Resolving artifacts
[resolver:resolve] Resolving artifacts
[resolver:resolve] Resolving artifacts

write-poms:

resolver-retrieve-build:
[resolver:resolve] Resolving artifacts
[resolver:resolve] Resolving artifacts
    [unzip] Expanding: /home/dongju/vcomp/.m2/repository/org/jacoco/org.jacoco.agent/0.8.8/org.jacoco.agent-0.8.8.jar into /home/dongju/vcomp/cassandra_vcomp/build/lib/jars

check-gen-cql3-grammar:

gen-cql3-grammar:

generate-cql-html:

generate-jflex-java:

build-project:
     [echo] apache-cassandra: /home/dongju/vcomp/cassandra_vcomp/build.xml

_build_java:
     [echo] Compiling for Java 11...
    [javac] Compiling 1 source file to /home/dongju/vcomp/cassandra_vcomp/build/classes/main

_get-git-sha:
     [echo] git.is-available=true
     [echo] git.sha=c54ee7a65dbf467c0a162b4a61d632cd6de2ce30-dirty
     [echo] Repository state is dirty
     [echo]  cassandra_check/run_baseline_20g.sh                |  24 +-
     [echo]  cassandra_check/run_baseline_vcomp_20g_compare.sh  |   6 +-
     [echo]  .../run_existing_100g_paper_workloads.sh           | 137 ++++++++--
     [echo]  cassandra_check/run_pipeline_100g.sh               |  41 ++-
     [echo]  cassandra_check/src/CassandraPaperWorkload.java    | 284 ++++++++++++++++-----
     [echo]  .../src/CassandraVCompPipelineClient.java          |   8 +-
     [echo]  .../test/CassandraPaperWorkloadTest.java           | 185 +++++++++++++-
     [echo]  .../org/apache/cassandra/cache/ChunkCache.java     |  19 ++
     [echo]  .../vcomp/VCompCqlSstableMaterializer.java         |   7 +-
     [echo]  .../vcomp/VCompMaterializedKeyIterator.java        |  33 +--
     [echo]  .../db/compaction/vcomp/VCompUcsPlanner.java       |   9 +
     [echo]  .../org/apache/cassandra/tools/VCompBulkLoad.java  |   8 +-
     [echo]  .../vcomp/DefaultVirtualCompactionTest.java        |  17 +-
     [echo]  .../vcomp/VCompCqlSstableMaterializerTest.java     |  41 ++-
     [echo]  .../db/compaction/vcomp/VCompUcsPlannerTest.java   |   8 +
     [echo]  .../cassandra/run_fidelity_100g_campaign.sh        | 120 ++++++---
     [echo]  resources/plot_cassandra_baseline_compare.py       |  21 +-
     [echo]  resources/report.md                                |  23 ++
     [echo]  resources/summary.md                               |  29 +++
     [echo]  19 files changed, 837 insertions(+), 183 deletions(-)
     [echo] git.worktree.name=cassandra_vcomp
     [echo] git.branch.name=Vcomp-ssh

set-cqlsh-version:

_createVersionPropFile:
[propertyfile] Updating property file: /home/dongju/vcomp/cassandra_vcomp/src/resources/org/apache/cassandra/config/version.properties
     [copy] Copying 1 file to /home/dongju/vcomp/cassandra_vcomp/build/classes/main

build:

_main-jar:
      [jar] Building jar: /home/dongju/vcomp/cassandra_vcomp/build/apache-cassandra-5.0.9-SNAPSHOT.jar

stress-build:

_stress_build:

stress-build-test:

fqltool-build:

_fqltool_build:

resolver-dist-lib:
[resolver:resolve] Resolving artifacts
[resolver:resolve] Resolving artifacts
[resolver:resolve] Resolving artifacts

_resolver-dist-lib_get_files:
   [delete] Deleting: /home/dongju/vcomp/cassandra_vcomp/lib/netty-tcnative-boringssl-static-2.0.70.Final-windows-x86_64.jar
   [delete] Deleting: /home/dongju/vcomp/cassandra_vcomp/build/lib/jars/netty-tcnative-boringssl-static-2.0.70.Final-windows-x86_64.jar

simulator-asm-build:

_simulator-asm_build:

simulator-bootstrap-build:

_simulator-bootstrap_build:

simulator-jars:

build-test:

_build-test:
    [javac] Compiling 1 source file to /home/dongju/vcomp/cassandra_vcomp/build/test/classes

_check-test-names:
[check-test-names] OpenJDK 64-Bit Server VM warning: Option UseConcMarkSweepGC was deprecated in version 9.0 and will likely be removed in a future release.
[check-test-names] 14:53:38.293 [main] INFO org.reflections.Reflections -- Reflections took 520 ms to scan 3 urls, producing 1035 keys and 13591 values
[check-test-names] OpenJDK 64-Bit Server VM warning: Option UseConcMarkSweepGC was deprecated in version 9.0 and will likely be removed in a future release.
[check-test-names] 14:53:39.627 [main] INFO org.reflections.Reflections -- Reflections took 335 ms to scan 3 urls, producing 1035 keys and 13591 values

stress-jar:

fqltool-jar:

jar:

init:

_resolver_download:

resolver-init:

write-poms:

resolver-retrieve-build:
[resolver:resolve] Resolving artifacts
[resolver:resolve] Resolving artifacts
    [unzip] Expanding: /home/dongju/vcomp/.m2/repository/org/jacoco/org.jacoco.agent/0.8.8/org.jacoco.agent-0.8.8.jar into /home/dongju/vcomp/cassandra_vcomp/build/lib/jars

check-gen-cql3-grammar:

gen-cql3-grammar:

generate-cql-html:

generate-jflex-java:

build-project:
     [echo] apache-cassandra: /home/dongju/vcomp/cassandra_vcomp/build.xml

_build_java:
     [echo] Compiling for Java 11...

_get-git-sha:
     [echo] git.is-available=true
     [echo] git.sha=c54ee7a65dbf467c0a162b4a61d632cd6de2ce30-dirty
     [echo] Repository state is dirty
     [echo]  cassandra_check/run_baseline_20g.sh                |  24 +-
     [echo]  cassandra_check/run_baseline_vcomp_20g_compare.sh  |   6 +-
     [echo]  .../run_existing_100g_paper_workloads.sh           | 137 ++++++++--
     [echo]  cassandra_check/run_pipeline_100g.sh               |  41 ++-
     [echo]  cassandra_check/src/CassandraPaperWorkload.java    | 284 ++++++++++++++++-----
     [echo]  .../src/CassandraVCompPipelineClient.java          |   8 +-
     [echo]  .../test/CassandraPaperWorkloadTest.java           | 185 +++++++++++++-
     [echo]  .../org/apache/cassandra/cache/ChunkCache.java     |  19 ++
     [echo]  .../vcomp/VCompCqlSstableMaterializer.java         |   7 +-
     [echo]  .../vcomp/VCompMaterializedKeyIterator.java        |  33 +--
     [echo]  .../db/compaction/vcomp/VCompUcsPlanner.java       |   9 +
     [echo]  .../org/apache/cassandra/tools/VCompBulkLoad.java  |   8 +-
     [echo]  .../vcomp/DefaultVirtualCompactionTest.java        |  17 +-
     [echo]  .../vcomp/VCompCqlSstableMaterializerTest.java     |  41 ++-
     [echo]  .../db/compaction/vcomp/VCompUcsPlannerTest.java   |   8 +
     [echo]  .../cassandra/run_fidelity_100g_campaign.sh        | 120 ++++++---
     [echo]  resources/plot_cassandra_baseline_compare.py       |  21 +-
     [echo]  resources/report.md                                |  23 ++
     [echo]  resources/summary.md                               |  29 +++
     [echo]  19 files changed, 837 insertions(+), 183 deletions(-)
     [echo] git.worktree.name=cassandra_vcomp
     [echo] git.branch.name=Vcomp-ssh

set-cqlsh-version:

_createVersionPropFile:
[propertyfile] Updating property file: /home/dongju/vcomp/cassandra_vcomp/src/resources/org/apache/cassandra/config/version.properties
     [copy] Copying 1 file to /home/dongju/vcomp/cassandra_vcomp/build/classes/main

init-checkstyle:

checkstyle:
[checkstyle] Running Checkstyle 10.26.1 on 2550 files

BUILD SUCCESSFUL
Total time: 6 seconds
