JUnit version 4.12
14:52:33,851 |-INFO in ch.qos.logback.classic.LoggerContext[default] - This is logback-classic version 1.5.18
14:52:33,853 |-INFO in ch.qos.logback.classic.util.ContextInitializer@5fd4f8f5 - No custom configurators were discovered as a service.
14:52:33,853 |-INFO in ch.qos.logback.classic.util.ContextInitializer@5fd4f8f5 - Trying to configure with ch.qos.logback.classic.joran.SerializedModelConfigurator
14:52:33,853 |-INFO in ch.qos.logback.classic.util.ContextInitializer@5fd4f8f5 - Constructed configurator of type class ch.qos.logback.classic.joran.SerializedModelConfigurator
14:52:33,856 |-INFO in ch.qos.logback.classic.LoggerContext[default] - Could NOT find resource [logback-test.scmo]
14:52:33,857 |-INFO in ch.qos.logback.classic.LoggerContext[default] - Could NOT find resource [logback.scmo]
14:52:33,865 |-INFO in ch.qos.logback.classic.util.ContextInitializer@5fd4f8f5 - ch.qos.logback.classic.joran.SerializedModelConfigurator.configure() call lasted 4 milliseconds. ExecutionStatus=INVOKE_NEXT_IF_ANY
14:52:33,865 |-INFO in ch.qos.logback.classic.util.ContextInitializer@5fd4f8f5 - Trying to configure with ch.qos.logback.classic.util.DefaultJoranConfigurator
14:52:33,865 |-INFO in ch.qos.logback.classic.util.ContextInitializer@5fd4f8f5 - Constructed configurator of type class ch.qos.logback.classic.util.DefaultJoranConfigurator
14:52:33,869 |-INFO in ch.qos.logback.classic.LoggerContext[default] - Found resource [logback-test.xml] at [file:/home/dongju/vcomp/cassandra_vcomp/test/conf/logback-test.xml]
14:52:33,920 |-INFO in ch.qos.logback.core.model.processor.ShutdownHookModelHandler - About to instantiate shutdown hook of type [ch.qos.logback.core.hook.DefaultShutdownHook]
14:52:33,920 |-INFO in ch.qos.logback.core.util.ContextUtil@696da30b - Registering shutdown hook with JVM runtime.
14:52:33,921 |-ERROR in ch.qos.logback.core.model.processor.StatusListenerModelHandler - Could not create an StatusListener of type [org.apache.cassandra.LogbackStatusListener]. ch.qos.logback.core.util.DynamicClassLoadingException: Failed to instantiate type org.apache.cassandra.LogbackStatusListener
	at ch.qos.logback.core.util.DynamicClassLoadingException: Failed to instantiate type org.apache.cassandra.LogbackStatusListener
	at 	at ch.qos.logback.core.util.OptionHelper.instantiateByClassNameAndParameter(OptionHelper.java:69)
	at 	at ch.qos.logback.core.util.OptionHelper.instantiateByClassName(OptionHelper.java:44)
	at 	at ch.qos.logback.core.util.OptionHelper.instantiateByClassName(OptionHelper.java:33)
	at 	at ch.qos.logback.core.model.processor.StatusListenerModelHandler.handle(StatusListenerModelHandler.java:46)
	at 	at ch.qos.logback.core.model.processor.DefaultProcessor.mainTraverse(DefaultProcessor.java:203)
	at 	at ch.qos.logback.core.model.processor.DefaultProcessor.mainTraverse(DefaultProcessor.java:211)
	at 	at ch.qos.logback.core.model.processor.DefaultProcessor.process(DefaultProcessor.java:104)
	at 	at ch.qos.logback.core.joran.GenericXMLConfigurator.processModel(GenericXMLConfigurator.java:222)
	at 	at ch.qos.logback.core.joran.GenericXMLConfigurator.doConfigure(GenericXMLConfigurator.java:178)
	at 	at ch.qos.logback.core.joran.GenericXMLConfigurator.doConfigure(GenericXMLConfigurator.java:123)
	at 	at ch.qos.logback.core.joran.GenericXMLConfigurator.doConfigure(GenericXMLConfigurator.java:66)
	at 	at ch.qos.logback.classic.util.DefaultJoranConfigurator.configureByResource(DefaultJoranConfigurator.java:68)
	at 	at ch.qos.logback.classic.util.DefaultJoranConfigurator.configure(DefaultJoranConfigurator.java:35)
	at 	at ch.qos.logback.classic.util.ContextInitializer.invokeConfigure(ContextInitializer.java:142)
	at 	at ch.qos.logback.classic.util.ContextInitializer.autoConfig(ContextInitializer.java:101)
	at 	at ch.qos.logback.classic.util.ContextInitializer.autoConfig(ContextInitializer.java:67)
	at 	at ch.qos.logback.classic.spi.LogbackServiceProvider.initializeLoggerContext(LogbackServiceProvider.java:51)
	at 	at ch.qos.logback.classic.spi.LogbackServiceProvider.initialize(LogbackServiceProvider.java:44)
	at 	at org.slf4j.LoggerFactory.bind(LoggerFactory.java:201)
	at 	at org.slf4j.LoggerFactory.performInitialization(LoggerFactory.java:187)
	at 	at org.slf4j.LoggerFactory.getProvider(LoggerFactory.java:511)
	at 	at org.slf4j.LoggerFactory.getILoggerFactory(LoggerFactory.java:497)
	at 	at org.slf4j.LoggerFactory.getLogger(LoggerFactory.java:446)
	at 	at org.slf4j.LoggerFactory.getLogger(LoggerFactory.java:472)
	at 	at org.apache.cassandra.utils.FBUtilities.<clinit>(FBUtilities.java:116)
	at 	at org.apache.cassandra.config.DatabaseDescriptor.<clinit>(DatabaseDescriptor.java:153)
	at 	at org.apache.cassandra.io.util.ChunkCacheFileHandleTest.initialize(ChunkCacheFileHandleTest.java:46)
	at 	at java.base/jdk.internal.reflect.NativeMethodAccessorImpl.invoke0(Native Method)
	at 	at java.base/jdk.internal.reflect.NativeMethodAccessorImpl.invoke(NativeMethodAccessorImpl.java:62)
	at 	at java.base/jdk.internal.reflect.DelegatingMethodAccessorImpl.invoke(DelegatingMethodAccessorImpl.java:43)
	at 	at java.base/java.lang.reflect.Method.invoke(Method.java:566)
	at 	at org.junit.runners.model.FrameworkMethod$1.runReflectiveCall(FrameworkMethod.java:50)
	at 	at org.junit.internal.runners.model.ReflectiveCallable.run(ReflectiveCallable.java:12)
	at 	at org.junit.runners.model.FrameworkMethod.invokeExplosively(FrameworkMethod.java:47)
	at 	at org.junit.internal.runners.statements.RunBefores.evaluate(RunBefores.java:24)
	at 	at org.junit.runners.ParentRunner.run(ParentRunner.java:363)
	at 	at org.junit.runners.Suite.runChild(Suite.java:128)
	at 	at org.junit.runners.Suite.runChild(Suite.java:27)
	at 	at org.junit.runners.ParentRunner$3.run(ParentRunner.java:290)
	at 	at org.junit.runners.ParentRunner$1.schedule(ParentRunner.java:71)
	at 	at org.junit.runners.ParentRunner.runChildren(ParentRunner.java:288)
	at 	at org.junit.runners.ParentRunner.access$000(ParentRunner.java:58)
	at 	at org.junit.runners.ParentRunner$2.evaluate(ParentRunner.java:268)
	at 	at org.junit.runners.ParentRunner.run(ParentRunner.java:363)
	at 	at org.junit.runner.JUnitCore.run(JUnitCore.java:137)
	at 	at org.junit.runner.JUnitCore.run(JUnitCore.java:115)
	at 	at org.junit.runner.JUnitCore.runMain(JUnitCore.java:77)
	at 	at org.junit.runner.JUnitCore.main(JUnitCore.java:36)
Caused by: java.lang.ClassNotFoundException: org.apache.cassandra.LogbackStatusListener
	at 	at java.base/jdk.internal.loader.BuiltinClassLoader.loadClass(BuiltinClassLoader.java:581)
	at 	at java.base/jdk.internal.loader.ClassLoaders$AppClassLoader.loadClass(ClassLoaders.java:178)
	at 	at java.base/java.lang.ClassLoader.loadClass(ClassLoader.java:527)
	at 	at ch.qos.logback.core.util.OptionHelper.instantiateByClassNameAndParameter(OptionHelper.java:56)
	at 	... 47 common frames omitted
14:52:33,921 |-ERROR in ch.qos.logback.core.model.processor.DefaultProcessor@649bec2e - Failed to traverse model statusListener ch.qos.logback.core.model.processor.ModelHandlerException: ch.qos.logback.core.util.DynamicClassLoadingException: Failed to instantiate type org.apache.cassandra.LogbackStatusListener
	at ch.qos.logback.core.model.processor.ModelHandlerException: ch.qos.logback.core.util.DynamicClassLoadingException: Failed to instantiate type org.apache.cassandra.LogbackStatusListener
	at 	at ch.qos.logback.core.model.processor.StatusListenerModelHandler.handle(StatusListenerModelHandler.java:57)
	at 	at ch.qos.logback.core.model.processor.DefaultProcessor.mainTraverse(DefaultProcessor.java:203)
	at 	at ch.qos.logback.core.model.processor.DefaultProcessor.mainTraverse(DefaultProcessor.java:211)
	at 	at ch.qos.logback.core.model.processor.DefaultProcessor.process(DefaultProcessor.java:104)
	at 	at ch.qos.logback.core.joran.GenericXMLConfigurator.processModel(GenericXMLConfigurator.java:222)
	at 	at ch.qos.logback.core.joran.GenericXMLConfigurator.doConfigure(GenericXMLConfigurator.java:178)
	at 	at ch.qos.logback.core.joran.GenericXMLConfigurator.doConfigure(GenericXMLConfigurator.java:123)
	at 	at ch.qos.logback.core.joran.GenericXMLConfigurator.doConfigure(GenericXMLConfigurator.java:66)
	at 	at ch.qos.logback.classic.util.DefaultJoranConfigurator.configureByResource(DefaultJoranConfigurator.java:68)
	at 	at ch.qos.logback.classic.util.DefaultJoranConfigurator.configure(DefaultJoranConfigurator.java:35)
	at 	at ch.qos.logback.classic.util.ContextInitializer.invokeConfigure(ContextInitializer.java:142)
	at 	at ch.qos.logback.classic.util.ContextInitializer.autoConfig(ContextInitializer.java:101)
	at 	at ch.qos.logback.classic.util.ContextInitializer.autoConfig(ContextInitializer.java:67)
	at 	at ch.qos.logback.classic.spi.LogbackServiceProvider.initializeLoggerContext(LogbackServiceProvider.java:51)
	at 	at ch.qos.logback.classic.spi.LogbackServiceProvider.initialize(LogbackServiceProvider.java:44)
	at 	at org.slf4j.LoggerFactory.bind(LoggerFactory.java:201)
	at 	at org.slf4j.LoggerFactory.performInitialization(LoggerFactory.java:187)
	at 	at org.slf4j.LoggerFactory.getProvider(LoggerFactory.java:511)
	at 	at org.slf4j.LoggerFactory.getILoggerFactory(LoggerFactory.java:497)
	at 	at org.slf4j.LoggerFactory.getLogger(LoggerFactory.java:446)
	at 	at org.slf4j.LoggerFactory.getLogger(LoggerFactory.java:472)
	at 	at org.apache.cassandra.utils.FBUtilities.<clinit>(FBUtilities.java:116)
	at 	at org.apache.cassandra.config.DatabaseDescriptor.<clinit>(DatabaseDescriptor.java:153)
	at 	at org.apache.cassandra.io.util.ChunkCacheFileHandleTest.initialize(ChunkCacheFileHandleTest.java:46)
	at 	at java.base/jdk.internal.reflect.NativeMethodAccessorImpl.invoke0(Native Method)
	at 	at java.base/jdk.internal.reflect.NativeMethodAccessorImpl.invoke(NativeMethodAccessorImpl.java:62)
	at 	at java.base/jdk.internal.reflect.DelegatingMethodAccessorImpl.invoke(DelegatingMethodAccessorImpl.java:43)
	at 	at java.base/java.lang.reflect.Method.invoke(Method.java:566)
	at 	at org.junit.runners.model.FrameworkMethod$1.runReflectiveCall(FrameworkMethod.java:50)
	at 	at org.junit.internal.runners.model.ReflectiveCallable.run(ReflectiveCallable.java:12)
	at 	at org.junit.runners.model.FrameworkMethod.invokeExplosively(FrameworkMethod.java:47)
	at 	at org.junit.internal.runners.statements.RunBefores.evaluate(RunBefores.java:24)
	at 	at org.junit.runners.ParentRunner.run(ParentRunner.java:363)
	at 	at org.junit.runners.Suite.runChild(Suite.java:128)
	at 	at org.junit.runners.Suite.runChild(Suite.java:27)
	at 	at org.junit.runners.ParentRunner$3.run(ParentRunner.java:290)
	at 	at org.junit.runners.ParentRunner$1.schedule(ParentRunner.java:71)
	at 	at org.junit.runners.ParentRunner.runChildren(ParentRunner.java:288)
	at 	at org.junit.runners.ParentRunner.access$000(ParentRunner.java:58)
	at 	at org.junit.runners.ParentRunner$2.evaluate(ParentRunner.java:268)
	at 	at org.junit.runners.ParentRunner.run(ParentRunner.java:363)
	at 	at org.junit.runner.JUnitCore.run(JUnitCore.java:137)
	at 	at org.junit.runner.JUnitCore.run(JUnitCore.java:115)
	at 	at org.junit.runner.JUnitCore.runMain(JUnitCore.java:77)
	at 	at org.junit.runner.JUnitCore.main(JUnitCore.java:36)
Caused by: ch.qos.logback.core.util.DynamicClassLoadingException: Failed to instantiate type org.apache.cassandra.LogbackStatusListener
	at 	at ch.qos.logback.core.util.OptionHelper.instantiateByClassNameAndParameter(OptionHelper.java:69)
	at 	at ch.qos.logback.core.util.OptionHelper.instantiateByClassName(OptionHelper.java:44)
	at 	at ch.qos.logback.core.util.OptionHelper.instantiateByClassName(OptionHelper.java:33)
	at 	at ch.qos.logback.core.model.processor.StatusListenerModelHandler.handle(StatusListenerModelHandler.java:46)
	at 	... 44 common frames omitted
Caused by: java.lang.ClassNotFoundException: org.apache.cassandra.LogbackStatusListener
	at 	at java.base/jdk.internal.loader.BuiltinClassLoader.loadClass(BuiltinClassLoader.java:581)
	at 	at java.base/jdk.internal.loader.ClassLoaders$AppClassLoader.loadClass(ClassLoaders.java:178)
	at 	at java.base/java.lang.ClassLoader.loadClass(ClassLoader.java:527)
	at 	at ch.qos.logback.core.util.OptionHelper.instantiateByClassNameAndParameter(OptionHelper.java:56)
	at 	... 47 common frames omitted
14:52:33,923 |-INFO in ch.qos.logback.classic.model.processor.ConfigurationModelHandlerFull - Registering a new ReconfigureOnChangeTask ReconfigureOnChangeTask(born:1789365153922)
14:52:33,928 |-INFO in ch.qos.logback.classic.model.processor.ConfigurationModelHandlerFull - Will scan for changes in [ConfigurationWatchList(mainURL=file:/home/dongju/vcomp/cassandra_vcomp/test/conf/logback-test.xml, fileWatchList={/home/dongju/vcomp/cassandra_vcomp/test/conf/logback-test.xml}, urlWatchList=[})] 
14:52:33,929 |-INFO in ch.qos.logback.classic.model.processor.ConfigurationModelHandlerFull - Setting ReconfigureOnChangeTask scanning period to 1 minutes
14:52:33,932 |-ERROR in ch.qos.logback.core.model.processor.StatusListenerModelHandler - Could not create an StatusListener of type [org.apache.cassandra.LogbackStatusListener]. ch.qos.logback.core.util.DynamicClassLoadingException: Failed to instantiate type org.apache.cassandra.LogbackStatusListener
	at ch.qos.logback.core.util.DynamicClassLoadingException: Failed to instantiate type org.apache.cassandra.LogbackStatusListener
	at 	at ch.qos.logback.core.util.OptionHelper.instantiateByClassNameAndParameter(OptionHelper.java:69)
	at 	at ch.qos.logback.core.util.OptionHelper.instantiateByClassName(OptionHelper.java:44)
	at 	at ch.qos.logback.core.util.OptionHelper.instantiateByClassName(OptionHelper.java:33)
	at 	at ch.qos.logback.core.model.processor.StatusListenerModelHandler.handle(StatusListenerModelHandler.java:46)
	at 	at ch.qos.logback.core.model.processor.DefaultProcessor.secondPhaseTraverse(DefaultProcessor.java:241)
	at 	at ch.qos.logback.core.model.processor.DefaultProcessor.secondPhaseTraverse(DefaultProcessor.java:253)
	at 	at ch.qos.logback.core.model.processor.DefaultProcessor.traversalLoop(DefaultProcessor.java:90)
	at 	at ch.qos.logback.core.model.processor.DefaultProcessor.process(DefaultProcessor.java:106)
	at 	at ch.qos.logback.core.joran.GenericXMLConfigurator.processModel(GenericXMLConfigurator.java:222)
	at 	at ch.qos.logback.core.joran.GenericXMLConfigurator.doConfigure(GenericXMLConfigurator.java:178)
	at 	at ch.qos.logback.core.joran.GenericXMLConfigurator.doConfigure(GenericXMLConfigurator.java:123)
	at 	at ch.qos.logback.core.joran.GenericXMLConfigurator.doConfigure(GenericXMLConfigurator.java:66)
	at 	at ch.qos.logback.classic.util.DefaultJoranConfigurator.configureByResource(DefaultJoranConfigurator.java:68)
	at 	at ch.qos.logback.classic.util.DefaultJoranConfigurator.configure(DefaultJoranConfigurator.java:35)
	at 	at ch.qos.logback.classic.util.ContextInitializer.invokeConfigure(ContextInitializer.java:142)
	at 	at ch.qos.logback.classic.util.ContextInitializer.autoConfig(ContextInitializer.java:101)
	at 	at ch.qos.logback.classic.util.ContextInitializer.autoConfig(ContextInitializer.java:67)
	at 	at ch.qos.logback.classic.spi.LogbackServiceProvider.initializeLoggerContext(LogbackServiceProvider.java:51)
	at 	at ch.qos.logback.classic.spi.LogbackServiceProvider.initialize(LogbackServiceProvider.java:44)
	at 	at org.slf4j.LoggerFactory.bind(LoggerFactory.java:201)
	at 	at org.slf4j.LoggerFactory.performInitialization(LoggerFactory.java:187)
	at 	at org.slf4j.LoggerFactory.getProvider(LoggerFactory.java:511)
	at 	at org.slf4j.LoggerFactory.getILoggerFactory(LoggerFactory.java:497)
	at 	at org.slf4j.LoggerFactory.getLogger(LoggerFactory.java:446)
	at 	at org.slf4j.LoggerFactory.getLogger(LoggerFactory.java:472)
	at 	at org.apache.cassandra.utils.FBUtilities.<clinit>(FBUtilities.java:116)
	at 	at org.apache.cassandra.config.DatabaseDescriptor.<clinit>(DatabaseDescriptor.java:153)
	at 	at org.apache.cassandra.io.util.ChunkCacheFileHandleTest.initialize(ChunkCacheFileHandleTest.java:46)
	at 	at java.base/jdk.internal.reflect.NativeMethodAccessorImpl.invoke0(Native Method)
	at 	at java.base/jdk.internal.reflect.NativeMethodAccessorImpl.invoke(NativeMethodAccessorImpl.java:62)
	at 	at java.base/jdk.internal.reflect.DelegatingMethodAccessorImpl.invoke(DelegatingMethodAccessorImpl.java:43)
	at 	at java.base/java.lang.reflect.Method.invoke(Method.java:566)
	at 	at org.junit.runners.model.FrameworkMethod$1.runReflectiveCall(FrameworkMethod.java:50)
	at 	at org.junit.internal.runners.model.ReflectiveCallable.run(ReflectiveCallable.java:12)
	at 	at org.junit.runners.model.FrameworkMethod.invokeExplosively(FrameworkMethod.java:47)
	at 	at org.junit.internal.runners.statements.RunBefores.evaluate(RunBefores.java:24)
	at 	at org.junit.runners.ParentRunner.run(ParentRunner.java:363)
	at 	at org.junit.runners.Suite.runChild(Suite.java:128)
	at 	at org.junit.runners.Suite.runChild(Suite.java:27)
	at 	at org.junit.runners.ParentRunner$3.run(ParentRunner.java:290)
	at 	at org.junit.runners.ParentRunner$1.schedule(ParentRunner.java:71)
	at 	at org.junit.runners.ParentRunner.runChildren(ParentRunner.java:288)
	at 	at org.junit.runners.ParentRunner.access$000(ParentRunner.java:58)
	at 	at org.junit.runners.ParentRunner$2.evaluate(ParentRunner.java:268)
	at 	at org.junit.runners.ParentRunner.run(ParentRunner.java:363)
	at 	at org.junit.runner.JUnitCore.run(JUnitCore.java:137)
	at 	at org.junit.runner.JUnitCore.run(JUnitCore.java:115)
	at 	at org.junit.runner.JUnitCore.runMain(JUnitCore.java:77)
	at 	at org.junit.runner.JUnitCore.main(JUnitCore.java:36)
Caused by: java.lang.ClassNotFoundException: org.apache.cassandra.LogbackStatusListener
	at 	at java.base/jdk.internal.loader.BuiltinClassLoader.loadClass(BuiltinClassLoader.java:581)
	at 	at java.base/jdk.internal.loader.ClassLoaders$AppClassLoader.loadClass(ClassLoaders.java:178)
	at 	at java.base/java.lang.ClassLoader.loadClass(ClassLoader.java:527)
	at 	at ch.qos.logback.core.util.OptionHelper.instantiateByClassNameAndParameter(OptionHelper.java:56)
	at 	... 48 common frames omitted
14:52:33,932 |-ERROR in ch.qos.logback.core.model.processor.DefaultProcessor@649bec2e - Failed to traverse model statusListener ch.qos.logback.core.model.processor.ModelHandlerException: ch.qos.logback.core.util.DynamicClassLoadingException: Failed to instantiate type org.apache.cassandra.LogbackStatusListener
	at ch.qos.logback.core.model.processor.ModelHandlerException: ch.qos.logback.core.util.DynamicClassLoadingException: Failed to instantiate type org.apache.cassandra.LogbackStatusListener
	at 	at ch.qos.logback.core.model.processor.StatusListenerModelHandler.handle(StatusListenerModelHandler.java:57)
	at 	at ch.qos.logback.core.model.processor.DefaultProcessor.secondPhaseTraverse(DefaultProcessor.java:241)
	at 	at ch.qos.logback.core.model.processor.DefaultProcessor.secondPhaseTraverse(DefaultProcessor.java:253)
	at 	at ch.qos.logback.core.model.processor.DefaultProcessor.traversalLoop(DefaultProcessor.java:90)
	at 	at ch.qos.logback.core.model.processor.DefaultProcessor.process(DefaultProcessor.java:106)
	at 	at ch.qos.logback.core.joran.GenericXMLConfigurator.processModel(GenericXMLConfigurator.java:222)
	at 	at ch.qos.logback.core.joran.GenericXMLConfigurator.doConfigure(GenericXMLConfigurator.java:178)
	at 	at ch.qos.logback.core.joran.GenericXMLConfigurator.doConfigure(GenericXMLConfigurator.java:123)
	at 	at ch.qos.logback.core.joran.GenericXMLConfigurator.doConfigure(GenericXMLConfigurator.java:66)
	at 	at ch.qos.logback.classic.util.DefaultJoranConfigurator.configureByResource(DefaultJoranConfigurator.java:68)
	at 	at ch.qos.logback.classic.util.DefaultJoranConfigurator.configure(DefaultJoranConfigurator.java:35)
	at 	at ch.qos.logback.classic.util.ContextInitializer.invokeConfigure(ContextInitializer.java:142)
	at 	at ch.qos.logback.classic.util.ContextInitializer.autoConfig(ContextInitializer.java:101)
	at 	at ch.qos.logback.classic.util.ContextInitializer.autoConfig(ContextInitializer.java:67)
	at 	at ch.qos.logback.classic.spi.LogbackServiceProvider.initializeLoggerContext(LogbackServiceProvider.java:51)
	at 	at ch.qos.logback.classic.spi.LogbackServiceProvider.initialize(LogbackServiceProvider.java:44)
	at 	at org.slf4j.LoggerFactory.bind(LoggerFactory.java:201)
	at 	at org.slf4j.LoggerFactory.performInitialization(LoggerFactory.java:187)
	at 	at org.slf4j.LoggerFactory.getProvider(LoggerFactory.java:511)
	at 	at org.slf4j.LoggerFactory.getILoggerFactory(LoggerFactory.java:497)
	at 	at org.slf4j.LoggerFactory.getLogger(LoggerFactory.java:446)
	at 	at org.slf4j.LoggerFactory.getLogger(LoggerFactory.java:472)
	at 	at org.apache.cassandra.utils.FBUtilities.<clinit>(FBUtilities.java:116)
	at 	at org.apache.cassandra.config.DatabaseDescriptor.<clinit>(DatabaseDescriptor.java:153)
	at 	at org.apache.cassandra.io.util.ChunkCacheFileHandleTest.initialize(ChunkCacheFileHandleTest.java:46)
	at 	at java.base/jdk.internal.reflect.NativeMethodAccessorImpl.invoke0(Native Method)
	at 	at java.base/jdk.internal.reflect.NativeMethodAccessorImpl.invoke(NativeMethodAccessorImpl.java:62)
	at 	at java.base/jdk.internal.reflect.DelegatingMethodAccessorImpl.invoke(DelegatingMethodAccessorImpl.java:43)
	at 	at java.base/java.lang.reflect.Method.invoke(Method.java:566)
	at 	at org.junit.runners.model.FrameworkMethod$1.runReflectiveCall(FrameworkMethod.java:50)
	at 	at org.junit.internal.runners.model.ReflectiveCallable.run(ReflectiveCallable.java:12)
	at 	at org.junit.runners.model.FrameworkMethod.invokeExplosively(FrameworkMethod.java:47)
	at 	at org.junit.internal.runners.statements.RunBefores.evaluate(RunBefores.java:24)
	at 	at org.junit.runners.ParentRunner.run(ParentRunner.java:363)
	at 	at org.junit.runners.Suite.runChild(Suite.java:128)
	at 	at org.junit.runners.Suite.runChild(Suite.java:27)
	at 	at org.junit.runners.ParentRunner$3.run(ParentRunner.java:290)
	at 	at org.junit.runners.ParentRunner$1.schedule(ParentRunner.java:71)
	at 	at org.junit.runners.ParentRunner.runChildren(ParentRunner.java:288)
	at 	at org.junit.runners.ParentRunner.access$000(ParentRunner.java:58)
	at 	at org.junit.runners.ParentRunner$2.evaluate(ParentRunner.java:268)
	at 	at org.junit.runners.ParentRunner.run(ParentRunner.java:363)
	at 	at org.junit.runner.JUnitCore.run(JUnitCore.java:137)
	at 	at org.junit.runner.JUnitCore.run(JUnitCore.java:115)
	at 	at org.junit.runner.JUnitCore.runMain(JUnitCore.java:77)
	at 	at org.junit.runner.JUnitCore.main(JUnitCore.java:36)
Caused by: ch.qos.logback.core.util.DynamicClassLoadingException: Failed to instantiate type org.apache.cassandra.LogbackStatusListener
	at 	at ch.qos.logback.core.util.OptionHelper.instantiateByClassNameAndParameter(OptionHelper.java:69)
	at 	at ch.qos.logback.core.util.OptionHelper.instantiateByClassName(OptionHelper.java:44)
	at 	at ch.qos.logback.core.util.OptionHelper.instantiateByClassName(OptionHelper.java:33)
	at 	at ch.qos.logback.core.model.processor.StatusListenerModelHandler.handle(StatusListenerModelHandler.java:46)
	at 	... 45 common frames omitted
Caused by: java.lang.ClassNotFoundException: org.apache.cassandra.LogbackStatusListener
	at 	at java.base/jdk.internal.loader.BuiltinClassLoader.loadClass(BuiltinClassLoader.java:581)
	at 	at java.base/jdk.internal.loader.ClassLoaders$AppClassLoader.loadClass(ClassLoaders.java:178)
	at 	at java.base/java.lang.ClassLoader.loadClass(ClassLoader.java:527)
	at 	at ch.qos.logback.core.util.OptionHelper.instantiateByClassNameAndParameter(OptionHelper.java:56)
	at 	... 48 common frames omitted
14:52:33,932 |-INFO in ch.qos.logback.core.model.processor.AppenderModelHandler - Processing appender named [FILE]
14:52:33,932 |-INFO in ch.qos.logback.core.model.processor.AppenderModelHandler - About to instantiate appender of type [ch.qos.logback.core.rolling.RollingFileAppender]
14:52:33,940 |-INFO in ch.qos.logback.core.model.processor.ModelInterpretationContext@693fe6c9 - value "./build/test/logs/cassandra.testtag_IS_UNDEFINED/TEST-suitename_IS_UNDEFINED.log" substituted for "./build/test/logs/${cassandra.testtag}/TEST-${suitename}.log"
14:52:33,941 |-INFO in ch.qos.logback.core.model.processor.ModelInterpretationContext@693fe6c9 - value "./build/test/logs/cassandra.testtag_IS_UNDEFINED/TEST-suitename_IS_UNDEFINED.log.%i.gz" substituted for "./build/test/logs/${cassandra.testtag}/TEST-${suitename}.log.%i.gz"
14:52:33,941 |-INFO in ch.qos.logback.core.rolling.FixedWindowRollingPolicy@34f5090e - Will use gz compression
14:52:33,945 |-INFO in ch.qos.logback.core.model.processor.ImplicitModelHandler - Assuming default type [ch.qos.logback.classic.encoder.PatternLayoutEncoder] for [encoder] property
14:52:33,965 |-INFO in ch.qos.logback.classic.pattern.DateConverter@31e5415e - Setting zoneId to "UTC"
14:52:33,966 |-INFO in ch.qos.logback.core.rolling.RollingFileAppender[FILE] - Active log file name: ./build/test/logs/cassandra.testtag_IS_UNDEFINED/TEST-suitename_IS_UNDEFINED.log
14:52:33,966 |-INFO in ch.qos.logback.core.rolling.RollingFileAppender[FILE] - File property is set to [./build/test/logs/cassandra.testtag_IS_UNDEFINED/TEST-suitename_IS_UNDEFINED.log]
14:52:33,966 |-INFO in ch.qos.logback.core.model.processor.AppenderModelHandler - Processing appender named [STDOUT]
14:52:33,966 |-INFO in ch.qos.logback.core.model.processor.AppenderModelHandler - About to instantiate appender of type [org.apache.cassandra.ConsoleAppender]
14:52:33,967 |-ERROR in ch.qos.logback.core.model.processor.AppenderModelHandler - Could not create an Appender of type [org.apache.cassandra.ConsoleAppender]. ch.qos.logback.core.util.DynamicClassLoadingException: Failed to instantiate type org.apache.cassandra.ConsoleAppender
	at ch.qos.logback.core.util.DynamicClassLoadingException: Failed to instantiate type org.apache.cassandra.ConsoleAppender
	at 	at ch.qos.logback.core.util.OptionHelper.instantiateByClassNameAndParameter(OptionHelper.java:69)
	at 	at ch.qos.logback.core.util.OptionHelper.instantiateByClassName(OptionHelper.java:44)
	at 	at ch.qos.logback.core.util.OptionHelper.instantiateByClassName(OptionHelper.java:33)
	at 	at ch.qos.logback.core.model.processor.AppenderModelHandler.handle(AppenderModelHandler.java:67)
	at 	at ch.qos.logback.core.model.processor.DefaultProcessor.secondPhaseTraverse(DefaultProcessor.java:241)
	at 	at ch.qos.logback.core.model.processor.DefaultProcessor.secondPhaseTraverse(DefaultProcessor.java:253)
	at 	at ch.qos.logback.core.model.processor.DefaultProcessor.traversalLoop(DefaultProcessor.java:90)
	at 	at ch.qos.logback.core.model.processor.DefaultProcessor.process(DefaultProcessor.java:106)
	at 	at ch.qos.logback.core.joran.GenericXMLConfigurator.processModel(GenericXMLConfigurator.java:222)
	at 	at ch.qos.logback.core.joran.GenericXMLConfigurator.doConfigure(GenericXMLConfigurator.java:178)
	at 	at ch.qos.logback.core.joran.GenericXMLConfigurator.doConfigure(GenericXMLConfigurator.java:123)
	at 	at ch.qos.logback.core.joran.GenericXMLConfigurator.doConfigure(GenericXMLConfigurator.java:66)
	at 	at ch.qos.logback.classic.util.DefaultJoranConfigurator.configureByResource(DefaultJoranConfigurator.java:68)
	at 	at ch.qos.logback.classic.util.DefaultJoranConfigurator.configure(DefaultJoranConfigurator.java:35)
	at 	at ch.qos.logback.classic.util.ContextInitializer.invokeConfigure(ContextInitializer.java:142)
	at 	at ch.qos.logback.classic.util.ContextInitializer.autoConfig(ContextInitializer.java:101)
	at 	at ch.qos.logback.classic.util.ContextInitializer.autoConfig(ContextInitializer.java:67)
	at 	at ch.qos.logback.classic.spi.LogbackServiceProvider.initializeLoggerContext(LogbackServiceProvider.java:51)
	at 	at ch.qos.logback.classic.spi.LogbackServiceProvider.initialize(LogbackServiceProvider.java:44)
	at 	at org.slf4j.LoggerFactory.bind(LoggerFactory.java:201)
	at 	at org.slf4j.LoggerFactory.performInitialization(LoggerFactory.java:187)
	at 	at org.slf4j.LoggerFactory.getProvider(LoggerFactory.java:511)
	at 	at org.slf4j.LoggerFactory.getILoggerFactory(LoggerFactory.java:497)
	at 	at org.slf4j.LoggerFactory.getLogger(LoggerFactory.java:446)
	at 	at org.slf4j.LoggerFactory.getLogger(LoggerFactory.java:472)
	at 	at org.apache.cassandra.utils.FBUtilities.<clinit>(FBUtilities.java:116)
	at 	at org.apache.cassandra.config.DatabaseDescriptor.<clinit>(DatabaseDescriptor.java:153)
	at 	at org.apache.cassandra.io.util.ChunkCacheFileHandleTest.initialize(ChunkCacheFileHandleTest.java:46)
	at 	at java.base/jdk.internal.reflect.NativeMethodAccessorImpl.invoke0(Native Method)
	at 	at java.base/jdk.internal.reflect.NativeMethodAccessorImpl.invoke(NativeMethodAccessorImpl.java:62)
	at 	at java.base/jdk.internal.reflect.DelegatingMethodAccessorImpl.invoke(DelegatingMethodAccessorImpl.java:43)
	at 	at java.base/java.lang.reflect.Method.invoke(Method.java:566)
	at 	at org.junit.runners.model.FrameworkMethod$1.runReflectiveCall(FrameworkMethod.java:50)
	at 	at org.junit.internal.runners.model.ReflectiveCallable.run(ReflectiveCallable.java:12)
	at 	at org.junit.runners.model.FrameworkMethod.invokeExplosively(FrameworkMethod.java:47)
	at 	at org.junit.internal.runners.statements.RunBefores.evaluate(RunBefores.java:24)
	at 	at org.junit.runners.ParentRunner.run(ParentRunner.java:363)
	at 	at org.junit.runners.Suite.runChild(Suite.java:128)
	at 	at org.junit.runners.Suite.runChild(Suite.java:27)
	at 	at org.junit.runners.ParentRunner$3.run(ParentRunner.java:290)
	at 	at org.junit.runners.ParentRunner$1.schedule(ParentRunner.java:71)
	at 	at org.junit.runners.ParentRunner.runChildren(ParentRunner.java:288)
	at 	at org.junit.runners.ParentRunner.access$000(ParentRunner.java:58)
	at 	at org.junit.runners.ParentRunner$2.evaluate(ParentRunner.java:268)
	at 	at org.junit.runners.ParentRunner.run(ParentRunner.java:363)
	at 	at org.junit.runner.JUnitCore.run(JUnitCore.java:137)
	at 	at org.junit.runner.JUnitCore.run(JUnitCore.java:115)
	at 	at org.junit.runner.JUnitCore.runMain(JUnitCore.java:77)
	at 	at org.junit.runner.JUnitCore.main(JUnitCore.java:36)
Caused by: java.lang.ClassNotFoundException: org.apache.cassandra.ConsoleAppender
	at 	at java.base/jdk.internal.loader.BuiltinClassLoader.loadClass(BuiltinClassLoader.java:581)
	at 	at java.base/jdk.internal.loader.ClassLoaders$AppClassLoader.loadClass(ClassLoaders.java:178)
	at 	at java.base/java.lang.ClassLoader.loadClass(ClassLoader.java:527)
	at 	at ch.qos.logback.core.util.OptionHelper.instantiateByClassNameAndParameter(OptionHelper.java:56)
	at 	... 48 common frames omitted
14:52:33,967 |-ERROR in ch.qos.logback.core.model.processor.DefaultProcessor@649bec2e - Failed to traverse model appender ch.qos.logback.core.model.processor.ModelHandlerException: ch.qos.logback.core.util.DynamicClassLoadingException: Failed to instantiate type org.apache.cassandra.ConsoleAppender
	at ch.qos.logback.core.model.processor.ModelHandlerException: ch.qos.logback.core.util.DynamicClassLoadingException: Failed to instantiate type org.apache.cassandra.ConsoleAppender
	at 	at ch.qos.logback.core.model.processor.AppenderModelHandler.handle(AppenderModelHandler.java:75)
	at 	at ch.qos.logback.core.model.processor.DefaultProcessor.secondPhaseTraverse(DefaultProcessor.java:241)
	at 	at ch.qos.logback.core.model.processor.DefaultProcessor.secondPhaseTraverse(DefaultProcessor.java:253)
	at 	at ch.qos.logback.core.model.processor.DefaultProcessor.traversalLoop(DefaultProcessor.java:90)
	at 	at ch.qos.logback.core.model.processor.DefaultProcessor.process(DefaultProcessor.java:106)
	at 	at ch.qos.logback.core.joran.GenericXMLConfigurator.processModel(GenericXMLConfigurator.java:222)
	at 	at ch.qos.logback.core.joran.GenericXMLConfigurator.doConfigure(GenericXMLConfigurator.java:178)
	at 	at ch.qos.logback.core.joran.GenericXMLConfigurator.doConfigure(GenericXMLConfigurator.java:123)
	at 	at ch.qos.logback.core.joran.GenericXMLConfigurator.doConfigure(GenericXMLConfigurator.java:66)
	at 	at ch.qos.logback.classic.util.DefaultJoranConfigurator.configureByResource(DefaultJoranConfigurator.java:68)
	at 	at ch.qos.logback.classic.util.DefaultJoranConfigurator.configure(DefaultJoranConfigurator.java:35)
	at 	at ch.qos.logback.classic.util.ContextInitializer.invokeConfigure(ContextInitializer.java:142)
	at 	at ch.qos.logback.classic.util.ContextInitializer.autoConfig(ContextInitializer.java:101)
	at 	at ch.qos.logback.classic.util.ContextInitializer.autoConfig(ContextInitializer.java:67)
	at 	at ch.qos.logback.classic.spi.LogbackServiceProvider.initializeLoggerContext(LogbackServiceProvider.java:51)
	at 	at ch.qos.logback.classic.spi.LogbackServiceProvider.initialize(LogbackServiceProvider.java:44)
	at 	at org.slf4j.LoggerFactory.bind(LoggerFactory.java:201)
	at 	at org.slf4j.LoggerFactory.performInitialization(LoggerFactory.java:187)
	at 	at org.slf4j.LoggerFactory.getProvider(LoggerFactory.java:511)
	at 	at org.slf4j.LoggerFactory.getILoggerFactory(LoggerFactory.java:497)
	at 	at org.slf4j.LoggerFactory.getLogger(LoggerFactory.java:446)
	at 	at org.slf4j.LoggerFactory.getLogger(LoggerFactory.java:472)
	at 	at org.apache.cassandra.utils.FBUtilities.<clinit>(FBUtilities.java:116)
	at 	at org.apache.cassandra.config.DatabaseDescriptor.<clinit>(DatabaseDescriptor.java:153)
	at 	at org.apache.cassandra.io.util.ChunkCacheFileHandleTest.initialize(ChunkCacheFileHandleTest.java:46)
	at 	at java.base/jdk.internal.reflect.NativeMethodAccessorImpl.invoke0(Native Method)
	at 	at java.base/jdk.internal.reflect.NativeMethodAccessorImpl.invoke(NativeMethodAccessorImpl.java:62)
	at 	at java.base/jdk.internal.reflect.DelegatingMethodAccessorImpl.invoke(DelegatingMethodAccessorImpl.java:43)
	at 	at java.base/java.lang.reflect.Method.invoke(Method.java:566)
	at 	at org.junit.runners.model.FrameworkMethod$1.runReflectiveCall(FrameworkMethod.java:50)
	at 	at org.junit.internal.runners.model.ReflectiveCallable.run(ReflectiveCallable.java:12)
	at 	at org.junit.runners.model.FrameworkMethod.invokeExplosively(FrameworkMethod.java:47)
	at 	at org.junit.internal.runners.statements.RunBefores.evaluate(RunBefores.java:24)
	at 	at org.junit.runners.ParentRunner.run(ParentRunner.java:363)
	at 	at org.junit.runners.Suite.runChild(Suite.java:128)
	at 	at org.junit.runners.Suite.runChild(Suite.java:27)
	at 	at org.junit.runners.ParentRunner$3.run(ParentRunner.java:290)
	at 	at org.junit.runners.ParentRunner$1.schedule(ParentRunner.java:71)
	at 	at org.junit.runners.ParentRunner.runChildren(ParentRunner.java:288)
	at 	at org.junit.runners.ParentRunner.access$000(ParentRunner.java:58)
	at 	at org.junit.runners.ParentRunner$2.evaluate(ParentRunner.java:268)
	at 	at org.junit.runners.ParentRunner.run(ParentRunner.java:363)
	at 	at org.junit.runner.JUnitCore.run(JUnitCore.java:137)
	at 	at org.junit.runner.JUnitCore.run(JUnitCore.java:115)
	at 	at org.junit.runner.JUnitCore.runMain(JUnitCore.java:77)
	at 	at org.junit.runner.JUnitCore.main(JUnitCore.java:36)
Caused by: ch.qos.logback.core.util.DynamicClassLoadingException: Failed to instantiate type org.apache.cassandra.ConsoleAppender
	at 	at ch.qos.logback.core.util.OptionHelper.instantiateByClassNameAndParameter(OptionHelper.java:69)
	at 	at ch.qos.logback.core.util.OptionHelper.instantiateByClassName(OptionHelper.java:44)
	at 	at ch.qos.logback.core.util.OptionHelper.instantiateByClassName(OptionHelper.java:33)
	at 	at ch.qos.logback.core.model.processor.AppenderModelHandler.handle(AppenderModelHandler.java:67)
	at 	... 45 common frames omitted
Caused by: java.lang.ClassNotFoundException: org.apache.cassandra.ConsoleAppender
	at 	at java.base/jdk.internal.loader.BuiltinClassLoader.loadClass(BuiltinClassLoader.java:581)
	at 	at java.base/jdk.internal.loader.ClassLoaders$AppClassLoader.loadClass(ClassLoaders.java:178)
	at 	at java.base/java.lang.ClassLoader.loadClass(ClassLoader.java:527)
	at 	at ch.qos.logback.core.util.OptionHelper.instantiateByClassNameAndParameter(OptionHelper.java:56)
	at 	... 48 common frames omitted
14:52:33,968 |-INFO in ch.qos.logback.classic.model.processor.LoggerModelHandler - Setting level of logger [org.apache.hadoop] to WARN
14:52:33,969 |-INFO in ch.qos.logback.classic.model.processor.LoggerModelHandler - Setting level of logger [org.apache.cassandra.db.monitoring] to DEBUG
14:52:33,969 |-ERROR in ch.qos.logback.core.model.processor.StatusListenerModelHandler - Could not create an StatusListener of type [org.apache.cassandra.LogbackStatusListener]. ch.qos.logback.core.util.DynamicClassLoadingException: Failed to instantiate type org.apache.cassandra.LogbackStatusListener
	at ch.qos.logback.core.util.DynamicClassLoadingException: Failed to instantiate type org.apache.cassandra.LogbackStatusListener
	at 	at ch.qos.logback.core.util.OptionHelper.instantiateByClassNameAndParameter(OptionHelper.java:69)
	at 	at ch.qos.logback.core.util.OptionHelper.instantiateByClassName(OptionHelper.java:44)
	at 	at ch.qos.logback.core.util.OptionHelper.instantiateByClassName(OptionHelper.java:33)
	at 	at ch.qos.logback.core.model.processor.StatusListenerModelHandler.handle(StatusListenerModelHandler.java:46)
	at 	at ch.qos.logback.core.model.processor.DefaultProcessor.secondPhaseTraverse(DefaultProcessor.java:241)
	at 	at ch.qos.logback.core.model.processor.DefaultProcessor.secondPhaseTraverse(DefaultProcessor.java:253)
	at 	at ch.qos.logback.core.model.processor.DefaultProcessor.traversalLoop(DefaultProcessor.java:90)
	at 	at ch.qos.logback.core.model.processor.DefaultProcessor.process(DefaultProcessor.java:106)
	at 	at ch.qos.logback.core.joran.GenericXMLConfigurator.processModel(GenericXMLConfigurator.java:222)
	at 	at ch.qos.logback.core.joran.GenericXMLConfigurator.doConfigure(GenericXMLConfigurator.java:178)
	at 	at ch.qos.logback.core.joran.GenericXMLConfigurator.doConfigure(GenericXMLConfigurator.java:123)
	at 	at ch.qos.logback.core.joran.GenericXMLConfigurator.doConfigure(GenericXMLConfigurator.java:66)
	at 	at ch.qos.logback.classic.util.DefaultJoranConfigurator.configureByResource(DefaultJoranConfigurator.java:68)
	at 	at ch.qos.logback.classic.util.DefaultJoranConfigurator.configure(DefaultJoranConfigurator.java:35)
	at 	at ch.qos.logback.classic.util.ContextInitializer.invokeConfigure(ContextInitializer.java:142)
	at 	at ch.qos.logback.classic.util.ContextInitializer.autoConfig(ContextInitializer.java:101)
	at 	at ch.qos.logback.classic.util.ContextInitializer.autoConfig(ContextInitializer.java:67)
	at 	at ch.qos.logback.classic.spi.LogbackServiceProvider.initializeLoggerContext(LogbackServiceProvider.java:51)
	at 	at ch.qos.logback.classic.spi.LogbackServiceProvider.initialize(LogbackServiceProvider.java:44)
	at 	at org.slf4j.LoggerFactory.bind(LoggerFactory.java:201)
	at 	at org.slf4j.LoggerFactory.performInitialization(LoggerFactory.java:187)
	at 	at org.slf4j.LoggerFactory.getProvider(LoggerFactory.java:511)
	at 	at org.slf4j.LoggerFactory.getILoggerFactory(LoggerFactory.java:497)
	at 	at org.slf4j.LoggerFactory.getLogger(LoggerFactory.java:446)
	at 	at org.slf4j.LoggerFactory.getLogger(LoggerFactory.java:472)
	at 	at org.apache.cassandra.utils.FBUtilities.<clinit>(FBUtilities.java:116)
	at 	at org.apache.cassandra.config.DatabaseDescriptor.<clinit>(DatabaseDescriptor.java:153)
	at 	at org.apache.cassandra.io.util.ChunkCacheFileHandleTest.initialize(ChunkCacheFileHandleTest.java:46)
	at 	at java.base/jdk.internal.reflect.NativeMethodAccessorImpl.invoke0(Native Method)
	at 	at java.base/jdk.internal.reflect.NativeMethodAccessorImpl.invoke(NativeMethodAccessorImpl.java:62)
	at 	at java.base/jdk.internal.reflect.DelegatingMethodAccessorImpl.invoke(DelegatingMethodAccessorImpl.java:43)
	at 	at java.base/java.lang.reflect.Method.invoke(Method.java:566)
	at 	at org.junit.runners.model.FrameworkMethod$1.runReflectiveCall(FrameworkMethod.java:50)
	at 	at org.junit.internal.runners.model.ReflectiveCallable.run(ReflectiveCallable.java:12)
	at 	at org.junit.runners.model.FrameworkMethod.invokeExplosively(FrameworkMethod.java:47)
	at 	at org.junit.internal.runners.statements.RunBefores.evaluate(RunBefores.java:24)
	at 	at org.junit.runners.ParentRunner.run(ParentRunner.java:363)
	at 	at org.junit.runners.Suite.runChild(Suite.java:128)
	at 	at org.junit.runners.Suite.runChild(Suite.java:27)
	at 	at org.junit.runners.ParentRunner$3.run(ParentRunner.java:290)
	at 	at org.junit.runners.ParentRunner$1.schedule(ParentRunner.java:71)
	at 	at org.junit.runners.ParentRunner.runChildren(ParentRunner.java:288)
	at 	at org.junit.runners.ParentRunner.access$000(ParentRunner.java:58)
	at 	at org.junit.runners.ParentRunner$2.evaluate(ParentRunner.java:268)
	at 	at org.junit.runners.ParentRunner.run(ParentRunner.java:363)
	at 	at org.junit.runner.JUnitCore.run(JUnitCore.java:137)
	at 	at org.junit.runner.JUnitCore.run(JUnitCore.java:115)
	at 	at org.junit.runner.JUnitCore.runMain(JUnitCore.java:77)
	at 	at org.junit.runner.JUnitCore.main(JUnitCore.java:36)
Caused by: java.lang.ClassNotFoundException: org.apache.cassandra.LogbackStatusListener
	at 	at java.base/jdk.internal.loader.BuiltinClassLoader.loadClass(BuiltinClassLoader.java:581)
	at 	at java.base/jdk.internal.loader.ClassLoaders$AppClassLoader.loadClass(ClassLoaders.java:178)
	at 	at java.base/java.lang.ClassLoader.loadClass(ClassLoader.java:527)
	at 	at ch.qos.logback.core.util.OptionHelper.instantiateByClassNameAndParameter(OptionHelper.java:56)
	at 	... 48 common frames omitted
14:52:33,969 |-ERROR in ch.qos.logback.core.model.processor.DefaultProcessor@649bec2e - Failed to traverse model statusListener ch.qos.logback.core.model.processor.ModelHandlerException: ch.qos.logback.core.util.DynamicClassLoadingException: Failed to instantiate type org.apache.cassandra.LogbackStatusListener
	at ch.qos.logback.core.model.processor.ModelHandlerException: ch.qos.logback.core.util.DynamicClassLoadingException: Failed to instantiate type org.apache.cassandra.LogbackStatusListener
	at 	at ch.qos.logback.core.model.processor.StatusListenerModelHandler.handle(StatusListenerModelHandler.java:57)
	at 	at ch.qos.logback.core.model.processor.DefaultProcessor.secondPhaseTraverse(DefaultProcessor.java:241)
	at 	at ch.qos.logback.core.model.processor.DefaultProcessor.secondPhaseTraverse(DefaultProcessor.java:253)
	at 	at ch.qos.logback.core.model.processor.DefaultProcessor.traversalLoop(DefaultProcessor.java:90)
	at 	at ch.qos.logback.core.model.processor.DefaultProcessor.process(DefaultProcessor.java:106)
	at 	at ch.qos.logback.core.joran.GenericXMLConfigurator.processModel(GenericXMLConfigurator.java:222)
	at 	at ch.qos.logback.core.joran.GenericXMLConfigurator.doConfigure(GenericXMLConfigurator.java:178)
	at 	at ch.qos.logback.core.joran.GenericXMLConfigurator.doConfigure(GenericXMLConfigurator.java:123)
	at 	at ch.qos.logback.core.joran.GenericXMLConfigurator.doConfigure(GenericXMLConfigurator.java:66)
	at 	at ch.qos.logback.classic.util.DefaultJoranConfigurator.configureByResource(DefaultJoranConfigurator.java:68)
	at 	at ch.qos.logback.classic.util.DefaultJoranConfigurator.configure(DefaultJoranConfigurator.java:35)
	at 	at ch.qos.logback.classic.util.ContextInitializer.invokeConfigure(ContextInitializer.java:142)
	at 	at ch.qos.logback.classic.util.ContextInitializer.autoConfig(ContextInitializer.java:101)
	at 	at ch.qos.logback.classic.util.ContextInitializer.autoConfig(ContextInitializer.java:67)
	at 	at ch.qos.logback.classic.spi.LogbackServiceProvider.initializeLoggerContext(LogbackServiceProvider.java:51)
	at 	at ch.qos.logback.classic.spi.LogbackServiceProvider.initialize(LogbackServiceProvider.java:44)
	at 	at org.slf4j.LoggerFactory.bind(LoggerFactory.java:201)
	at 	at org.slf4j.LoggerFactory.performInitialization(LoggerFactory.java:187)
	at 	at org.slf4j.LoggerFactory.getProvider(LoggerFactory.java:511)
	at 	at org.slf4j.LoggerFactory.getILoggerFactory(LoggerFactory.java:497)
	at 	at org.slf4j.LoggerFactory.getLogger(LoggerFactory.java:446)
	at 	at org.slf4j.LoggerFactory.getLogger(LoggerFactory.java:472)
	at 	at org.apache.cassandra.utils.FBUtilities.<clinit>(FBUtilities.java:116)
	at 	at org.apache.cassandra.config.DatabaseDescriptor.<clinit>(DatabaseDescriptor.java:153)
	at 	at org.apache.cassandra.io.util.ChunkCacheFileHandleTest.initialize(ChunkCacheFileHandleTest.java:46)
	at 	at java.base/jdk.internal.reflect.NativeMethodAccessorImpl.invoke0(Native Method)
	at 	at java.base/jdk.internal.reflect.NativeMethodAccessorImpl.invoke(NativeMethodAccessorImpl.java:62)
	at 	at java.base/jdk.internal.reflect.DelegatingMethodAccessorImpl.invoke(DelegatingMethodAccessorImpl.java:43)
	at 	at java.base/java.lang.reflect.Method.invoke(Method.java:566)
	at 	at org.junit.runners.model.FrameworkMethod$1.runReflectiveCall(FrameworkMethod.java:50)
	at 	at org.junit.internal.runners.model.ReflectiveCallable.run(ReflectiveCallable.java:12)
	at 	at org.junit.runners.model.FrameworkMethod.invokeExplosively(FrameworkMethod.java:47)
	at 	at org.junit.internal.runners.statements.RunBefores.evaluate(RunBefores.java:24)
	at 	at org.junit.runners.ParentRunner.run(ParentRunner.java:363)
	at 	at org.junit.runners.Suite.runChild(Suite.java:128)
	at 	at org.junit.runners.Suite.runChild(Suite.java:27)
	at 	at org.junit.runners.ParentRunner$3.run(ParentRunner.java:290)
	at 	at org.junit.runners.ParentRunner$1.schedule(ParentRunner.java:71)
	at 	at org.junit.runners.ParentRunner.runChildren(ParentRunner.java:288)
	at 	at org.junit.runners.ParentRunner.access$000(ParentRunner.java:58)
	at 	at org.junit.runners.ParentRunner$2.evaluate(ParentRunner.java:268)
	at 	at org.junit.runners.ParentRunner.run(ParentRunner.java:363)
	at 	at org.junit.runner.JUnitCore.run(JUnitCore.java:137)
	at 	at org.junit.runner.JUnitCore.run(JUnitCore.java:115)
	at 	at org.junit.runner.JUnitCore.runMain(JUnitCore.java:77)
	at 	at org.junit.runner.JUnitCore.main(JUnitCore.java:36)
Caused by: ch.qos.logback.core.util.DynamicClassLoadingException: Failed to instantiate type org.apache.cassandra.LogbackStatusListener
	at 	at ch.qos.logback.core.util.OptionHelper.instantiateByClassNameAndParameter(OptionHelper.java:69)
	at 	at ch.qos.logback.core.util.OptionHelper.instantiateByClassName(OptionHelper.java:44)
	at 	at ch.qos.logback.core.util.OptionHelper.instantiateByClassName(OptionHelper.java:33)
	at 	at ch.qos.logback.core.model.processor.StatusListenerModelHandler.handle(StatusListenerModelHandler.java:46)
	at 	... 45 common frames omitted
Caused by: java.lang.ClassNotFoundException: org.apache.cassandra.LogbackStatusListener
	at 	at java.base/jdk.internal.loader.BuiltinClassLoader.loadClass(BuiltinClassLoader.java:581)
	at 	at java.base/jdk.internal.loader.ClassLoaders$AppClassLoader.loadClass(ClassLoaders.java:178)
	at 	at java.base/java.lang.ClassLoader.loadClass(ClassLoader.java:527)
	at 	at ch.qos.logback.core.util.OptionHelper.instantiateByClassNameAndParameter(OptionHelper.java:56)
	at 	... 48 common frames omitted
14:52:33,969 |-INFO in ch.qos.logback.core.model.processor.AppenderModelHandler - Processing appender named [STDOUT]
14:52:33,969 |-INFO in ch.qos.logback.core.model.processor.AppenderModelHandler - About to instantiate appender of type [org.apache.cassandra.ConsoleAppender]
14:52:33,969 |-ERROR in ch.qos.logback.core.model.processor.AppenderModelHandler - Could not create an Appender of type [org.apache.cassandra.ConsoleAppender]. ch.qos.logback.core.util.DynamicClassLoadingException: Failed to instantiate type org.apache.cassandra.ConsoleAppender
	at ch.qos.logback.core.util.DynamicClassLoadingException: Failed to instantiate type org.apache.cassandra.ConsoleAppender
	at 	at ch.qos.logback.core.util.OptionHelper.instantiateByClassNameAndParameter(OptionHelper.java:69)
	at 	at ch.qos.logback.core.util.OptionHelper.instantiateByClassName(OptionHelper.java:44)
	at 	at ch.qos.logback.core.util.OptionHelper.instantiateByClassName(OptionHelper.java:33)
	at 	at ch.qos.logback.core.model.processor.AppenderModelHandler.handle(AppenderModelHandler.java:67)
	at 	at ch.qos.logback.core.model.processor.DefaultProcessor.secondPhaseTraverse(DefaultProcessor.java:241)
	at 	at ch.qos.logback.core.model.processor.DefaultProcessor.secondPhaseTraverse(DefaultProcessor.java:253)
	at 	at ch.qos.logback.core.model.processor.DefaultProcessor.traversalLoop(DefaultProcessor.java:90)
	at 	at ch.qos.logback.core.model.processor.DefaultProcessor.process(DefaultProcessor.java:106)
	at 	at ch.qos.logback.core.joran.GenericXMLConfigurator.processModel(GenericXMLConfigurator.java:222)
	at 	at ch.qos.logback.core.joran.GenericXMLConfigurator.doConfigure(GenericXMLConfigurator.java:178)
	at 	at ch.qos.logback.core.joran.GenericXMLConfigurator.doConfigure(GenericXMLConfigurator.java:123)
	at 	at ch.qos.logback.core.joran.GenericXMLConfigurator.doConfigure(GenericXMLConfigurator.java:66)
	at 	at ch.qos.logback.classic.util.DefaultJoranConfigurator.configureByResource(DefaultJoranConfigurator.java:68)
	at 	at ch.qos.logback.classic.util.DefaultJoranConfigurator.configure(DefaultJoranConfigurator.java:35)
	at 	at ch.qos.logback.classic.util.ContextInitializer.invokeConfigure(ContextInitializer.java:142)
	at 	at ch.qos.logback.classic.util.ContextInitializer.autoConfig(ContextInitializer.java:101)
	at 	at ch.qos.logback.classic.util.ContextInitializer.autoConfig(ContextInitializer.java:67)
	at 	at ch.qos.logback.classic.spi.LogbackServiceProvider.initializeLoggerContext(LogbackServiceProvider.java:51)
	at 	at ch.qos.logback.classic.spi.LogbackServiceProvider.initialize(LogbackServiceProvider.java:44)
	at 	at org.slf4j.LoggerFactory.bind(LoggerFactory.java:201)
	at 	at org.slf4j.LoggerFactory.performInitialization(LoggerFactory.java:187)
	at 	at org.slf4j.LoggerFactory.getProvider(LoggerFactory.java:511)
	at 	at org.slf4j.LoggerFactory.getILoggerFactory(LoggerFactory.java:497)
	at 	at org.slf4j.LoggerFactory.getLogger(LoggerFactory.java:446)
	at 	at org.slf4j.LoggerFactory.getLogger(LoggerFactory.java:472)
	at 	at org.apache.cassandra.utils.FBUtilities.<clinit>(FBUtilities.java:116)
	at 	at org.apache.cassandra.config.DatabaseDescriptor.<clinit>(DatabaseDescriptor.java:153)
	at 	at org.apache.cassandra.io.util.ChunkCacheFileHandleTest.initialize(ChunkCacheFileHandleTest.java:46)
	at 	at java.base/jdk.internal.reflect.NativeMethodAccessorImpl.invoke0(Native Method)
	at 	at java.base/jdk.internal.reflect.NativeMethodAccessorImpl.invoke(NativeMethodAccessorImpl.java:62)
	at 	at java.base/jdk.internal.reflect.DelegatingMethodAccessorImpl.invoke(DelegatingMethodAccessorImpl.java:43)
	at 	at java.base/java.lang.reflect.Method.invoke(Method.java:566)
	at 	at org.junit.runners.model.FrameworkMethod$1.runReflectiveCall(FrameworkMethod.java:50)
	at 	at org.junit.internal.runners.model.ReflectiveCallable.run(ReflectiveCallable.java:12)
	at 	at org.junit.runners.model.FrameworkMethod.invokeExplosively(FrameworkMethod.java:47)
	at 	at org.junit.internal.runners.statements.RunBefores.evaluate(RunBefores.java:24)
	at 	at org.junit.runners.ParentRunner.run(ParentRunner.java:363)
	at 	at org.junit.runners.Suite.runChild(Suite.java:128)
	at 	at org.junit.runners.Suite.runChild(Suite.java:27)
	at 	at org.junit.runners.ParentRunner$3.run(ParentRunner.java:290)
	at 	at org.junit.runners.ParentRunner$1.schedule(ParentRunner.java:71)
	at 	at org.junit.runners.ParentRunner.runChildren(ParentRunner.java:288)
	at 	at org.junit.runners.ParentRunner.access$000(ParentRunner.java:58)
	at 	at org.junit.runners.ParentRunner$2.evaluate(ParentRunner.java:268)
	at 	at org.junit.runners.ParentRunner.run(ParentRunner.java:363)
	at 	at org.junit.runner.JUnitCore.run(JUnitCore.java:137)
	at 	at org.junit.runner.JUnitCore.run(JUnitCore.java:115)
	at 	at org.junit.runner.JUnitCore.runMain(JUnitCore.java:77)
	at 	at org.junit.runner.JUnitCore.main(JUnitCore.java:36)
Caused by: java.lang.ClassNotFoundException: org.apache.cassandra.ConsoleAppender
	at 	at java.base/jdk.internal.loader.BuiltinClassLoader.loadClass(BuiltinClassLoader.java:581)
	at 	at java.base/jdk.internal.loader.ClassLoaders$AppClassLoader.loadClass(ClassLoaders.java:178)
	at 	at java.base/java.lang.ClassLoader.loadClass(ClassLoader.java:527)
	at 	at ch.qos.logback.core.util.OptionHelper.instantiateByClassNameAndParameter(OptionHelper.java:56)
	at 	... 48 common frames omitted
14:52:33,969 |-ERROR in ch.qos.logback.core.model.processor.DefaultProcessor@649bec2e - Failed to traverse model appender ch.qos.logback.core.model.processor.ModelHandlerException: ch.qos.logback.core.util.DynamicClassLoadingException: Failed to instantiate type org.apache.cassandra.ConsoleAppender
	at ch.qos.logback.core.model.processor.ModelHandlerException: ch.qos.logback.core.util.DynamicClassLoadingException: Failed to instantiate type org.apache.cassandra.ConsoleAppender
	at 	at ch.qos.logback.core.model.processor.AppenderModelHandler.handle(AppenderModelHandler.java:75)
	at 	at ch.qos.logback.core.model.processor.DefaultProcessor.secondPhaseTraverse(DefaultProcessor.java:241)
	at 	at ch.qos.logback.core.model.processor.DefaultProcessor.secondPhaseTraverse(DefaultProcessor.java:253)
	at 	at ch.qos.logback.core.model.processor.DefaultProcessor.traversalLoop(DefaultProcessor.java:90)
	at 	at ch.qos.logback.core.model.processor.DefaultProcessor.process(DefaultProcessor.java:106)
	at 	at ch.qos.logback.core.joran.GenericXMLConfigurator.processModel(GenericXMLConfigurator.java:222)
	at 	at ch.qos.logback.core.joran.GenericXMLConfigurator.doConfigure(GenericXMLConfigurator.java:178)
	at 	at ch.qos.logback.core.joran.GenericXMLConfigurator.doConfigure(GenericXMLConfigurator.java:123)
	at 	at ch.qos.logback.core.joran.GenericXMLConfigurator.doConfigure(GenericXMLConfigurator.java:66)
	at 	at ch.qos.logback.classic.util.DefaultJoranConfigurator.configureByResource(DefaultJoranConfigurator.java:68)
	at 	at ch.qos.logback.classic.util.DefaultJoranConfigurator.configure(DefaultJoranConfigurator.java:35)
	at 	at ch.qos.logback.classic.util.ContextInitializer.invokeConfigure(ContextInitializer.java:142)
	at 	at ch.qos.logback.classic.util.ContextInitializer.autoConfig(ContextInitializer.java:101)
	at 	at ch.qos.logback.classic.util.ContextInitializer.autoConfig(ContextInitializer.java:67)
	at 	at ch.qos.logback.classic.spi.LogbackServiceProvider.initializeLoggerContext(LogbackServiceProvider.java:51)
	at 	at ch.qos.logback.classic.spi.LogbackServiceProvider.initialize(LogbackServiceProvider.java:44)
	at 	at org.slf4j.LoggerFactory.bind(LoggerFactory.java:201)
	at 	at org.slf4j.LoggerFactory.performInitialization(LoggerFactory.java:187)
	at 	at org.slf4j.LoggerFactory.getProvider(LoggerFactory.java:511)
	at 	at org.slf4j.LoggerFactory.getILoggerFactory(LoggerFactory.java:497)
	at 	at org.slf4j.LoggerFactory.getLogger(LoggerFactory.java:446)
	at 	at org.slf4j.LoggerFactory.getLogger(LoggerFactory.java:472)
	at 	at org.apache.cassandra.utils.FBUtilities.<clinit>(FBUtilities.java:116)
	at 	at org.apache.cassandra.config.DatabaseDescriptor.<clinit>(DatabaseDescriptor.java:153)
	at 	at org.apache.cassandra.io.util.ChunkCacheFileHandleTest.initialize(ChunkCacheFileHandleTest.java:46)
	at 	at java.base/jdk.internal.reflect.NativeMethodAccessorImpl.invoke0(Native Method)
	at 	at java.base/jdk.internal.reflect.NativeMethodAccessorImpl.invoke(NativeMethodAccessorImpl.java:62)
	at 	at java.base/jdk.internal.reflect.DelegatingMethodAccessorImpl.invoke(DelegatingMethodAccessorImpl.java:43)
	at 	at java.base/java.lang.reflect.Method.invoke(Method.java:566)
	at 	at org.junit.runners.model.FrameworkMethod$1.runReflectiveCall(FrameworkMethod.java:50)
	at 	at org.junit.internal.runners.model.ReflectiveCallable.run(ReflectiveCallable.java:12)
	at 	at org.junit.runners.model.FrameworkMethod.invokeExplosively(FrameworkMethod.java:47)
	at 	at org.junit.internal.runners.statements.RunBefores.evaluate(RunBefores.java:24)
	at 	at org.junit.runners.ParentRunner.run(ParentRunner.java:363)
	at 	at org.junit.runners.Suite.runChild(Suite.java:128)
	at 	at org.junit.runners.Suite.runChild(Suite.java:27)
	at 	at org.junit.runners.ParentRunner$3.run(ParentRunner.java:290)
	at 	at org.junit.runners.ParentRunner$1.schedule(ParentRunner.java:71)
	at 	at org.junit.runners.ParentRunner.runChildren(ParentRunner.java:288)
	at 	at org.junit.runners.ParentRunner.access$000(ParentRunner.java:58)
	at 	at org.junit.runners.ParentRunner$2.evaluate(ParentRunner.java:268)
	at 	at org.junit.runners.ParentRunner.run(ParentRunner.java:363)
	at 	at org.junit.runner.JUnitCore.run(JUnitCore.java:137)
	at 	at org.junit.runner.JUnitCore.run(JUnitCore.java:115)
	at 	at org.junit.runner.JUnitCore.runMain(JUnitCore.java:77)
	at 	at org.junit.runner.JUnitCore.main(JUnitCore.java:36)
Caused by: ch.qos.logback.core.util.DynamicClassLoadingException: Failed to instantiate type org.apache.cassandra.ConsoleAppender
	at 	at ch.qos.logback.core.util.OptionHelper.instantiateByClassNameAndParameter(OptionHelper.java:69)
	at 	at ch.qos.logback.core.util.OptionHelper.instantiateByClassName(OptionHelper.java:44)
	at 	at ch.qos.logback.core.util.OptionHelper.instantiateByClassName(OptionHelper.java:33)
	at 	at ch.qos.logback.core.model.processor.AppenderModelHandler.handle(AppenderModelHandler.java:67)
	at 	... 45 common frames omitted
Caused by: java.lang.ClassNotFoundException: org.apache.cassandra.ConsoleAppender
	at 	at java.base/jdk.internal.loader.BuiltinClassLoader.loadClass(BuiltinClassLoader.java:581)
	at 	at java.base/jdk.internal.loader.ClassLoaders$AppClassLoader.loadClass(ClassLoaders.java:178)
	at 	at java.base/java.lang.ClassLoader.loadClass(ClassLoader.java:527)
	at 	at ch.qos.logback.core.util.OptionHelper.instantiateByClassNameAndParameter(OptionHelper.java:56)
	at 	... 48 common frames omitted
14:52:33,969 |-INFO in ch.qos.logback.core.model.processor.DefaultProcessor@649bec2e - End of configuration.
14:52:33,969 |-INFO in ch.qos.logback.classic.joran.JoranConfigurator@a2431d0 - Registering current configuration as safe fallback point
14:52:33,969 |-INFO in ch.qos.logback.classic.util.ContextInitializer@5fd4f8f5 - ch.qos.logback.classic.util.DefaultJoranConfigurator.configure() call lasted 104 milliseconds. ExecutionStatus=DO_NOT_INVOKE_NEXT_IF_ANY

E
Time: 0.323
There was 1 failure:
1) org.apache.cassandra.io.util.ChunkCacheFileHandleTest
java.lang.ExceptionInInitializerError
	at org.apache.cassandra.config.DatabaseDescriptor.resolveCommitLogWriteDiskAccessMode(DatabaseDescriptor.java:1502)
	at org.apache.cassandra.config.DatabaseDescriptor.initializeCommitLogDiskAccessMode(DatabaseDescriptor.java:2910)
	at org.apache.cassandra.config.DatabaseDescriptor.applySimpleConfig(DatabaseDescriptor.java:640)
	at org.apache.cassandra.config.DatabaseDescriptor.applyAll(DatabaseDescriptor.java:455)
	at org.apache.cassandra.config.DatabaseDescriptor.daemonInitialization(DatabaseDescriptor.java:263)
	at org.apache.cassandra.config.DatabaseDescriptor.daemonInitialization(DatabaseDescriptor.java:247)
	at org.apache.cassandra.io.util.ChunkCacheFileHandleTest.initialize(ChunkCacheFileHandleTest.java:46)
	at java.base/jdk.internal.reflect.NativeMethodAccessorImpl.invoke0(Native Method)
	at java.base/jdk.internal.reflect.NativeMethodAccessorImpl.invoke(NativeMethodAccessorImpl.java:62)
	at java.base/jdk.internal.reflect.DelegatingMethodAccessorImpl.invoke(DelegatingMethodAccessorImpl.java:43)
	at java.base/java.lang.reflect.Method.invoke(Method.java:566)
	at org.junit.runners.model.FrameworkMethod$1.runReflectiveCall(FrameworkMethod.java:50)
	at org.junit.internal.runners.model.ReflectiveCallable.run(ReflectiveCallable.java:12)
	at org.junit.runners.model.FrameworkMethod.invokeExplosively(FrameworkMethod.java:47)
	at org.junit.internal.runners.statements.RunBefores.evaluate(RunBefores.java:24)
	at org.junit.runners.ParentRunner.run(ParentRunner.java:363)
	at org.junit.runners.Suite.runChild(Suite.java:128)
	at org.junit.runners.Suite.runChild(Suite.java:27)
	at org.junit.runners.ParentRunner$3.run(ParentRunner.java:290)
	at org.junit.runners.ParentRunner$1.schedule(ParentRunner.java:71)
	at org.junit.runners.ParentRunner.runChildren(ParentRunner.java:288)
	at org.junit.runners.ParentRunner.access$000(ParentRunner.java:58)
	at org.junit.runners.ParentRunner$2.evaluate(ParentRunner.java:268)
	at org.junit.runners.ParentRunner.run(ParentRunner.java:363)
	at org.junit.runner.JUnitCore.run(JUnitCore.java:137)
	at org.junit.runner.JUnitCore.run(JUnitCore.java:115)
	at org.junit.runner.JUnitCore.runMain(JUnitCore.java:77)
	at org.junit.runner.JUnitCore.main(JUnitCore.java:36)
Caused by: java.lang.RuntimeException: java.lang.IllegalAccessException: access to public member failed: jdk.internal.ref.Cleaner.clean[Ljava.lang.Object;@67c2e933/invokeVirtual, from org.apache.cassandra.io.util.FileUtils (unnamed module @d2cc05a)
	at org.apache.cassandra.io.util.FileUtils.<clinit>(FileUtils.java:106)
	... 28 more
Caused by: java.lang.IllegalAccessException: access to public member failed: jdk.internal.ref.Cleaner.clean[Ljava.lang.Object;@67c2e933/invokeVirtual, from org.apache.cassandra.io.util.FileUtils (unnamed module @d2cc05a)
	at java.base/java.lang.invoke.MemberName.makeAccessException(MemberName.java:942)
	at java.base/java.lang.invoke.MethodHandles$Lookup.checkAccess(MethodHandles.java:2201)
	at java.base/java.lang.invoke.MethodHandles$Lookup.checkMethod(MethodHandles.java:2141)
	at java.base/java.lang.invoke.MethodHandles$Lookup.getDirectMethodCommon(MethodHandles.java:2285)
	at java.base/java.lang.invoke.MethodHandles$Lookup.getDirectMethodNoSecurityManager(MethodHandles.java:2278)
	at java.base/java.lang.invoke.MethodHandles$Lookup.unreflect(MethodHandles.java:1747)
	at org.apache.cassandra.io.util.FileUtils.<clinit>(FileUtils.java:95)
	... 28 more

FAILURES!!!
Tests run: 0,  Failures: 1

