WARNING: An illegal reflective access operation has occurred
WARNING: Illegal reflective access by org.github.jamm.utils.InjectedInvoker/0x000000084024e040 (file:/home/dongju/vcomp/cassandra_vcomp/lib/jamm-0.4.0.jar) to field java.nio.DirectByteBuffer.att
WARNING: Please consider reporting this to the maintainers of org.github.jamm.utils.InjectedInvoker/0x000000084024e040
WARNING: Use --illegal-access=warn to enable warnings of further illegal reflective access operations
WARNING: All illegal access operations will be denied in a future release
Exception in thread "main" java.lang.RuntimeException: workload failed
	at CassandraPaperWorkload$WorkloadContext.run(CassandraPaperWorkload.java:187)
	at CassandraPaperWorkload.main(CassandraPaperWorkload.java:77)
Caused by: com.datastax.driver.core.exceptions.ReadFailureException: Cassandra failure during read query at consistency LOCAL_ONE (1 responses were required but only 0 replica responded, 1 failed)
	at com.datastax.driver.core.exceptions.ReadFailureException.copy(ReadFailureException.java:182)
	at com.datastax.driver.core.exceptions.ReadFailureException.copy(ReadFailureException.java:32)
	at com.datastax.driver.core.DriverThrowables.propagateCause(DriverThrowables.java:37)
	at com.datastax.driver.core.DefaultResultSetFuture.getUninterruptibly(DefaultResultSetFuture.java:295)
	at com.datastax.driver.core.AbstractSession.execute(AbstractSession.java:60)
	at CassandraPaperWorkload$WorkloadContext.pointRead(CassandraPaperWorkload.java:305)
	at CassandraPaperWorkload$WorkloadContext.runWorker(CassandraPaperWorkload.java:230)
	at CassandraPaperWorkload$WorkloadContext.lambda$run$0(CassandraPaperWorkload.java:162)
	at java.base/java.util.concurrent.ThreadPoolExecutor.runWorker(ThreadPoolExecutor.java:1128)
	at java.base/java.util.concurrent.ThreadPoolExecutor$Worker.run(ThreadPoolExecutor.java:628)
	at java.base/java.lang.Thread.run(Thread.java:829)
Caused by: com.datastax.driver.core.exceptions.ReadFailureException: Cassandra failure during read query at consistency LOCAL_ONE (1 responses were required but only 0 replica responded, 1 failed)
	at com.datastax.driver.core.exceptions.ReadFailureException.copy(ReadFailureException.java:194)
	at com.datastax.driver.core.Responses$Error.asException(Responses.java:183)
	at com.datastax.driver.core.RequestHandler$SpeculativeExecution.onSet(RequestHandler.java:653)
	at com.datastax.driver.core.Connection$Dispatcher.channelRead0(Connection.java:1292)
	at com.datastax.driver.core.Connection$Dispatcher.channelRead0(Connection.java:1210)
	at com.datastax.shaded.netty.channel.SimpleChannelInboundHandler.channelRead(SimpleChannelInboundHandler.java:99)
	at com.datastax.shaded.netty.channel.AbstractChannelHandlerContext.invokeChannelRead(AbstractChannelHandlerContext.java:444)
	at com.datastax.shaded.netty.channel.AbstractChannelHandlerContext.invokeChannelRead(AbstractChannelHandlerContext.java:420)
	at com.datastax.shaded.netty.channel.AbstractChannelHandlerContext.fireChannelRead(AbstractChannelHandlerContext.java:412)
	at com.datastax.shaded.netty.handler.timeout.IdleStateHandler.channelRead(IdleStateHandler.java:286)
	at com.datastax.shaded.netty.channel.AbstractChannelHandlerContext.invokeChannelRead(AbstractChannelHandlerContext.java:442)
	at com.datastax.shaded.netty.channel.AbstractChannelHandlerContext.invokeChannelRead(AbstractChannelHandlerContext.java:420)
	at com.datastax.shaded.netty.channel.AbstractChannelHandlerContext.fireChannelRead(AbstractChannelHandlerContext.java:412)
	at com.datastax.shaded.netty.handler.codec.MessageToMessageDecoder.channelRead(MessageToMessageDecoder.java:103)
	at com.datastax.shaded.netty.channel.AbstractChannelHandlerContext.invokeChannelRead(AbstractChannelHandlerContext.java:444)
	at com.datastax.shaded.netty.channel.AbstractChannelHandlerContext.invokeChannelRead(AbstractChannelHandlerContext.java:420)
	at com.datastax.shaded.netty.channel.AbstractChannelHandlerContext.fireChannelRead(AbstractChannelHandlerContext.java:412)
	at com.datastax.shaded.netty.handler.codec.MessageToMessageDecoder.channelRead(MessageToMessageDecoder.java:103)
	at com.datastax.shaded.netty.channel.AbstractChannelHandlerContext.invokeChannelRead(AbstractChannelHandlerContext.java:444)
	at com.datastax.shaded.netty.channel.AbstractChannelHandlerContext.invokeChannelRead(AbstractChannelHandlerContext.java:420)
	at com.datastax.shaded.netty.channel.AbstractChannelHandlerContext.fireChannelRead(AbstractChannelHandlerContext.java:412)
	at com.datastax.shaded.netty.handler.codec.ByteToMessageDecoder.fireChannelRead(ByteToMessageDecoder.java:346)
	at com.datastax.shaded.netty.handler.codec.ByteToMessageDecoder.fireChannelRead(ByteToMessageDecoder.java:333)
	at com.datastax.shaded.netty.handler.codec.ByteToMessageDecoder.callDecode(ByteToMessageDecoder.java:454)
	at com.datastax.shaded.netty.handler.codec.ByteToMessageDecoder.channelRead(ByteToMessageDecoder.java:290)
	at com.datastax.shaded.netty.channel.AbstractChannelHandlerContext.invokeChannelRead(AbstractChannelHandlerContext.java:444)
	at com.datastax.shaded.netty.channel.AbstractChannelHandlerContext.invokeChannelRead(AbstractChannelHandlerContext.java:420)
	at com.datastax.shaded.netty.channel.AbstractChannelHandlerContext.fireChannelRead(AbstractChannelHandlerContext.java:412)
	at com.datastax.shaded.netty.channel.DefaultChannelPipeline$HeadContext.channelRead(DefaultChannelPipeline.java:1410)
	at com.datastax.shaded.netty.channel.AbstractChannelHandlerContext.invokeChannelRead(AbstractChannelHandlerContext.java:440)
	at com.datastax.shaded.netty.channel.AbstractChannelHandlerContext.invokeChannelRead(AbstractChannelHandlerContext.java:420)
	at com.datastax.shaded.netty.channel.DefaultChannelPipeline.fireChannelRead(DefaultChannelPipeline.java:919)
	at com.datastax.shaded.netty.channel.nio.AbstractNioByteChannel$NioByteUnsafe.read(AbstractNioByteChannel.java:166)
	at com.datastax.shaded.netty.channel.nio.NioEventLoop.processSelectedKey(NioEventLoop.java:788)
	at com.datastax.shaded.netty.channel.nio.NioEventLoop.processSelectedKeysOptimized(NioEventLoop.java:724)
	at com.datastax.shaded.netty.channel.nio.NioEventLoop.processSelectedKeys(NioEventLoop.java:650)
	at com.datastax.shaded.netty.channel.nio.NioEventLoop.run(NioEventLoop.java:562)
	at com.datastax.shaded.netty.util.concurrent.SingleThreadEventExecutor$4.run(SingleThreadEventExecutor.java:997)
	at com.datastax.shaded.netty.util.internal.ThreadExecutorMap$2.run(ThreadExecutorMap.java:74)
	at com.datastax.shaded.netty.util.concurrent.FastThreadLocalRunnable.run(FastThreadLocalRunnable.java:30)
	... 1 more
Caused by: com.datastax.driver.core.exceptions.ReadFailureException: Cassandra failure during read query at consistency LOCAL_ONE (1 responses were required but only 0 replica responded, 1 failed)
	at com.datastax.driver.core.Responses$Error$1.decode(Responses.java:121)
	at com.datastax.driver.core.Responses$Error$1.decode(Responses.java:69)
	at com.datastax.driver.core.Message$ProtocolDecoder.decode(Message.java:299)
	at com.datastax.driver.core.Message$ProtocolDecoder.decode(Message.java:270)
	at com.datastax.shaded.netty.handler.codec.MessageToMessageDecoder.channelRead(MessageToMessageDecoder.java:88)
	... 27 more
