JUnit version 4.12
WARNING: An illegal reflective access operation has occurred
WARNING: Illegal reflective access by org.github.jamm.utils.InjectedInvoker/0x000000084007e040 (file:/home/dongju/vcomp/cassandra_vcomp/build/lib/jars/jamm-0.4.0.jar) to field java.nio.DirectByteBuffer.att
WARNING: Please consider reporting this to the maintainers of org.github.jamm.utils.InjectedInvoker/0x000000084007e040
WARNING: Use --illegal-access=warn to enable warnings of further illegal reflective access operations
WARNING: All illegal access operations will be denied in a future release
.E
Time: 0.402
There was 1 failure:
1) isolateDescriptorTimestampAndPhysicalWriter(org.apache.cassandra.db.compaction.vcomp.VCompTimestampMaterializationDiagnosticTest)
java.lang.AssertionError: java.net.SocketException: Operation not permitted (Socket creation failed)
	at org.apache.cassandra.utils.TimeUUID$Generator.getAllLocalAddresses(TimeUUID.java:562)
	at org.apache.cassandra.utils.TimeUUID$Generator.makeNode(TimeUUID.java:480)
	at org.apache.cassandra.utils.TimeUUID$Generator.makeClockSeqAndNode(TimeUUID.java:463)
	at org.apache.cassandra.utils.TimeUUID$Generator.<clinit>(TimeUUID.java:370)
	at org.apache.cassandra.schema.TableId.generate(TableId.java:61)
	at org.apache.cassandra.schema.TableMetadata$Builder.build(TableMetadata.java:858)
	at org.apache.cassandra.io.sstable.CQLSSTableWriter$Builder.createTable(CQLSSTableWriter.java:869)
	at org.apache.cassandra.io.sstable.CQLSSTableWriter$Builder.build(CQLSSTableWriter.java:761)
	at org.apache.cassandra.db.compaction.vcomp.VCompTimestampMaterializationDiagnosticTest.writeCql(VCompTimestampMaterializationDiagnosticTest.java:112)
	at org.apache.cassandra.db.compaction.vcomp.VCompTimestampMaterializationDiagnosticTest.isolateDescriptorTimestampAndPhysicalWriter(VCompTimestampMaterializationDiagnosticTest.java:63)
	at java.base/jdk.internal.reflect.NativeMethodAccessorImpl.invoke0(Native Method)
	at java.base/jdk.internal.reflect.NativeMethodAccessorImpl.invoke(NativeMethodAccessorImpl.java:62)
	at java.base/jdk.internal.reflect.DelegatingMethodAccessorImpl.invoke(DelegatingMethodAccessorImpl.java:43)
	at java.base/java.lang.reflect.Method.invoke(Method.java:566)
	at org.junit.runners.model.FrameworkMethod$1.runReflectiveCall(FrameworkMethod.java:50)
	at org.junit.internal.runners.model.ReflectiveCallable.run(ReflectiveCallable.java:12)
	at org.junit.runners.model.FrameworkMethod.invokeExplosively(FrameworkMethod.java:47)
	at org.junit.internal.runners.statements.InvokeMethod.evaluate(InvokeMethod.java:17)
	at org.junit.runners.ParentRunner.runLeaf(ParentRunner.java:325)
	at org.junit.runners.BlockJUnit4ClassRunner.runChild(BlockJUnit4ClassRunner.java:78)
	at org.junit.runners.BlockJUnit4ClassRunner.runChild(BlockJUnit4ClassRunner.java:57)
	at org.junit.runners.ParentRunner$3.run(ParentRunner.java:290)
	at org.junit.runners.ParentRunner$1.schedule(ParentRunner.java:71)
	at org.junit.runners.ParentRunner.runChildren(ParentRunner.java:288)
	at org.junit.runners.ParentRunner.access$000(ParentRunner.java:58)
	at org.junit.runners.ParentRunner$2.evaluate(ParentRunner.java:268)
	at org.junit.runners.ParentRunner.run(ParentRunner.java:363)
	at org.junit.runners.Suite.runChild(Suite.java:128)
	at org.junit.runners.Suite.runChild(Suite.java:27)
	at org.junit.runners.ParentRunner$3.run(ParentRunner.java:290)
	at org.junit.runners.ParentRunner$1.schedule(ParentRunner.java:71)
	at org.junit.runners.ParentRunner.runChildren(ParentRunner.java:288)
	at org.junit.runners.ParentRunner.access$000(ParentRunner.java:58)
	at org.junit.runners.ParentRunner$2.evaluate(ParentRunner.java:268)
	at org.junit.runners.ParentRunner.run(ParentRunner.java:363)
	at org.junit.runner.JUnitCore.run(JUnitCore.java:137)
	at org.junit.runner.JUnitCore.run(JUnitCore.java:115)
	at org.junit.runner.JUnitCore.runMain(JUnitCore.java:77)
	at org.junit.runner.JUnitCore.main(JUnitCore.java:36)
Caused by: java.net.SocketException: Operation not permitted (Socket creation failed)
	at java.base/java.net.NetworkInterface.getAll(Native Method)
	at java.base/java.net.NetworkInterface.getNetworkInterfaces(NetworkInterface.java:359)
	at org.apache.cassandra.utils.TimeUUID$Generator.getAllLocalAddresses(TimeUUID.java:547)
	... 38 more

FAILURES!!!
Tests run: 1,  Failures: 1

