JUnit version 4.12
.............................................E..
Time: 0.929
There was 1 failure:
1) sizingRetainsSparseInputAndCountsOnlyDataComponent(org.apache.cassandra.db.compaction.vcomp.VCompFirstFlushSizingTest)
java.lang.IllegalArgumentException: Invalid sstable file oa-4-big-Data.db: cannot extract keyspace and table name from /tmp/vcomp-cassandra-repair-qualification-20260915/tmp/junit14551229219658573610/sizing/.vcomp-calibration/first-source-flush/oa-4-big-Data.db; make sure the sstable is in the proper sub-directories
	at org.apache.cassandra.io.sstable.Descriptor.invalidSSTable(Descriptor.java:436)
	at org.apache.cassandra.io.sstable.Descriptor.fromFileWithComponent(Descriptor.java:334)
	at org.apache.cassandra.io.sstable.Descriptor.fromFileWithComponent(Descriptor.java:297)
	at org.apache.cassandra.io.sstable.Descriptor.fromFile(Descriptor.java:264)
	at org.apache.cassandra.db.compaction.vcomp.VCompFirstFlushSizingTest.sizingRetainsSparseInputAndCountsOnlyDataComponent(VCompFirstFlushSizingTest.java:67)
	at java.base/jdk.internal.reflect.NativeMethodAccessorImpl.invoke0(Native Method)
	at java.base/jdk.internal.reflect.NativeMethodAccessorImpl.invoke(NativeMethodAccessorImpl.java:62)
	at java.base/jdk.internal.reflect.DelegatingMethodAccessorImpl.invoke(DelegatingMethodAccessorImpl.java:43)
	at java.base/java.lang.reflect.Method.invoke(Method.java:566)
	at org.junit.runners.model.FrameworkMethod$1.runReflectiveCall(FrameworkMethod.java:50)
	at org.junit.internal.runners.model.ReflectiveCallable.run(ReflectiveCallable.java:12)
	at org.junit.runners.model.FrameworkMethod.invokeExplosively(FrameworkMethod.java:47)
	at org.junit.internal.runners.statements.InvokeMethod.evaluate(InvokeMethod.java:17)
	at org.junit.rules.ExternalResource$1.evaluate(ExternalResource.java:48)
	at org.junit.rules.RunRules.evaluate(RunRules.java:20)
	at org.junit.runners.ParentRunner.runLeaf(ParentRunner.java:325)
	at org.junit.runners.BlockJUnit4ClassRunner.runChild(BlockJUnit4ClassRunner.java:78)
	at org.junit.runners.BlockJUnit4ClassRunner.runChild(BlockJUnit4ClassRunner.java:57)
	at org.junit.runners.ParentRunner$3.run(ParentRunner.java:290)
	at org.junit.runners.ParentRunner$1.schedule(ParentRunner.java:71)
	at org.junit.runners.ParentRunner.runChildren(ParentRunner.java:288)
	at org.junit.runners.ParentRunner.access$000(ParentRunner.java:58)
	at org.junit.runners.ParentRunner$2.evaluate(ParentRunner.java:268)
	at org.junit.runners.ParentRunner.run(ParentRunner.java:363)
	at org.junit.runners.Suite.runChild(Suite.java:128)
	at org.junit.runners.Suite.runChild(Suite.java:27)
	at org.junit.runners.ParentRunner$3.run(ParentRunner.java:290)
	at org.junit.runners.ParentRunner$1.schedule(ParentRunner.java:71)
	at org.junit.runners.ParentRunner.runChildren(ParentRunner.java:288)
	at org.junit.runners.ParentRunner.access$000(ParentRunner.java:58)
	at org.junit.runners.ParentRunner$2.evaluate(ParentRunner.java:268)
	at org.junit.runners.ParentRunner.run(ParentRunner.java:363)
	at org.junit.runner.JUnitCore.run(JUnitCore.java:137)
	at org.junit.runner.JUnitCore.run(JUnitCore.java:115)
	at org.junit.runner.JUnitCore.runMain(JUnitCore.java:77)
	at org.junit.runner.JUnitCore.main(JUnitCore.java:36)

FAILURES!!!
Tests run: 47,  Failures: 1

