Buildfile: /home/dongju/vcomp/cassandra_vcomp/build.xml

init:

_resolver_download:

resolver-init:
[resolver:resolve] Resolving artifacts
[resolver:resolve] Resolving artifacts
[resolver:resolve] Resolving artifacts
[resolver:resolve] Resolving artifacts
[resolver:resolve] Resolving artifacts

write-poms:

resolver-retrieve-build:
[resolver:resolve] Resolving artifacts
[resolver:resolve] Resolving artifacts
    [unzip] Expanding: /home/dongju/vcomp/.m2/repository/org/jacoco/org.jacoco.agent/0.8.8/org.jacoco.agent-0.8.8.jar into /home/dongju/vcomp/cassandra_vcomp/build/lib/jars

check-gen-cql3-grammar:

gen-cql3-grammar:

generate-cql-html:

generate-jflex-java:

build-project:
     [echo] apache-cassandra: /home/dongju/vcomp/cassandra_vcomp/build.xml

_build_java:
     [echo] Compiling for Java 11...
    [javac] Compiling 5 source files to /home/dongju/vcomp/cassandra_vcomp/build/classes/main

_get-git-sha:
     [echo] git.is-available=true
     [echo] git.sha=28919ebc175ff6ff65fe2fc8a935f8d49eb09b92-dirty
     [echo] Repository state is dirty
     [echo]  cassandra_check/run_baseline_vcomp_20g_compare.sh  | 26 ++++++-
     [echo]  .../run_existing_100g_paper_workloads.sh           | 50 +++++++++---
     [echo]  cassandra_check/run_pipeline_100g.sh               |  8 +-
     [echo]  .../compaction/vcomp/DefaultVirtualCompaction.java |  8 +-
     [echo]  .../vcomp/VCompCqlSstableMaterializer.java         | 56 +++++++++++++
     [echo]  .../db/compaction/vcomp/VCompLearnedModel.java     | 46 +++++------
     [echo]  .../db/compaction/vcomp/VCompPipeline.java         |  7 +-
     [echo]  .../org/apache/cassandra/tools/VCompBulkLoad.java  | 18 +++--
     [echo]  .../vcomp/VCompNativeExactDifferentialTest.java    | 91 ++++++++++++++++++++++
     [echo]  .../analysis/publish_cassandra_differential.py     | 31 +++++++-
     [echo]  .../docs/cassandra-differential-debugging.md       | 14 ++++
     [echo]  .../scripts/cassandra/run_bounded_workloads.sh     |  2 +-
     [echo]  .../scripts/cassandra/run_differential_oracle.sh   |  6 ++
     [echo]  resources/report.md                                | 22 ++++++
     [echo]  resources/summary.md                               | 22 ++++++
     [echo]  15 files changed, 359 insertions(+), 48 deletions(-)
     [echo] git.worktree.name=cassandra_vcomp
     [echo] git.branch.name=Vcomp-ssh

set-cqlsh-version:

_createVersionPropFile:
[propertyfile] Updating property file: /home/dongju/vcomp/cassandra_vcomp/src/resources/org/apache/cassandra/config/version.properties
     [copy] Copying 1 file to /home/dongju/vcomp/cassandra_vcomp/build/classes/main

build:

_main-jar:
      [jar] Building jar: /home/dongju/vcomp/cassandra_vcomp/build/apache-cassandra-5.0.9-SNAPSHOT.jar

stress-build:

_stress_build:

stress-build-test:

fqltool-build:

_fqltool_build:

resolver-dist-lib:
[resolver:resolve] Resolving artifacts
[resolver:resolve] Resolving artifacts
[resolver:resolve] Resolving artifacts

_resolver-dist-lib_get_files:
   [delete] Deleting: /home/dongju/vcomp/cassandra_vcomp/lib/netty-tcnative-boringssl-static-2.0.70.Final-windows-x86_64.jar
   [delete] Deleting: /home/dongju/vcomp/cassandra_vcomp/build/lib/jars/netty-tcnative-boringssl-static-2.0.70.Final-windows-x86_64.jar

simulator-asm-build:

_simulator-asm_build:

simulator-bootstrap-build:

_simulator-bootstrap_build:

simulator-jars:

build-test:

_build-test:
    [javac] Compiling 18 source files to /home/dongju/vcomp/cassandra_vcomp/build/test/classes

_check-test-names:
[check-test-names] OpenJDK 64-Bit Server VM warning: Option UseConcMarkSweepGC was deprecated in version 9.0 and will likely be removed in a future release.
[check-test-names] 10:12:04.763 [main] INFO org.reflections.Reflections -- Reflections took 822 ms to scan 3 urls, producing 1038 keys and 13623 values
[check-test-names] OpenJDK 64-Bit Server VM warning: Option UseConcMarkSweepGC was deprecated in version 9.0 and will likely be removed in a future release.
[check-test-names] 10:12:06.093 [main] INFO org.reflections.Reflections -- Reflections took 327 ms to scan 3 urls, producing 1038 keys and 13623 values

stress-jar:

fqltool-jar:

jar:

BUILD SUCCESSFUL
Total time: 5 seconds
