concurrent compactors            48                     
pending tasks                    0                      
compactions completed            4                      
data compacted                   47862                  
compressed data compacted        13790                  
compactions aborted              0                      
compactions reduced              0                      
sstables dropped from compaction 0                      
15 minute rate                   0.26/minute            
mean rate                        283.42/hour            
compaction throughput (MiB/s)    throttling disabled (0)
concurrent compactors            48                     
pending tasks                    0                      
compactions completed            4                      
data compacted                   47862                  
compressed data compacted        13790                  
compactions aborted              0                      
compactions reduced              0                      
sstables dropped from compaction 0                      
15 minute rate                   0.26/minute            
mean rate                        255.93/hour            
compaction throughput (MiB/s)    throttling disabled (0)
concurrent compactors            48                     
pending tasks                    0                      
compactions completed            4                      
data compacted                   47862                  
compressed data compacted        13790                  
compactions aborted              0                      
compactions reduced              0                      
sstables dropped from compaction 0                      
15 minute rate                   0.26/minute            
mean rate                        233.32/hour            
compaction throughput (MiB/s)    throttling disabled (0)
