concurrent compactors            48         
pending tasks                    0          
compactions completed            4          
data compacted                   47881      
compressed data compacted        13807      
compactions aborted              0          
compactions reduced              0          
sstables dropped from compaction 0          
15 minute rate                   0.23/minute
mean rate                        84.17/hour 
compaction throughput (MiB/s)    64.0       
concurrent compactors            48         
pending tasks                    0          
compactions completed            4          
data compacted                   47881      
compressed data compacted        13807      
compactions aborted              0          
compactions reduced              0          
sstables dropped from compaction 0          
15 minute rate                   0.23/minute
mean rate                        81.57/hour 
compaction throughput (MiB/s)    64.0       
concurrent compactors            48         
pending tasks                    0          
compactions completed            4          
data compacted                   47881      
compressed data compacted        13807      
compactions aborted              0          
compactions reduced              0          
sstables dropped from compaction 0          
15 minute rate                   0.23/minute
mean rate                        79.12/hour 
compaction throughput (MiB/s)    64.0       
