concurrent compactors            48                     
pending tasks                    0                      
compactions completed            10                     
data compacted                   2016383120             
compressed data compacted        2016349062             
compactions aborted              0                      
compactions reduced              0                      
sstables dropped from compaction 0                      
15 minute rate                   0.46/minute            
mean rate                        601.84/hour            
compaction throughput (MiB/s)    throttling disabled (0)
concurrent compactors            48                     
pending tasks                    0                      
compactions completed            10                     
data compacted                   2016383120             
compressed data compacted        2016349062             
compactions aborted              0                      
compactions reduced              0                      
sstables dropped from compaction 0                      
15 minute rate                   0.65/minute            
mean rate                        551.55/hour            
compaction throughput (MiB/s)    throttling disabled (0)
concurrent compactors            48                     
pending tasks                    0                      
compactions completed            10                     
data compacted                   2016383120             
compressed data compacted        2016349062             
compactions aborted              0                      
compactions reduced              0                      
sstables dropped from compaction 0                      
15 minute rate                   0.65/minute            
mean rate                        508.88/hour            
compaction throughput (MiB/s)    throttling disabled (0)
