Buildfile: /home/dongju/vcomp/cassandra_vcomp/build.xml

init:

_resolver_download:

resolver-init:
[resolver:resolve] Resolving artifacts
[resolver:resolve] Resolving artifacts
[resolver:resolve] Resolving artifacts
[resolver:resolve] Resolving artifacts
[resolver:resolve] Resolving artifacts

write-poms:

resolver-retrieve-build:
[resolver:resolve] Resolving artifacts
[resolver:resolve] Resolving artifacts
    [unzip] Expanding: /home/dongju/vcomp/.m2/repository/org/jacoco/org.jacoco.agent/0.8.8/org.jacoco.agent-0.8.8.jar into /home/dongju/vcomp/cassandra_vcomp/build/lib/jars

check-gen-cql3-grammar:

gen-cql3-grammar:

generate-cql-html:

generate-jflex-java:

build-project:
     [echo] apache-cassandra: /home/dongju/vcomp/cassandra_vcomp/build.xml

_build_java:
     [echo] Compiling for Java 11...

_get-git-sha:
     [echo] git.is-available=true
     [echo] git.sha=301dcd92e04bd7f93dea2d7fcea5ff9f07001382-dirty
     [echo] Repository state is dirty
     [echo]  cassandra_check/README.md                          |  20 ++-
     [echo]  cassandra_check/run_baseline_vcomp_20g_compare.sh  |   5 +-
     [echo]  cassandra_check/run_pipeline_100g.sh               |   1 +
     [echo]  cassandra_check/run_pipeline_smoke.sh              |  46 ++++++-
     [echo]  .../run_single_partition_100g_campaign.sh          |   6 +-
     [echo]  cassandra_check/src/CassandraPaperWorkload.java    | 150 +++++++++++++++------
     [echo]  .../config/CassandraRelevantProperties.java        |   2 +
     [echo]  .../db/compaction/unified/Controller.java          |   3 +-
     [echo]  .../compaction/vcomp/DefaultVirtualCompaction.java |  56 ++++----
     [echo]  .../vcomp/VCompCqlSstableMaterializer.java         |  15 ++-
     [echo]  .../db/compaction/vcomp/VCompLearnedModel.java     |  40 ++++--
     [echo]  .../db/compaction/vcomp/VCompUcsPlanner.java       |  15 ++-
     [echo]  .../io/sstable/AbstractSSTableSimpleWriter.java    |   8 +-
     [echo]  .../cassandra/io/sstable/CQLSSTableWriter.java     |  14 ++
     [echo]  .../db/compaction/unified/ControllerTest.java      |  34 ++++-
     [echo]  .../vcomp/DefaultVirtualCompactionTest.java        |  63 +++++++++
     [echo]  .../db/compaction/vcomp/VCompUcsPlannerTest.java   |  55 +++++++-
     [echo]  resources/report.md                                |  25 ++++
     [echo]  resources/summary.md                               |  48 ++++++-
     [echo]  19 files changed, 502 insertions(+), 104 deletions(-)
     [echo] git.worktree.name=cassandra_vcomp
     [echo] git.branch.name=Vcomp-ssh

set-cqlsh-version:

_createVersionPropFile:
[propertyfile] Updating property file: /home/dongju/vcomp/cassandra_vcomp/src/resources/org/apache/cassandra/config/version.properties
     [copy] Copying 1 file to /home/dongju/vcomp/cassandra_vcomp/build/classes/main

build:

BUILD SUCCESSFUL
Total time: 1 second
