concurrent compactors            48         
pending tasks                    0          
compactions completed            4          
data compacted                   47860      
compressed data compacted        13798      
compactions aborted              0          
compactions reduced              0          
sstables dropped from compaction 0          
15 minute rate                   0.26/minute
mean rate                        283.96/hour
compaction throughput (MiB/s)    64.0       
concurrent compactors            48         
pending tasks                    0          
compactions completed            4          
data compacted                   47860      
compressed data compacted        13798      
compactions aborted              0          
compactions reduced              0          
sstables dropped from compaction 0          
15 minute rate                   0.26/minute
mean rate                        256.39/hour
compaction throughput (MiB/s)    64.0       
concurrent compactors            48         
pending tasks                    0          
compactions completed            4          
data compacted                   47860      
compressed data compacted        13798      
compactions aborted              0          
compactions reduced              0          
sstables dropped from compaction 0          
15 minute rate                   0.26/minute
mean rate                        233.67/hour
compaction throughput (MiB/s)    64.0       
