JUnit version 4.12
WARNING: An illegal reflective access operation has occurred
WARNING: Illegal reflective access by org.github.jamm.utils.InjectedInvoker/0x0000000840116440 (file:/home/dongju/vcomp/cassandra_vcomp/build/lib/jars/jamm-0.4.0.jar) to field java.nio.DirectByteBuffer.att
WARNING: Please consider reporting this to the maintainers of org.github.jamm.utils.InjectedInvoker/0x0000000840116440
WARNING: Use --illegal-access=warn to enable warnings of further illegal reflective access operations
WARNING: All illegal access operations will be denied in a future release
WARN  o.a.c.config.YamlConfigurationLoader - [scripted_user_defined_functions_enabled] parameters have been deprecated. They have new names and/or value format; For more information, please refer to NEWS.txt
WARN  o.a.c.config.YamlConfigurationLoader - [scripted_user_defined_functions_enabled] parameters have been deprecated. They have new names and/or value format; For more information, please refer to NEWS.txt
WARN  o.apache.cassandra.db.SystemKeyspace - No host ID found, created 5ec3ba6b-2b40-4fd0-9597-15227b4008a2 (Note: This should happen exactly once per node).
.E
Time: 2.593
There was 1 failure:
1) observeRealNativeBackgroundAndReplayVirtualLoop(org.apache.cassandra.db.compaction.VCompNativeEventDiagnosticTest)
java.lang.IllegalArgumentException: flushSizeBytes must be positive
	at org.apache.cassandra.db.compaction.vcomp.VCompUcsPlanner.<init>(VCompUcsPlanner.java:129)
	at org.apache.cassandra.db.compaction.vcomp.VCompUcsPlanner.<init>(VCompUcsPlanner.java:115)
	at org.apache.cassandra.db.compaction.VCompNativeEventDiagnosticTest.observeRealNativeBackgroundAndReplayVirtualLoop(VCompNativeEventDiagnosticTest.java:241)
	at java.base/jdk.internal.reflect.NativeMethodAccessorImpl.invoke0(Native Method)
	at java.base/jdk.internal.reflect.NativeMethodAccessorImpl.invoke(NativeMethodAccessorImpl.java:62)
	at java.base/jdk.internal.reflect.DelegatingMethodAccessorImpl.invoke(DelegatingMethodAccessorImpl.java:43)
	at java.base/java.lang.reflect.Method.invoke(Method.java:566)
	at org.junit.runners.model.FrameworkMethod$1.runReflectiveCall(FrameworkMethod.java:50)
	at org.junit.internal.runners.model.ReflectiveCallable.run(ReflectiveCallable.java:12)
	at org.junit.runners.model.FrameworkMethod.invokeExplosively(FrameworkMethod.java:47)
	at org.junit.internal.runners.statements.InvokeMethod.evaluate(InvokeMethod.java:17)
	at org.junit.internal.runners.statements.RunBefores.evaluate(RunBefores.java:26)
	at org.junit.internal.runners.statements.RunAfters.evaluate(RunAfters.java:27)
	at org.junit.rules.TestWatcher$1.evaluate(TestWatcher.java:55)
	at org.junit.rules.RunRules.evaluate(RunRules.java:20)
	at org.junit.runners.ParentRunner.runLeaf(ParentRunner.java:325)
	at org.junit.runners.BlockJUnit4ClassRunner.runChild(BlockJUnit4ClassRunner.java:78)
	at org.junit.runners.BlockJUnit4ClassRunner.runChild(BlockJUnit4ClassRunner.java:57)
	at org.junit.runners.ParentRunner$3.run(ParentRunner.java:290)
	at org.junit.runners.ParentRunner$1.schedule(ParentRunner.java:71)
	at org.junit.runners.ParentRunner.runChildren(ParentRunner.java:288)
	at org.junit.runners.ParentRunner.access$000(ParentRunner.java:58)
	at org.junit.runners.ParentRunner$2.evaluate(ParentRunner.java:268)
	at org.junit.internal.runners.statements.RunBefores.evaluate(RunBefores.java:26)
	at org.junit.internal.runners.statements.RunAfters.evaluate(RunAfters.java:27)
	at org.junit.runners.ParentRunner.run(ParentRunner.java:363)
	at org.junit.runners.Suite.runChild(Suite.java:128)
	at org.junit.runners.Suite.runChild(Suite.java:27)
	at org.junit.runners.ParentRunner$3.run(ParentRunner.java:290)
	at org.junit.runners.ParentRunner$1.schedule(ParentRunner.java:71)
	at org.junit.runners.ParentRunner.runChildren(ParentRunner.java:288)
	at org.junit.runners.ParentRunner.access$000(ParentRunner.java:58)
	at org.junit.runners.ParentRunner$2.evaluate(ParentRunner.java:268)
	at org.junit.runners.ParentRunner.run(ParentRunner.java:363)
	at org.junit.runner.JUnitCore.run(JUnitCore.java:137)
	at org.junit.runner.JUnitCore.run(JUnitCore.java:115)
	at org.junit.runner.JUnitCore.runMain(JUnitCore.java:77)
	at org.junit.runner.JUnitCore.main(JUnitCore.java:36)

FAILURES!!!
Tests run: 1,  Failures: 1

