Buildfile: /home/dongju/vcomp/cassandra_vcomp/build.xml

init:

_resolver_download:

resolver-init:
[resolver:resolve] Resolving artifacts
[resolver:resolve] Resolving artifacts
[resolver:resolve] Resolving artifacts
[resolver:resolve] Resolving artifacts
[resolver:resolve] Resolving artifacts

write-poms:

resolver-retrieve-build:
[resolver:resolve] Resolving artifacts
[resolver:resolve] Resolving artifacts
    [unzip] Expanding: /home/dongju/vcomp/.m2/repository/org/jacoco/org.jacoco.agent/0.8.8/org.jacoco.agent-0.8.8.jar into /home/dongju/vcomp/cassandra_vcomp/build/lib/jars

check-gen-cql3-grammar:

gen-cql3-grammar:

generate-cql-html:

generate-jflex-java:

build-project:
     [echo] apache-cassandra: /home/dongju/vcomp/cassandra_vcomp/build.xml

_build_java:
     [echo] Compiling for Java 11...

_get-git-sha:
     [echo] git.is-available=true
     [exec] fatal: bad revision 'HEAD'
     [exec] Result: 128
     [echo] git.sha=
     [echo] git.worktree.name=cassandra_vcomp
     [echo] git.branch.name=master

set-cqlsh-version:

_createVersionPropFile:
[propertyfile] Updating property file: /home/dongju/vcomp/cassandra_vcomp/src/resources/org/apache/cassandra/config/version.properties
     [copy] Copying 1 file to /home/dongju/vcomp/cassandra_vcomp/build/classes/main

build:

_main-jar:
      [jar] Building jar: /home/dongju/vcomp/cassandra_vcomp/build/apache-cassandra-5.0.9-SNAPSHOT.jar

stress-build:

_stress_build:

stress-build-test:

fqltool-build:

_fqltool_build:

resolver-dist-lib:
[resolver:resolve] Resolving artifacts
[resolver:resolve] Resolving artifacts
[resolver:resolve] Resolving artifacts

_resolver-dist-lib_get_files:
   [delete] Deleting: /home/dongju/vcomp/cassandra_vcomp/lib/netty-tcnative-boringssl-static-2.0.70.Final-windows-x86_64.jar
   [delete] Deleting: /home/dongju/vcomp/cassandra_vcomp/build/lib/jars/netty-tcnative-boringssl-static-2.0.70.Final-windows-x86_64.jar

simulator-asm-build:

_simulator-asm_build:

simulator-bootstrap-build:

_simulator-bootstrap_build:

simulator-jars:

build-test:

_build-test:

_check-test-names:
[check-test-names] OpenJDK 64-Bit Server VM warning: Option UseConcMarkSweepGC was deprecated in version 9.0 and will likely be removed in a future release.
[check-test-names] 13:00:09.177 [main] INFO org.reflections.Reflections -- Reflections took 846 ms to scan 3 urls, producing 1035 keys and 13576 values
[check-test-names] OpenJDK 64-Bit Server VM warning: Option UseConcMarkSweepGC was deprecated in version 9.0 and will likely be removed in a future release.
[check-test-names] 13:00:10.497 [main] INFO org.reflections.Reflections -- Reflections took 331 ms to scan 3 urls, producing 1035 keys and 13576 values

stress-jar:
    [mkdir] Created dir: /home/dongju/vcomp/cassandra_vcomp/build/classes/stress/META-INF
      [jar] Building jar: /home/dongju/vcomp/cassandra_vcomp/build/tools/lib/stress.jar

fqltool-jar:
    [mkdir] Created dir: /home/dongju/vcomp/cassandra_vcomp/build/classes/fqltool/META-INF
      [jar] Building jar: /home/dongju/vcomp/cassandra_vcomp/build/tools/lib/fqltool.jar

jar:

BUILD SUCCESSFUL
Total time: 5 seconds
