WARNING: An illegal reflective access operation has occurred
WARNING: Illegal reflective access by org.github.jamm.utils.InjectedInvoker/0x0000000840063c40 (file:/home/dongju/vcomp/cassandra_vcomp/lib/jamm-0.4.0.jar) to field java.nio.DirectByteBuffer.att
WARNING: Please consider reporting this to the maintainers of org.github.jamm.utils.InjectedInvoker/0x0000000840063c40
WARNING: Use --illegal-access=warn to enable warnings of further illegal reflective access operations
WARNING: All illegal access operations will be denied in a future release
BASELINE_PROGRESS writes=65536 flushes=1
BASELINE_PROGRESS writes=131072 flushes=2
BASELINE_PROGRESS writes=196608 flushes=3
BASELINE_PROGRESS writes=262144 flushes=4
BASELINE_PROGRESS writes=327680 flushes=5
BASELINE_PROGRESS writes=393216 flushes=6
BASELINE_PROGRESS writes=458752 flushes=7
BASELINE_PROGRESS writes=524288 flushes=8
BASELINE_PROGRESS writes=589824 flushes=9
BASELINE_PROGRESS writes=655360 flushes=10
BASELINE_PROGRESS writes=720896 flushes=11
BASELINE_PROGRESS writes=786432 flushes=12
BASELINE_PROGRESS writes=851968 flushes=13
BASELINE_PROGRESS writes=917504 flushes=14
BASELINE_PROGRESS writes=983040 flushes=15
BASELINE_PROGRESS writes=1048576 flushes=16
BASELINE_PROGRESS writes=1114112 flushes=17
BASELINE_PROGRESS writes=1179648 flushes=18
BASELINE_PROGRESS writes=1245184 flushes=19
BASELINE_PROGRESS writes=1310720 flushes=20
BASELINE_PROGRESS writes=1376256 flushes=21
BASELINE_PROGRESS writes=1441792 flushes=22
BASELINE_PROGRESS writes=1507328 flushes=23
BASELINE_PROGRESS writes=1572864 flushes=24
BASELINE_PROGRESS writes=1638400 flushes=25
BASELINE_PROGRESS writes=1703936 flushes=26
BASELINE_PROGRESS writes=1769472 flushes=27
BASELINE_PROGRESS writes=1835008 flushes=28
BASELINE_PROGRESS writes=1900544 flushes=29
BASELINE_PROGRESS writes=1966080 flushes=30
BASELINE_PROGRESS writes=2031616 flushes=31
BASELINE_PROGRESS writes=2097152 flushes=32
BASELINE_PROGRESS writes=2162688 flushes=33
BASELINE_PROGRESS writes=2228224 flushes=34
BASELINE_PROGRESS writes=2293760 flushes=35
BASELINE_PROGRESS writes=2359296 flushes=36
BASELINE_PROGRESS writes=2424832 flushes=37
BASELINE_PROGRESS writes=2490368 flushes=38
BASELINE_PROGRESS writes=2555904 flushes=39
BASELINE_PROGRESS writes=2621440 flushes=40
BASELINE_PROGRESS writes=2686976 flushes=41
BASELINE_PROGRESS writes=2752512 flushes=42
BASELINE_PROGRESS writes=2818048 flushes=43
BASELINE_PROGRESS writes=2883584 flushes=44
BASELINE_PROGRESS writes=2949120 flushes=45
BASELINE_PROGRESS writes=3014656 flushes=46
BASELINE_PROGRESS writes=3080192 flushes=47
BASELINE_PROGRESS writes=3145728 flushes=48
BASELINE_PROGRESS writes=3211264 flushes=49
BASELINE_PROGRESS writes=3276800 flushes=50
BASELINE_PROGRESS writes=3342336 flushes=51
BASELINE_PROGRESS writes=3407872 flushes=52
BASELINE_PROGRESS writes=3473408 flushes=53
BASELINE_PROGRESS writes=3538944 flushes=54
BASELINE_PROGRESS writes=3604480 flushes=55
BASELINE_PROGRESS writes=3670016 flushes=56
BASELINE_PROGRESS writes=3735552 flushes=57
BASELINE_PROGRESS writes=3801088 flushes=58
BASELINE_PROGRESS writes=3866624 flushes=59
BASELINE_PROGRESS writes=3932160 flushes=60
BASELINE_PROGRESS writes=3997696 flushes=61
BASELINE_PROGRESS writes=4063232 flushes=62
BASELINE_PROGRESS writes=4128768 flushes=63
BASELINE_PROGRESS writes=4194304 flushes=64
BASELINE_PROGRESS writes=4259840 flushes=65
BASELINE_PROGRESS writes=4325376 flushes=66
BASELINE_PROGRESS writes=4390912 flushes=67
BASELINE_PROGRESS writes=4456448 flushes=68
BASELINE_PROGRESS writes=4521984 flushes=69
BASELINE_PROGRESS writes=4587520 flushes=70
BASELINE_PROGRESS writes=4653056 flushes=71
BASELINE_PROGRESS writes=4718592 flushes=72
BASELINE_PROGRESS writes=4784128 flushes=73
BASELINE_PROGRESS writes=4849664 flushes=74
BASELINE_PROGRESS writes=4915200 flushes=75
BASELINE_PROGRESS writes=4980736 flushes=76
BASELINE_PROGRESS writes=5046272 flushes=77
BASELINE_PROGRESS writes=5111808 flushes=78
BASELINE_PROGRESS writes=5177344 flushes=79
BASELINE_PROGRESS writes=5242880 flushes=80
BASELINE_PROGRESS writes=5308416 flushes=81
BASELINE_PROGRESS writes=5373952 flushes=82
BASELINE_PROGRESS writes=5439488 flushes=83
BASELINE_PROGRESS writes=5505024 flushes=84
BASELINE_PROGRESS writes=5570560 flushes=85
BASELINE_PROGRESS writes=5636096 flushes=86
BASELINE_PROGRESS writes=5701632 flushes=87
BASELINE_PROGRESS writes=5767168 flushes=88
BASELINE_PROGRESS writes=5832704 flushes=89
BASELINE_PROGRESS writes=5898240 flushes=90
BASELINE_PROGRESS writes=5963776 flushes=91
BASELINE_PROGRESS writes=6029312 flushes=92
BASELINE_PROGRESS writes=6094848 flushes=93
BASELINE_PROGRESS writes=6160384 flushes=94
BASELINE_PROGRESS writes=6225920 flushes=95
BASELINE_PROGRESS writes=6291456 flushes=96
BASELINE_PROGRESS writes=6356992 flushes=97
BASELINE_PROGRESS writes=6422528 flushes=98
BASELINE_PROGRESS writes=6488064 flushes=99
BASELINE_PROGRESS writes=6553600 flushes=100
BASELINE_PROGRESS writes=6619136 flushes=101
BASELINE_PROGRESS writes=6684672 flushes=102
BASELINE_PROGRESS writes=6750208 flushes=103
BASELINE_PROGRESS writes=6815744 flushes=104
BASELINE_PROGRESS writes=6881280 flushes=105
BASELINE_PROGRESS writes=6946816 flushes=106
BASELINE_PROGRESS writes=7012352 flushes=107
BASELINE_PROGRESS writes=7077888 flushes=108
BASELINE_PROGRESS writes=7143424 flushes=109
BASELINE_PROGRESS writes=7208960 flushes=110
BASELINE_PROGRESS writes=7274496 flushes=111
BASELINE_PROGRESS writes=7340032 flushes=112
BASELINE_PROGRESS writes=7405568 flushes=113
BASELINE_PROGRESS writes=7471104 flushes=114
BASELINE_PROGRESS writes=7536640 flushes=115
BASELINE_PROGRESS writes=7602176 flushes=116
BASELINE_PROGRESS writes=7667712 flushes=117
BASELINE_PROGRESS writes=7733248 flushes=118
BASELINE_PROGRESS writes=7798784 flushes=119
BASELINE_PROGRESS writes=7864320 flushes=120
BASELINE_PROGRESS writes=7929856 flushes=121
BASELINE_PROGRESS writes=7995392 flushes=122
BASELINE_PROGRESS writes=8060928 flushes=123
BASELINE_PROGRESS writes=8126464 flushes=124
BASELINE_PROGRESS writes=8192000 flushes=125
BASELINE_PROGRESS writes=8257536 flushes=126
BASELINE_PROGRESS writes=8323072 flushes=127
BASELINE_PROGRESS writes=8388608 flushes=128
BASELINE_PROGRESS writes=8454144 flushes=129
BASELINE_PROGRESS writes=8519680 flushes=130
BASELINE_PROGRESS writes=8585216 flushes=131
BASELINE_PROGRESS writes=8650752 flushes=132
BASELINE_PROGRESS writes=8716288 flushes=133
BASELINE_PROGRESS writes=8781824 flushes=134
BASELINE_PROGRESS writes=8847360 flushes=135
BASELINE_PROGRESS writes=8912896 flushes=136
BASELINE_PROGRESS writes=8978432 flushes=137
BASELINE_PROGRESS writes=9043968 flushes=138
BASELINE_PROGRESS writes=9109504 flushes=139
BASELINE_PROGRESS writes=9175040 flushes=140
BASELINE_PROGRESS writes=9240576 flushes=141
BASELINE_PROGRESS writes=9306112 flushes=142
BASELINE_PROGRESS writes=9371648 flushes=143
BASELINE_PROGRESS writes=9437184 flushes=144
BASELINE_PROGRESS writes=9502720 flushes=145
BASELINE_PROGRESS writes=9568256 flushes=146
BASELINE_PROGRESS writes=9633792 flushes=147
BASELINE_PROGRESS writes=9699328 flushes=148
BASELINE_PROGRESS writes=9764864 flushes=149
BASELINE_PROGRESS writes=9830400 flushes=150
BASELINE_PROGRESS writes=9895936 flushes=151
BASELINE_PROGRESS writes=9961472 flushes=152
BASELINE_PROGRESS writes=10027008 flushes=153
BASELINE_PROGRESS writes=10092544 flushes=154
BASELINE_PROGRESS writes=10158080 flushes=155
BASELINE_PROGRESS writes=10223616 flushes=156
BASELINE_PROGRESS writes=10289152 flushes=157
BASELINE_PROGRESS writes=10354688 flushes=158
BASELINE_PROGRESS writes=10420224 flushes=159
BASELINE_PROGRESS writes=10485760 flushes=160
BASELINE_PROGRESS writes=10551296 flushes=161
BASELINE_PROGRESS writes=10616832 flushes=162
BASELINE_PROGRESS writes=10682368 flushes=163
BASELINE_PROGRESS writes=10747904 flushes=164
BASELINE_PROGRESS writes=10813440 flushes=165
BASELINE_PROGRESS writes=10878976 flushes=166
BASELINE_PROGRESS writes=10944512 flushes=167
BASELINE_PROGRESS writes=11010048 flushes=168
BASELINE_PROGRESS writes=11075584 flushes=169
BASELINE_PROGRESS writes=11141120 flushes=170
BASELINE_PROGRESS writes=11206656 flushes=171
BASELINE_PROGRESS writes=11272192 flushes=172
BASELINE_PROGRESS writes=11337728 flushes=173
BASELINE_PROGRESS writes=11403264 flushes=174
BASELINE_PROGRESS writes=11468800 flushes=175
BASELINE_PROGRESS writes=11534336 flushes=176
BASELINE_PROGRESS writes=11599872 flushes=177
BASELINE_PROGRESS writes=11665408 flushes=178
BASELINE_PROGRESS writes=11730944 flushes=179
BASELINE_PROGRESS writes=11796480 flushes=180
BASELINE_PROGRESS writes=11862016 flushes=181
BASELINE_PROGRESS writes=11927552 flushes=182
BASELINE_PROGRESS writes=11993088 flushes=183
BASELINE_PROGRESS writes=12058624 flushes=184
BASELINE_PROGRESS writes=12124160 flushes=185
BASELINE_PROGRESS writes=12189696 flushes=186
BASELINE_PROGRESS writes=12255232 flushes=187
BASELINE_PROGRESS writes=12320768 flushes=188
BASELINE_PROGRESS writes=12386304 flushes=189
BASELINE_PROGRESS writes=12451840 flushes=190
BASELINE_PROGRESS writes=12517376 flushes=191
BASELINE_PROGRESS writes=12582912 flushes=192
BASELINE_PROGRESS writes=12648448 flushes=193
BASELINE_PROGRESS writes=12713984 flushes=194
BASELINE_PROGRESS writes=12779520 flushes=195
BASELINE_PROGRESS writes=12845056 flushes=196
BASELINE_PROGRESS writes=12910592 flushes=197
BASELINE_PROGRESS writes=12976128 flushes=198
BASELINE_PROGRESS writes=13041664 flushes=199
BASELINE_PROGRESS writes=13107200 flushes=200
BASELINE_PROGRESS writes=13172736 flushes=201
BASELINE_PROGRESS writes=13238272 flushes=202
BASELINE_PROGRESS writes=13303808 flushes=203
BASELINE_PROGRESS writes=13369344 flushes=204
BASELINE_PROGRESS writes=13434880 flushes=205
BASELINE_PROGRESS writes=13500416 flushes=206
BASELINE_PROGRESS writes=13565952 flushes=207
BASELINE_PROGRESS writes=13631488 flushes=208
BASELINE_PROGRESS writes=13697024 flushes=209
BASELINE_PROGRESS writes=13762560 flushes=210
BASELINE_PROGRESS writes=13828096 flushes=211
BASELINE_PROGRESS writes=13893632 flushes=212
BASELINE_PROGRESS writes=13959168 flushes=213
BASELINE_PROGRESS writes=14024704 flushes=214
BASELINE_PROGRESS writes=14090240 flushes=215
BASELINE_PROGRESS writes=14155776 flushes=216
BASELINE_PROGRESS writes=14221312 flushes=217
BASELINE_PROGRESS writes=14286848 flushes=218
BASELINE_PROGRESS writes=14352384 flushes=219
BASELINE_PROGRESS writes=14417920 flushes=220
BASELINE_PROGRESS writes=14483456 flushes=221
BASELINE_PROGRESS writes=14548992 flushes=222
BASELINE_PROGRESS writes=14614528 flushes=223
BASELINE_PROGRESS writes=14680064 flushes=224
BASELINE_PROGRESS writes=14745600 flushes=225
BASELINE_PROGRESS writes=14811136 flushes=226
BASELINE_PROGRESS writes=14876672 flushes=227
BASELINE_PROGRESS writes=14942208 flushes=228
BASELINE_PROGRESS writes=15007744 flushes=229
BASELINE_PROGRESS writes=15073280 flushes=230
BASELINE_PROGRESS writes=15138816 flushes=231
BASELINE_PROGRESS writes=15204352 flushes=232
BASELINE_PROGRESS writes=15269888 flushes=233
BASELINE_PROGRESS writes=15335424 flushes=234
BASELINE_PROGRESS writes=15400960 flushes=235
BASELINE_PROGRESS writes=15466496 flushes=236
BASELINE_PROGRESS writes=15532032 flushes=237
BASELINE_PROGRESS writes=15597568 flushes=238
BASELINE_PROGRESS writes=15663104 flushes=239
BASELINE_PROGRESS writes=15728640 flushes=240
BASELINE_PROGRESS writes=15794176 flushes=241
BASELINE_PROGRESS writes=15859712 flushes=242
BASELINE_PROGRESS writes=15925248 flushes=243
BASELINE_PROGRESS writes=15990784 flushes=244
BASELINE_PROGRESS writes=16056320 flushes=245
BASELINE_PROGRESS writes=16121856 flushes=246
BASELINE_PROGRESS writes=16187392 flushes=247
BASELINE_PROGRESS writes=16252928 flushes=248
BASELINE_PROGRESS writes=16318464 flushes=249
BASELINE_PROGRESS writes=16384000 flushes=250
BASELINE_PROGRESS writes=16449536 flushes=251
BASELINE_PROGRESS writes=16515072 flushes=252
BASELINE_PROGRESS writes=16580608 flushes=253
BASELINE_PROGRESS writes=16646144 flushes=254
BASELINE_PROGRESS writes=16711680 flushes=255
BASELINE_PROGRESS writes=16777216 flushes=256
BASELINE_PROGRESS writes=16842752 flushes=257
BASELINE_PROGRESS writes=16908288 flushes=258
BASELINE_PROGRESS writes=16973824 flushes=259
BASELINE_PROGRESS writes=17039360 flushes=260
BASELINE_PROGRESS writes=17104896 flushes=261
BASELINE_PROGRESS writes=17170432 flushes=262
BASELINE_PROGRESS writes=17235968 flushes=263
BASELINE_PROGRESS writes=17301504 flushes=264
BASELINE_PROGRESS writes=17367040 flushes=265
BASELINE_PROGRESS writes=17432576 flushes=266
BASELINE_PROGRESS writes=17498112 flushes=267
BASELINE_PROGRESS writes=17563648 flushes=268
BASELINE_PROGRESS writes=17629184 flushes=269
BASELINE_PROGRESS writes=17694720 flushes=270
BASELINE_PROGRESS writes=17760256 flushes=271
BASELINE_PROGRESS writes=17825792 flushes=272
BASELINE_PROGRESS writes=17891328 flushes=273
BASELINE_PROGRESS writes=17956864 flushes=274
BASELINE_PROGRESS writes=18022400 flushes=275
BASELINE_PROGRESS writes=18087936 flushes=276
BASELINE_PROGRESS writes=18153472 flushes=277
BASELINE_PROGRESS writes=18219008 flushes=278
BASELINE_PROGRESS writes=18284544 flushes=279
BASELINE_PROGRESS writes=18350080 flushes=280
BASELINE_PROGRESS writes=18415616 flushes=281
BASELINE_PROGRESS writes=18481152 flushes=282
BASELINE_PROGRESS writes=18546688 flushes=283
BASELINE_PROGRESS writes=18612224 flushes=284
BASELINE_PROGRESS writes=18677760 flushes=285
BASELINE_PROGRESS writes=18743296 flushes=286
BASELINE_PROGRESS writes=18808832 flushes=287
BASELINE_PROGRESS writes=18874368 flushes=288
BASELINE_PROGRESS writes=18939904 flushes=289
BASELINE_PROGRESS writes=19005440 flushes=290
BASELINE_PROGRESS writes=19070976 flushes=291
BASELINE_PROGRESS writes=19136512 flushes=292
BASELINE_PROGRESS writes=19202048 flushes=293
BASELINE_PROGRESS writes=19267584 flushes=294
BASELINE_PROGRESS writes=19333120 flushes=295
BASELINE_PROGRESS writes=19398656 flushes=296
BASELINE_PROGRESS writes=19464192 flushes=297
BASELINE_PROGRESS writes=19529728 flushes=298
BASELINE_PROGRESS writes=19595264 flushes=299
BASELINE_PROGRESS writes=19660800 flushes=300
BASELINE_PROGRESS writes=19726336 flushes=301
BASELINE_PROGRESS writes=19791872 flushes=302
BASELINE_PROGRESS writes=19857408 flushes=303
BASELINE_PROGRESS writes=19922944 flushes=304
BASELINE_PROGRESS writes=19988480 flushes=305
BASELINE_PROGRESS writes=20054016 flushes=306
BASELINE_PROGRESS writes=20119552 flushes=307
BASELINE_PROGRESS writes=20185088 flushes=308
BASELINE_PROGRESS writes=20250624 flushes=309
BASELINE_PROGRESS writes=20316160 flushes=310
BASELINE_PROGRESS writes=20381696 flushes=311
BASELINE_PROGRESS writes=20447232 flushes=312
BASELINE_PROGRESS writes=20512768 flushes=313
BASELINE_PROGRESS writes=20578304 flushes=314
BASELINE_PROGRESS writes=20643840 flushes=315
BASELINE_PROGRESS writes=20709376 flushes=316
BASELINE_PROGRESS writes=20774912 flushes=317
BASELINE_PROGRESS writes=20840448 flushes=318
BASELINE_PROGRESS writes=20905984 flushes=319
BASELINE_PROGRESS writes=20971520 flushes=320
BASELINE_PROGRESS writes=21037056 flushes=321
BASELINE_PROGRESS writes=21102592 flushes=322
BASELINE_PROGRESS writes=21168128 flushes=323
BASELINE_PROGRESS writes=21233664 flushes=324
BASELINE_PROGRESS writes=21299200 flushes=325
BASELINE_PROGRESS writes=21364736 flushes=326
BASELINE_PROGRESS writes=21430272 flushes=327
BASELINE_PROGRESS writes=21495808 flushes=328
BASELINE_PROGRESS writes=21561344 flushes=329
BASELINE_PROGRESS writes=21626880 flushes=330
BASELINE_PROGRESS writes=21692416 flushes=331
BASELINE_PROGRESS writes=21757952 flushes=332
BASELINE_PROGRESS writes=21823488 flushes=333
BASELINE_PROGRESS writes=21889024 flushes=334
BASELINE_PROGRESS writes=21954560 flushes=335
BASELINE_PROGRESS writes=22020096 flushes=336
BASELINE_PROGRESS writes=22085632 flushes=337
BASELINE_PROGRESS writes=22151168 flushes=338
BASELINE_PROGRESS writes=22216704 flushes=339
BASELINE_PROGRESS writes=22282240 flushes=340
BASELINE_PROGRESS writes=22347776 flushes=341
BASELINE_PROGRESS writes=22413312 flushes=342
BASELINE_PROGRESS writes=22478848 flushes=343
BASELINE_PROGRESS writes=22544384 flushes=344
BASELINE_PROGRESS writes=22609920 flushes=345
BASELINE_PROGRESS writes=22675456 flushes=346
BASELINE_PROGRESS writes=22740992 flushes=347
BASELINE_PROGRESS writes=22806528 flushes=348
BASELINE_PROGRESS writes=22872064 flushes=349
BASELINE_PROGRESS writes=22937600 flushes=350
BASELINE_PROGRESS writes=23003136 flushes=351
BASELINE_PROGRESS writes=23068672 flushes=352
BASELINE_PROGRESS writes=23134208 flushes=353
BASELINE_PROGRESS writes=23199744 flushes=354
BASELINE_PROGRESS writes=23265280 flushes=355
BASELINE_PROGRESS writes=23330816 flushes=356
BASELINE_PROGRESS writes=23396352 flushes=357
BASELINE_PROGRESS writes=23461888 flushes=358
BASELINE_PROGRESS writes=23527424 flushes=359
BASELINE_PROGRESS writes=23592960 flushes=360
BASELINE_PROGRESS writes=23658496 flushes=361
BASELINE_PROGRESS writes=23724032 flushes=362
BASELINE_PROGRESS writes=23789568 flushes=363
BASELINE_PROGRESS writes=23855104 flushes=364
BASELINE_PROGRESS writes=23920640 flushes=365
BASELINE_PROGRESS writes=23986176 flushes=366
BASELINE_PROGRESS writes=24051712 flushes=367
BASELINE_PROGRESS writes=24117248 flushes=368
BASELINE_PROGRESS writes=24182784 flushes=369
BASELINE_PROGRESS writes=24248320 flushes=370
BASELINE_PROGRESS writes=24313856 flushes=371
BASELINE_PROGRESS writes=24379392 flushes=372
BASELINE_PROGRESS writes=24444928 flushes=373
BASELINE_PROGRESS writes=24510464 flushes=374
BASELINE_PROGRESS writes=24576000 flushes=375
BASELINE_PROGRESS writes=24641536 flushes=376
BASELINE_PROGRESS writes=24707072 flushes=377
BASELINE_PROGRESS writes=24772608 flushes=378
BASELINE_PROGRESS writes=24838144 flushes=379
BASELINE_PROGRESS writes=24903680 flushes=380
BASELINE_PROGRESS writes=24969216 flushes=381
BASELINE_PROGRESS writes=25034752 flushes=382
BASELINE_PROGRESS writes=25100288 flushes=383
BASELINE_PROGRESS writes=25165824 flushes=384
BASELINE_PROGRESS writes=25231360 flushes=385
BASELINE_PROGRESS writes=25296896 flushes=386
BASELINE_PROGRESS writes=25362432 flushes=387
BASELINE_PROGRESS writes=25427968 flushes=388
BASELINE_PROGRESS writes=25493504 flushes=389
BASELINE_PROGRESS writes=25559040 flushes=390
BASELINE_PROGRESS writes=25624576 flushes=391
BASELINE_PROGRESS writes=25690112 flushes=392
BASELINE_PROGRESS writes=25755648 flushes=393
BASELINE_PROGRESS writes=25821184 flushes=394
BASELINE_PROGRESS writes=25886720 flushes=395
BASELINE_PROGRESS writes=25952256 flushes=396
BASELINE_PROGRESS writes=26017792 flushes=397
BASELINE_PROGRESS writes=26083328 flushes=398
BASELINE_PROGRESS writes=26148864 flushes=399
BASELINE_PROGRESS writes=26214400 flushes=400
BASELINE_PROGRESS writes=26279936 flushes=401
BASELINE_PROGRESS writes=26345472 flushes=402
BASELINE_PROGRESS writes=26411008 flushes=403
BASELINE_PROGRESS writes=26476544 flushes=404
BASELINE_PROGRESS writes=26542080 flushes=405
BASELINE_PROGRESS writes=26607616 flushes=406
BASELINE_PROGRESS writes=26673152 flushes=407
BASELINE_PROGRESS writes=26738688 flushes=408
BASELINE_PROGRESS writes=26804224 flushes=409
BASELINE_PROGRESS writes=26869760 flushes=410
BASELINE_PROGRESS writes=26935296 flushes=411
BASELINE_PROGRESS writes=27000832 flushes=412
BASELINE_PROGRESS writes=27066368 flushes=413
BASELINE_PROGRESS writes=27131904 flushes=414
BASELINE_PROGRESS writes=27197440 flushes=415
BASELINE_PROGRESS writes=27262976 flushes=416
BASELINE_PROGRESS writes=27328512 flushes=417
BASELINE_PROGRESS writes=27394048 flushes=418
BASELINE_PROGRESS writes=27459584 flushes=419
BASELINE_PROGRESS writes=27525120 flushes=420
BASELINE_PROGRESS writes=27590656 flushes=421
BASELINE_PROGRESS writes=27656192 flushes=422
BASELINE_PROGRESS writes=27721728 flushes=423
BASELINE_PROGRESS writes=27787264 flushes=424
BASELINE_PROGRESS writes=27852800 flushes=425
BASELINE_PROGRESS writes=27918336 flushes=426
BASELINE_PROGRESS writes=27983872 flushes=427
BASELINE_PROGRESS writes=28049408 flushes=428
BASELINE_PROGRESS writes=28114944 flushes=429
BASELINE_PROGRESS writes=28180480 flushes=430
BASELINE_PROGRESS writes=28246016 flushes=431
BASELINE_PROGRESS writes=28311552 flushes=432
BASELINE_PROGRESS writes=28377088 flushes=433
BASELINE_PROGRESS writes=28442624 flushes=434
BASELINE_PROGRESS writes=28508160 flushes=435
BASELINE_PROGRESS writes=28573696 flushes=436
BASELINE_PROGRESS writes=28639232 flushes=437
BASELINE_PROGRESS writes=28704768 flushes=438
BASELINE_PROGRESS writes=28770304 flushes=439
BASELINE_PROGRESS writes=28835840 flushes=440
BASELINE_PROGRESS writes=28901376 flushes=441
BASELINE_PROGRESS writes=28966912 flushes=442
BASELINE_PROGRESS writes=29032448 flushes=443
BASELINE_PROGRESS writes=29097984 flushes=444
BASELINE_PROGRESS writes=29163520 flushes=445
BASELINE_PROGRESS writes=29229056 flushes=446
BASELINE_PROGRESS writes=29294592 flushes=447
BASELINE_PROGRESS writes=29360128 flushes=448
BASELINE_PROGRESS writes=29425664 flushes=449
BASELINE_PROGRESS writes=29491200 flushes=450
BASELINE_PROGRESS writes=29556736 flushes=451
BASELINE_PROGRESS writes=29622272 flushes=452
BASELINE_PROGRESS writes=29687808 flushes=453
BASELINE_PROGRESS writes=29753344 flushes=454
BASELINE_PROGRESS writes=29818880 flushes=455
BASELINE_PROGRESS writes=29884416 flushes=456
BASELINE_PROGRESS writes=29949952 flushes=457
BASELINE_PROGRESS writes=30015488 flushes=458
BASELINE_PROGRESS writes=30081024 flushes=459
BASELINE_PROGRESS writes=30146560 flushes=460
BASELINE_PROGRESS writes=30212096 flushes=461
BASELINE_PROGRESS writes=30277632 flushes=462
BASELINE_PROGRESS writes=30343168 flushes=463
BASELINE_PROGRESS writes=30408704 flushes=464
BASELINE_PROGRESS writes=30474240 flushes=465
BASELINE_PROGRESS writes=30539776 flushes=466
BASELINE_PROGRESS writes=30605312 flushes=467
BASELINE_PROGRESS writes=30670848 flushes=468
BASELINE_PROGRESS writes=30736384 flushes=469
BASELINE_PROGRESS writes=30801920 flushes=470
BASELINE_PROGRESS writes=30867456 flushes=471
BASELINE_PROGRESS writes=30932992 flushes=472
BASELINE_PROGRESS writes=30998528 flushes=473
BASELINE_PROGRESS writes=31064064 flushes=474
BASELINE_PROGRESS writes=31129600 flushes=475
BASELINE_PROGRESS writes=31195136 flushes=476
BASELINE_PROGRESS writes=31260672 flushes=477
BASELINE_PROGRESS writes=31326208 flushes=478
BASELINE_PROGRESS writes=31391744 flushes=479
BASELINE_PROGRESS writes=31457280 flushes=480
BASELINE_PROGRESS writes=31522816 flushes=481
BASELINE_PROGRESS writes=31588352 flushes=482
BASELINE_PROGRESS writes=31653888 flushes=483
BASELINE_PROGRESS writes=31719424 flushes=484
BASELINE_PROGRESS writes=31784960 flushes=485
BASELINE_PROGRESS writes=31850496 flushes=486
BASELINE_PROGRESS writes=31916032 flushes=487
BASELINE_PROGRESS writes=31981568 flushes=488
BASELINE_PROGRESS writes=32047104 flushes=489
BASELINE_PROGRESS writes=32112640 flushes=490
BASELINE_PROGRESS writes=32178176 flushes=491
BASELINE_PROGRESS writes=32243712 flushes=492
BASELINE_PROGRESS writes=32309248 flushes=493
BASELINE_PROGRESS writes=32374784 flushes=494
BASELINE_PROGRESS writes=32440320 flushes=495
BASELINE_PROGRESS writes=32505856 flushes=496
BASELINE_PROGRESS writes=32571392 flushes=497
BASELINE_PROGRESS writes=32636928 flushes=498
BASELINE_PROGRESS writes=32702464 flushes=499
BASELINE_PROGRESS writes=32768000 flushes=500
BASELINE_PROGRESS writes=32833536 flushes=501
BASELINE_PROGRESS writes=32899072 flushes=502
BASELINE_PROGRESS writes=32964608 flushes=503
BASELINE_PROGRESS writes=33030144 flushes=504
BASELINE_PROGRESS writes=33095680 flushes=505
BASELINE_PROGRESS writes=33161216 flushes=506
BASELINE_PROGRESS writes=33226752 flushes=507
BASELINE_PROGRESS writes=33292288 flushes=508
BASELINE_PROGRESS writes=33357824 flushes=509
BASELINE_PROGRESS writes=33423360 flushes=510
BASELINE_PROGRESS writes=33488896 flushes=511
BASELINE_PROGRESS writes=33554432 flushes=512
BASELINE_PROGRESS writes=33619968 flushes=513
BASELINE_PROGRESS writes=33685504 flushes=514
BASELINE_PROGRESS writes=33751040 flushes=515
BASELINE_PROGRESS writes=33816576 flushes=516
BASELINE_PROGRESS writes=33882112 flushes=517
BASELINE_PROGRESS writes=33947648 flushes=518
BASELINE_PROGRESS writes=34013184 flushes=519
BASELINE_PROGRESS writes=34078720 flushes=520
BASELINE_PROGRESS writes=34144256 flushes=521
BASELINE_PROGRESS writes=34209792 flushes=522
BASELINE_PROGRESS writes=34275328 flushes=523
BASELINE_PROGRESS writes=34340864 flushes=524
BASELINE_PROGRESS writes=34406400 flushes=525
BASELINE_PROGRESS writes=34471936 flushes=526
BASELINE_PROGRESS writes=34537472 flushes=527
BASELINE_PROGRESS writes=34603008 flushes=528
BASELINE_PROGRESS writes=34668544 flushes=529
BASELINE_PROGRESS writes=34734080 flushes=530
BASELINE_PROGRESS writes=34799616 flushes=531
BASELINE_PROGRESS writes=34865152 flushes=532
BASELINE_PROGRESS writes=34930688 flushes=533
BASELINE_PROGRESS writes=34996224 flushes=534
BASELINE_PROGRESS writes=35061760 flushes=535
BASELINE_PROGRESS writes=35127296 flushes=536
BASELINE_PROGRESS writes=35192832 flushes=537
BASELINE_PROGRESS writes=35258368 flushes=538
BASELINE_PROGRESS writes=35323904 flushes=539
BASELINE_PROGRESS writes=35389440 flushes=540
BASELINE_PROGRESS writes=35454976 flushes=541
BASELINE_PROGRESS writes=35520512 flushes=542
BASELINE_PROGRESS writes=35586048 flushes=543
BASELINE_PROGRESS writes=35651584 flushes=544
BASELINE_PROGRESS writes=35717120 flushes=545
BASELINE_PROGRESS writes=35782656 flushes=546
BASELINE_PROGRESS writes=35848192 flushes=547
BASELINE_PROGRESS writes=35913728 flushes=548
BASELINE_PROGRESS writes=35979264 flushes=549
BASELINE_PROGRESS writes=36044800 flushes=550
BASELINE_PROGRESS writes=36110336 flushes=551
BASELINE_PROGRESS writes=36175872 flushes=552
BASELINE_PROGRESS writes=36241408 flushes=553
BASELINE_PROGRESS writes=36306944 flushes=554
BASELINE_PROGRESS writes=36372480 flushes=555
BASELINE_PROGRESS writes=36438016 flushes=556
BASELINE_PROGRESS writes=36503552 flushes=557
BASELINE_PROGRESS writes=36569088 flushes=558
BASELINE_PROGRESS writes=36634624 flushes=559
BASELINE_PROGRESS writes=36700160 flushes=560
BASELINE_PROGRESS writes=36765696 flushes=561
BASELINE_PROGRESS writes=36831232 flushes=562
BASELINE_PROGRESS writes=36896768 flushes=563
BASELINE_PROGRESS writes=36962304 flushes=564
BASELINE_PROGRESS writes=37027840 flushes=565
BASELINE_PROGRESS writes=37093376 flushes=566
BASELINE_PROGRESS writes=37158912 flushes=567
BASELINE_PROGRESS writes=37224448 flushes=568
BASELINE_PROGRESS writes=37289984 flushes=569
BASELINE_PROGRESS writes=37355520 flushes=570
BASELINE_PROGRESS writes=37421056 flushes=571
BASELINE_PROGRESS writes=37486592 flushes=572
BASELINE_PROGRESS writes=37552128 flushes=573
BASELINE_PROGRESS writes=37617664 flushes=574
BASELINE_PROGRESS writes=37683200 flushes=575
BASELINE_PROGRESS writes=37748736 flushes=576
BASELINE_PROGRESS writes=37814272 flushes=577
BASELINE_PROGRESS writes=37879808 flushes=578
BASELINE_PROGRESS writes=37945344 flushes=579
BASELINE_PROGRESS writes=38010880 flushes=580
BASELINE_PROGRESS writes=38076416 flushes=581
BASELINE_PROGRESS writes=38141952 flushes=582
BASELINE_PROGRESS writes=38207488 flushes=583
BASELINE_PROGRESS writes=38273024 flushes=584
BASELINE_PROGRESS writes=38338560 flushes=585
BASELINE_PROGRESS writes=38404096 flushes=586
BASELINE_PROGRESS writes=38469632 flushes=587
BASELINE_PROGRESS writes=38535168 flushes=588
BASELINE_PROGRESS writes=38600704 flushes=589
BASELINE_PROGRESS writes=38666240 flushes=590
BASELINE_PROGRESS writes=38731776 flushes=591
BASELINE_PROGRESS writes=38797312 flushes=592
BASELINE_PROGRESS writes=38862848 flushes=593
BASELINE_PROGRESS writes=38928384 flushes=594
BASELINE_PROGRESS writes=38993920 flushes=595
BASELINE_PROGRESS writes=39059456 flushes=596
BASELINE_PROGRESS writes=39124992 flushes=597
BASELINE_PROGRESS writes=39190528 flushes=598
BASELINE_PROGRESS writes=39256064 flushes=599
BASELINE_PROGRESS writes=39321600 flushes=600
BASELINE_PROGRESS writes=39387136 flushes=601
BASELINE_PROGRESS writes=39452672 flushes=602
BASELINE_PROGRESS writes=39518208 flushes=603
BASELINE_PROGRESS writes=39583744 flushes=604
BASELINE_PROGRESS writes=39649280 flushes=605
BASELINE_PROGRESS writes=39714816 flushes=606
BASELINE_PROGRESS writes=39780352 flushes=607
BASELINE_PROGRESS writes=39845888 flushes=608
BASELINE_PROGRESS writes=39911424 flushes=609
BASELINE_PROGRESS writes=39976960 flushes=610
BASELINE_PROGRESS writes=40042496 flushes=611
BASELINE_PROGRESS writes=40108032 flushes=612
BASELINE_PROGRESS writes=40173568 flushes=613
BASELINE_PROGRESS writes=40239104 flushes=614
BASELINE_PROGRESS writes=40304640 flushes=615
BASELINE_PROGRESS writes=40370176 flushes=616
BASELINE_PROGRESS writes=40435712 flushes=617
BASELINE_PROGRESS writes=40501248 flushes=618
BASELINE_PROGRESS writes=40566784 flushes=619
BASELINE_PROGRESS writes=40632320 flushes=620
BASELINE_PROGRESS writes=40697856 flushes=621
BASELINE_PROGRESS writes=40763392 flushes=622
BASELINE_PROGRESS writes=40828928 flushes=623
BASELINE_PROGRESS writes=40894464 flushes=624
BASELINE_PROGRESS writes=40960000 flushes=625
BASELINE_PROGRESS writes=41025536 flushes=626
BASELINE_PROGRESS writes=41091072 flushes=627
BASELINE_PROGRESS writes=41156608 flushes=628
BASELINE_PROGRESS writes=41222144 flushes=629
BASELINE_PROGRESS writes=41287680 flushes=630
BASELINE_PROGRESS writes=41353216 flushes=631
BASELINE_PROGRESS writes=41418752 flushes=632
BASELINE_PROGRESS writes=41484288 flushes=633
BASELINE_PROGRESS writes=41549824 flushes=634
BASELINE_PROGRESS writes=41615360 flushes=635
BASELINE_PROGRESS writes=41680896 flushes=636
BASELINE_PROGRESS writes=41746432 flushes=637
BASELINE_PROGRESS writes=41811968 flushes=638
BASELINE_PROGRESS writes=41877504 flushes=639
BASELINE_PROGRESS writes=41943040 flushes=640
BASELINE_PROGRESS writes=42008576 flushes=641
BASELINE_PROGRESS writes=42074112 flushes=642
BASELINE_PROGRESS writes=42139648 flushes=643
BASELINE_PROGRESS writes=42205184 flushes=644
BASELINE_PROGRESS writes=42270720 flushes=645
BASELINE_PROGRESS writes=42336256 flushes=646
BASELINE_PROGRESS writes=42401792 flushes=647
BASELINE_PROGRESS writes=42467328 flushes=648
BASELINE_PROGRESS writes=42532864 flushes=649
BASELINE_PROGRESS writes=42598400 flushes=650
BASELINE_PROGRESS writes=42663936 flushes=651
BASELINE_PROGRESS writes=42729472 flushes=652
BASELINE_PROGRESS writes=42795008 flushes=653
BASELINE_PROGRESS writes=42860544 flushes=654
BASELINE_PROGRESS writes=42926080 flushes=655
BASELINE_PROGRESS writes=42991616 flushes=656
BASELINE_PROGRESS writes=43057152 flushes=657
BASELINE_PROGRESS writes=43122688 flushes=658
BASELINE_PROGRESS writes=43188224 flushes=659
BASELINE_PROGRESS writes=43253760 flushes=660
BASELINE_PROGRESS writes=43319296 flushes=661
BASELINE_PROGRESS writes=43384832 flushes=662
BASELINE_PROGRESS writes=43450368 flushes=663
BASELINE_PROGRESS writes=43515904 flushes=664
BASELINE_PROGRESS writes=43581440 flushes=665
BASELINE_PROGRESS writes=43646976 flushes=666
BASELINE_PROGRESS writes=43712512 flushes=667
BASELINE_PROGRESS writes=43778048 flushes=668
BASELINE_PROGRESS writes=43843584 flushes=669
BASELINE_PROGRESS writes=43909120 flushes=670
BASELINE_PROGRESS writes=43974656 flushes=671
BASELINE_PROGRESS writes=44040192 flushes=672
BASELINE_PROGRESS writes=44105728 flushes=673
BASELINE_PROGRESS writes=44171264 flushes=674
BASELINE_PROGRESS writes=44236800 flushes=675
BASELINE_PROGRESS writes=44302336 flushes=676
BASELINE_PROGRESS writes=44367872 flushes=677
BASELINE_PROGRESS writes=44433408 flushes=678
BASELINE_PROGRESS writes=44498944 flushes=679
BASELINE_PROGRESS writes=44564480 flushes=680
BASELINE_PROGRESS writes=44630016 flushes=681
BASELINE_PROGRESS writes=44695552 flushes=682
BASELINE_PROGRESS writes=44761088 flushes=683
BASELINE_PROGRESS writes=44826624 flushes=684
BASELINE_PROGRESS writes=44892160 flushes=685
BASELINE_PROGRESS writes=44957696 flushes=686
BASELINE_PROGRESS writes=45023232 flushes=687
BASELINE_PROGRESS writes=45088768 flushes=688
BASELINE_PROGRESS writes=45154304 flushes=689
BASELINE_PROGRESS writes=45219840 flushes=690
BASELINE_PROGRESS writes=45285376 flushes=691
BASELINE_PROGRESS writes=45350912 flushes=692
BASELINE_PROGRESS writes=45416448 flushes=693
BASELINE_PROGRESS writes=45481984 flushes=694
BASELINE_PROGRESS writes=45547520 flushes=695
BASELINE_PROGRESS writes=45613056 flushes=696
BASELINE_PROGRESS writes=45678592 flushes=697
BASELINE_PROGRESS writes=45744128 flushes=698
BASELINE_PROGRESS writes=45809664 flushes=699
BASELINE_PROGRESS writes=45875200 flushes=700
BASELINE_PROGRESS writes=45940736 flushes=701
BASELINE_PROGRESS writes=46006272 flushes=702
BASELINE_PROGRESS writes=46071808 flushes=703
BASELINE_PROGRESS writes=46137344 flushes=704
BASELINE_PROGRESS writes=46202880 flushes=705
BASELINE_PROGRESS writes=46268416 flushes=706
BASELINE_PROGRESS writes=46333952 flushes=707
BASELINE_PROGRESS writes=46399488 flushes=708
BASELINE_PROGRESS writes=46465024 flushes=709
BASELINE_PROGRESS writes=46530560 flushes=710
BASELINE_PROGRESS writes=46596096 flushes=711
BASELINE_PROGRESS writes=46661632 flushes=712
BASELINE_PROGRESS writes=46727168 flushes=713
BASELINE_PROGRESS writes=46792704 flushes=714
BASELINE_PROGRESS writes=46858240 flushes=715
BASELINE_PROGRESS writes=46923776 flushes=716
BASELINE_PROGRESS writes=46989312 flushes=717
BASELINE_PROGRESS writes=47054848 flushes=718
BASELINE_PROGRESS writes=47120384 flushes=719
BASELINE_PROGRESS writes=47185920 flushes=720
BASELINE_PROGRESS writes=47251456 flushes=721
BASELINE_PROGRESS writes=47316992 flushes=722
BASELINE_PROGRESS writes=47382528 flushes=723
BASELINE_PROGRESS writes=47448064 flushes=724
BASELINE_PROGRESS writes=47513600 flushes=725
BASELINE_PROGRESS writes=47579136 flushes=726
BASELINE_PROGRESS writes=47644672 flushes=727
BASELINE_PROGRESS writes=47710208 flushes=728
BASELINE_PROGRESS writes=47775744 flushes=729
BASELINE_PROGRESS writes=47841280 flushes=730
BASELINE_PROGRESS writes=47906816 flushes=731
BASELINE_PROGRESS writes=47972352 flushes=732
BASELINE_PROGRESS writes=48037888 flushes=733
BASELINE_PROGRESS writes=48103424 flushes=734
BASELINE_PROGRESS writes=48168960 flushes=735
BASELINE_PROGRESS writes=48234496 flushes=736
BASELINE_PROGRESS writes=48300032 flushes=737
BASELINE_PROGRESS writes=48365568 flushes=738
BASELINE_PROGRESS writes=48431104 flushes=739
BASELINE_PROGRESS writes=48496640 flushes=740
BASELINE_PROGRESS writes=48562176 flushes=741
BASELINE_PROGRESS writes=48627712 flushes=742
BASELINE_PROGRESS writes=48693248 flushes=743
BASELINE_PROGRESS writes=48758784 flushes=744
BASELINE_PROGRESS writes=48824320 flushes=745
BASELINE_PROGRESS writes=48889856 flushes=746
BASELINE_PROGRESS writes=48955392 flushes=747
BASELINE_PROGRESS writes=49020928 flushes=748
BASELINE_PROGRESS writes=49086464 flushes=749
BASELINE_PROGRESS writes=49152000 flushes=750
BASELINE_PROGRESS writes=49217536 flushes=751
BASELINE_PROGRESS writes=49283072 flushes=752
BASELINE_PROGRESS writes=49348608 flushes=753
BASELINE_PROGRESS writes=49414144 flushes=754
BASELINE_PROGRESS writes=49479680 flushes=755
BASELINE_PROGRESS writes=49545216 flushes=756
BASELINE_PROGRESS writes=49610752 flushes=757
BASELINE_PROGRESS writes=49676288 flushes=758
BASELINE_PROGRESS writes=49741824 flushes=759
BASELINE_PROGRESS writes=49807360 flushes=760
BASELINE_PROGRESS writes=49872896 flushes=761
BASELINE_PROGRESS writes=49938432 flushes=762
BASELINE_PROGRESS writes=50003968 flushes=763
BASELINE_PROGRESS writes=50069504 flushes=764
BASELINE_PROGRESS writes=50135040 flushes=765
BASELINE_PROGRESS writes=50200576 flushes=766
BASELINE_PROGRESS writes=50266112 flushes=767
BASELINE_PROGRESS writes=50331648 flushes=768
BASELINE_PROGRESS writes=50397184 flushes=769
BASELINE_PROGRESS writes=50462720 flushes=770
BASELINE_PROGRESS writes=50528256 flushes=771
BASELINE_PROGRESS writes=50593792 flushes=772
BASELINE_PROGRESS writes=50659328 flushes=773
BASELINE_PROGRESS writes=50724864 flushes=774
BASELINE_PROGRESS writes=50790400 flushes=775
BASELINE_PROGRESS writes=50855936 flushes=776
BASELINE_PROGRESS writes=50921472 flushes=777
BASELINE_PROGRESS writes=50987008 flushes=778
BASELINE_PROGRESS writes=51052544 flushes=779
BASELINE_PROGRESS writes=51118080 flushes=780
BASELINE_PROGRESS writes=51183616 flushes=781
BASELINE_PROGRESS writes=51249152 flushes=782
BASELINE_PROGRESS writes=51314688 flushes=783
BASELINE_PROGRESS writes=51380224 flushes=784
BASELINE_PROGRESS writes=51445760 flushes=785
BASELINE_PROGRESS writes=51511296 flushes=786
BASELINE_PROGRESS writes=51576832 flushes=787
BASELINE_PROGRESS writes=51642368 flushes=788
BASELINE_PROGRESS writes=51707904 flushes=789
BASELINE_PROGRESS writes=51773440 flushes=790
BASELINE_PROGRESS writes=51838976 flushes=791
BASELINE_PROGRESS writes=51904512 flushes=792
BASELINE_PROGRESS writes=51970048 flushes=793
BASELINE_PROGRESS writes=52035584 flushes=794
BASELINE_PROGRESS writes=52101120 flushes=795
BASELINE_PROGRESS writes=52166656 flushes=796
BASELINE_PROGRESS writes=52232192 flushes=797
BASELINE_PROGRESS writes=52297728 flushes=798
BASELINE_PROGRESS writes=52363264 flushes=799
BASELINE_PROGRESS writes=52428800 flushes=800
BASELINE_PROGRESS writes=52494336 flushes=801
BASELINE_PROGRESS writes=52559872 flushes=802
BASELINE_PROGRESS writes=52625408 flushes=803
BASELINE_PROGRESS writes=52690944 flushes=804
BASELINE_PROGRESS writes=52756480 flushes=805
BASELINE_PROGRESS writes=52822016 flushes=806
BASELINE_PROGRESS writes=52887552 flushes=807
BASELINE_PROGRESS writes=52953088 flushes=808
BASELINE_PROGRESS writes=53018624 flushes=809
BASELINE_PROGRESS writes=53084160 flushes=810
BASELINE_PROGRESS writes=53149696 flushes=811
BASELINE_PROGRESS writes=53215232 flushes=812
BASELINE_PROGRESS writes=53280768 flushes=813
BASELINE_PROGRESS writes=53346304 flushes=814
BASELINE_PROGRESS writes=53411840 flushes=815
BASELINE_PROGRESS writes=53477376 flushes=816
BASELINE_PROGRESS writes=53542912 flushes=817
BASELINE_PROGRESS writes=53608448 flushes=818
BASELINE_PROGRESS writes=53673984 flushes=819
BASELINE_PROGRESS writes=53739520 flushes=820
BASELINE_PROGRESS writes=53805056 flushes=821
BASELINE_PROGRESS writes=53870592 flushes=822
BASELINE_PROGRESS writes=53936128 flushes=823
BASELINE_PROGRESS writes=54001664 flushes=824
BASELINE_PROGRESS writes=54067200 flushes=825
BASELINE_PROGRESS writes=54132736 flushes=826
BASELINE_PROGRESS writes=54198272 flushes=827
BASELINE_PROGRESS writes=54263808 flushes=828
BASELINE_PROGRESS writes=54329344 flushes=829
BASELINE_PROGRESS writes=54394880 flushes=830
BASELINE_PROGRESS writes=54460416 flushes=831
BASELINE_PROGRESS writes=54525952 flushes=832
BASELINE_PROGRESS writes=54591488 flushes=833
BASELINE_PROGRESS writes=54657024 flushes=834
BASELINE_PROGRESS writes=54722560 flushes=835
BASELINE_PROGRESS writes=54788096 flushes=836
BASELINE_PROGRESS writes=54853632 flushes=837
BASELINE_PROGRESS writes=54919168 flushes=838
BASELINE_PROGRESS writes=54984704 flushes=839
BASELINE_PROGRESS writes=55050240 flushes=840
BASELINE_PROGRESS writes=55115776 flushes=841
BASELINE_PROGRESS writes=55181312 flushes=842
BASELINE_PROGRESS writes=55246848 flushes=843
BASELINE_PROGRESS writes=55312384 flushes=844
BASELINE_PROGRESS writes=55377920 flushes=845
BASELINE_PROGRESS writes=55443456 flushes=846
BASELINE_PROGRESS writes=55508992 flushes=847
BASELINE_PROGRESS writes=55574528 flushes=848
BASELINE_PROGRESS writes=55640064 flushes=849
BASELINE_PROGRESS writes=55705600 flushes=850
BASELINE_PROGRESS writes=55771136 flushes=851
BASELINE_PROGRESS writes=55836672 flushes=852
BASELINE_PROGRESS writes=55902208 flushes=853
BASELINE_PROGRESS writes=55967744 flushes=854
BASELINE_PROGRESS writes=56033280 flushes=855
BASELINE_PROGRESS writes=56098816 flushes=856
BASELINE_PROGRESS writes=56164352 flushes=857
BASELINE_PROGRESS writes=56229888 flushes=858
BASELINE_PROGRESS writes=56295424 flushes=859
BASELINE_PROGRESS writes=56360960 flushes=860
BASELINE_PROGRESS writes=56426496 flushes=861
BASELINE_PROGRESS writes=56492032 flushes=862
BASELINE_PROGRESS writes=56557568 flushes=863
BASELINE_PROGRESS writes=56623104 flushes=864
BASELINE_PROGRESS writes=56688640 flushes=865
BASELINE_PROGRESS writes=56754176 flushes=866
BASELINE_PROGRESS writes=56819712 flushes=867
BASELINE_PROGRESS writes=56885248 flushes=868
BASELINE_PROGRESS writes=56950784 flushes=869
BASELINE_PROGRESS writes=57016320 flushes=870
BASELINE_PROGRESS writes=57081856 flushes=871
BASELINE_PROGRESS writes=57147392 flushes=872
BASELINE_PROGRESS writes=57212928 flushes=873
BASELINE_PROGRESS writes=57278464 flushes=874
BASELINE_PROGRESS writes=57344000 flushes=875
BASELINE_PROGRESS writes=57409536 flushes=876
BASELINE_PROGRESS writes=57475072 flushes=877
BASELINE_PROGRESS writes=57540608 flushes=878
BASELINE_PROGRESS writes=57606144 flushes=879
BASELINE_PROGRESS writes=57671680 flushes=880
BASELINE_PROGRESS writes=57737216 flushes=881
BASELINE_PROGRESS writes=57802752 flushes=882
BASELINE_PROGRESS writes=57868288 flushes=883
BASELINE_PROGRESS writes=57933824 flushes=884
BASELINE_PROGRESS writes=57999360 flushes=885
BASELINE_PROGRESS writes=58064896 flushes=886
BASELINE_PROGRESS writes=58130432 flushes=887
BASELINE_PROGRESS writes=58195968 flushes=888
BASELINE_PROGRESS writes=58261504 flushes=889
BASELINE_PROGRESS writes=58327040 flushes=890
BASELINE_PROGRESS writes=58392576 flushes=891
BASELINE_PROGRESS writes=58458112 flushes=892
BASELINE_PROGRESS writes=58523648 flushes=893
BASELINE_PROGRESS writes=58589184 flushes=894
BASELINE_PROGRESS writes=58654720 flushes=895
BASELINE_PROGRESS writes=58720256 flushes=896
BASELINE_PROGRESS writes=58785792 flushes=897
BASELINE_PROGRESS writes=58851328 flushes=898
BASELINE_PROGRESS writes=58916864 flushes=899
BASELINE_PROGRESS writes=58982400 flushes=900
BASELINE_PROGRESS writes=59047936 flushes=901
BASELINE_PROGRESS writes=59113472 flushes=902
BASELINE_PROGRESS writes=59179008 flushes=903
BASELINE_PROGRESS writes=59244544 flushes=904
BASELINE_PROGRESS writes=59310080 flushes=905
BASELINE_PROGRESS writes=59375616 flushes=906
BASELINE_PROGRESS writes=59441152 flushes=907
BASELINE_PROGRESS writes=59506688 flushes=908
BASELINE_PROGRESS writes=59572224 flushes=909
BASELINE_PROGRESS writes=59637760 flushes=910
BASELINE_PROGRESS writes=59703296 flushes=911
BASELINE_PROGRESS writes=59768832 flushes=912
BASELINE_PROGRESS writes=59834368 flushes=913
BASELINE_PROGRESS writes=59899904 flushes=914
BASELINE_PROGRESS writes=59965440 flushes=915
BASELINE_PROGRESS writes=60030976 flushes=916
BASELINE_PROGRESS writes=60096512 flushes=917
BASELINE_PROGRESS writes=60162048 flushes=918
BASELINE_PROGRESS writes=60227584 flushes=919
BASELINE_PROGRESS writes=60293120 flushes=920
BASELINE_PROGRESS writes=60358656 flushes=921
BASELINE_PROGRESS writes=60424192 flushes=922
BASELINE_PROGRESS writes=60489728 flushes=923
BASELINE_PROGRESS writes=60555264 flushes=924
BASELINE_PROGRESS writes=60620800 flushes=925
BASELINE_PROGRESS writes=60686336 flushes=926
BASELINE_PROGRESS writes=60751872 flushes=927
BASELINE_PROGRESS writes=60817408 flushes=928
BASELINE_PROGRESS writes=60882944 flushes=929
BASELINE_PROGRESS writes=60948480 flushes=930
BASELINE_PROGRESS writes=61014016 flushes=931
BASELINE_PROGRESS writes=61079552 flushes=932
BASELINE_PROGRESS writes=61145088 flushes=933
BASELINE_PROGRESS writes=61210624 flushes=934
BASELINE_PROGRESS writes=61276160 flushes=935
BASELINE_PROGRESS writes=61341696 flushes=936
BASELINE_PROGRESS writes=61407232 flushes=937
BASELINE_PROGRESS writes=61472768 flushes=938
BASELINE_PROGRESS writes=61538304 flushes=939
BASELINE_PROGRESS writes=61603840 flushes=940
BASELINE_PROGRESS writes=61669376 flushes=941
BASELINE_PROGRESS writes=61734912 flushes=942
BASELINE_PROGRESS writes=61800448 flushes=943
BASELINE_PROGRESS writes=61865984 flushes=944
BASELINE_PROGRESS writes=61931520 flushes=945
BASELINE_PROGRESS writes=61997056 flushes=946
BASELINE_PROGRESS writes=62062592 flushes=947
BASELINE_PROGRESS writes=62128128 flushes=948
BASELINE_PROGRESS writes=62193664 flushes=949
BASELINE_PROGRESS writes=62259200 flushes=950
BASELINE_PROGRESS writes=62324736 flushes=951
BASELINE_PROGRESS writes=62390272 flushes=952
BASELINE_PROGRESS writes=62455808 flushes=953
BASELINE_PROGRESS writes=62521344 flushes=954
BASELINE_PROGRESS writes=62586880 flushes=955
BASELINE_PROGRESS writes=62652416 flushes=956
BASELINE_PROGRESS writes=62717952 flushes=957
BASELINE_PROGRESS writes=62783488 flushes=958
BASELINE_PROGRESS writes=62849024 flushes=959
BASELINE_PROGRESS writes=62914560 flushes=960
BASELINE_PROGRESS writes=62980096 flushes=961
BASELINE_PROGRESS writes=63045632 flushes=962
BASELINE_PROGRESS writes=63111168 flushes=963
BASELINE_PROGRESS writes=63176704 flushes=964
BASELINE_PROGRESS writes=63242240 flushes=965
BASELINE_PROGRESS writes=63307776 flushes=966
BASELINE_PROGRESS writes=63373312 flushes=967
BASELINE_PROGRESS writes=63438848 flushes=968
BASELINE_PROGRESS writes=63504384 flushes=969
BASELINE_PROGRESS writes=63569920 flushes=970
BASELINE_PROGRESS writes=63635456 flushes=971
BASELINE_PROGRESS writes=63700992 flushes=972
BASELINE_PROGRESS writes=63766528 flushes=973
BASELINE_PROGRESS writes=63832064 flushes=974
BASELINE_PROGRESS writes=63897600 flushes=975
BASELINE_PROGRESS writes=63963136 flushes=976
BASELINE_PROGRESS writes=64028672 flushes=977
BASELINE_PROGRESS writes=64094208 flushes=978
BASELINE_PROGRESS writes=64159744 flushes=979
BASELINE_PROGRESS writes=64225280 flushes=980
BASELINE_PROGRESS writes=64290816 flushes=981
BASELINE_PROGRESS writes=64356352 flushes=982
BASELINE_PROGRESS writes=64421888 flushes=983
BASELINE_PROGRESS writes=64487424 flushes=984
BASELINE_PROGRESS writes=64552960 flushes=985
BASELINE_PROGRESS writes=64618496 flushes=986
BASELINE_PROGRESS writes=64684032 flushes=987
BASELINE_PROGRESS writes=64749568 flushes=988
BASELINE_PROGRESS writes=64815104 flushes=989
BASELINE_PROGRESS writes=64880640 flushes=990
BASELINE_PROGRESS writes=64946176 flushes=991
BASELINE_PROGRESS writes=65011712 flushes=992
BASELINE_PROGRESS writes=65077248 flushes=993
BASELINE_PROGRESS writes=65142784 flushes=994
BASELINE_PROGRESS writes=65208320 flushes=995
BASELINE_PROGRESS writes=65273856 flushes=996
BASELINE_PROGRESS writes=65339392 flushes=997
BASELINE_PROGRESS writes=65404928 flushes=998
BASELINE_PROGRESS writes=65470464 flushes=999
BASELINE_PROGRESS writes=65536000 flushes=1000
BASELINE_PROGRESS writes=65601536 flushes=1001
BASELINE_PROGRESS writes=65667072 flushes=1002
BASELINE_PROGRESS writes=65732608 flushes=1003
BASELINE_PROGRESS writes=65798144 flushes=1004
BASELINE_PROGRESS writes=65863680 flushes=1005
BASELINE_PROGRESS writes=65929216 flushes=1006
BASELINE_PROGRESS writes=65994752 flushes=1007
BASELINE_PROGRESS writes=66060288 flushes=1008
BASELINE_PROGRESS writes=66125824 flushes=1009
BASELINE_PROGRESS writes=66191360 flushes=1010
BASELINE_PROGRESS writes=66256896 flushes=1011
BASELINE_PROGRESS writes=66322432 flushes=1012
BASELINE_PROGRESS writes=66387968 flushes=1013
BASELINE_PROGRESS writes=66453504 flushes=1014
BASELINE_PROGRESS writes=66519040 flushes=1015
BASELINE_PROGRESS writes=66584576 flushes=1016
BASELINE_PROGRESS writes=66650112 flushes=1017
BASELINE_PROGRESS writes=66715648 flushes=1018
BASELINE_PROGRESS writes=66781184 flushes=1019
BASELINE_PROGRESS writes=66846720 flushes=1020
BASELINE_PROGRESS writes=66912256 flushes=1021
BASELINE_PROGRESS writes=66977792 flushes=1022
BASELINE_PROGRESS writes=67043328 flushes=1023
BASELINE_PROGRESS writes=67108864 flushes=1024
BASELINE_PROGRESS writes=67174400 flushes=1025
BASELINE_PROGRESS writes=67239936 flushes=1026
BASELINE_PROGRESS writes=67305472 flushes=1027
BASELINE_PROGRESS writes=67371008 flushes=1028
BASELINE_PROGRESS writes=67436544 flushes=1029
BASELINE_PROGRESS writes=67502080 flushes=1030
BASELINE_PROGRESS writes=67567616 flushes=1031
BASELINE_PROGRESS writes=67633152 flushes=1032
BASELINE_PROGRESS writes=67698688 flushes=1033
BASELINE_PROGRESS writes=67764224 flushes=1034
BASELINE_PROGRESS writes=67829760 flushes=1035
BASELINE_PROGRESS writes=67895296 flushes=1036
BASELINE_PROGRESS writes=67960832 flushes=1037
BASELINE_PROGRESS writes=68026368 flushes=1038
BASELINE_PROGRESS writes=68091904 flushes=1039
BASELINE_PROGRESS writes=68157440 flushes=1040
BASELINE_PROGRESS writes=68222976 flushes=1041
BASELINE_PROGRESS writes=68288512 flushes=1042
BASELINE_PROGRESS writes=68354048 flushes=1043
BASELINE_PROGRESS writes=68419584 flushes=1044
BASELINE_PROGRESS writes=68485120 flushes=1045
BASELINE_PROGRESS writes=68550656 flushes=1046
BASELINE_PROGRESS writes=68616192 flushes=1047
BASELINE_PROGRESS writes=68681728 flushes=1048
BASELINE_PROGRESS writes=68747264 flushes=1049
BASELINE_PROGRESS writes=68812800 flushes=1050
BASELINE_PROGRESS writes=68878336 flushes=1051
BASELINE_PROGRESS writes=68943872 flushes=1052
BASELINE_PROGRESS writes=69009408 flushes=1053
BASELINE_PROGRESS writes=69074944 flushes=1054
BASELINE_PROGRESS writes=69140480 flushes=1055
BASELINE_PROGRESS writes=69206016 flushes=1056
BASELINE_PROGRESS writes=69271552 flushes=1057
BASELINE_PROGRESS writes=69337088 flushes=1058
BASELINE_PROGRESS writes=69402624 flushes=1059
BASELINE_PROGRESS writes=69468160 flushes=1060
BASELINE_PROGRESS writes=69533696 flushes=1061
BASELINE_PROGRESS writes=69599232 flushes=1062
BASELINE_PROGRESS writes=69664768 flushes=1063
BASELINE_PROGRESS writes=69730304 flushes=1064
BASELINE_PROGRESS writes=69795840 flushes=1065
BASELINE_PROGRESS writes=69861376 flushes=1066
BASELINE_PROGRESS writes=69926912 flushes=1067
BASELINE_PROGRESS writes=69992448 flushes=1068
BASELINE_PROGRESS writes=70057984 flushes=1069
BASELINE_PROGRESS writes=70123520 flushes=1070
BASELINE_PROGRESS writes=70189056 flushes=1071
BASELINE_PROGRESS writes=70254592 flushes=1072
BASELINE_PROGRESS writes=70320128 flushes=1073
BASELINE_PROGRESS writes=70385664 flushes=1074
BASELINE_PROGRESS writes=70451200 flushes=1075
BASELINE_PROGRESS writes=70516736 flushes=1076
BASELINE_PROGRESS writes=70582272 flushes=1077
BASELINE_PROGRESS writes=70647808 flushes=1078
BASELINE_PROGRESS writes=70713344 flushes=1079
BASELINE_PROGRESS writes=70778880 flushes=1080
BASELINE_PROGRESS writes=70844416 flushes=1081
BASELINE_PROGRESS writes=70909952 flushes=1082
BASELINE_PROGRESS writes=70975488 flushes=1083
BASELINE_PROGRESS writes=71041024 flushes=1084
BASELINE_PROGRESS writes=71106560 flushes=1085
BASELINE_PROGRESS writes=71172096 flushes=1086
BASELINE_PROGRESS writes=71237632 flushes=1087
BASELINE_PROGRESS writes=71303168 flushes=1088
BASELINE_PROGRESS writes=71368704 flushes=1089
BASELINE_PROGRESS writes=71434240 flushes=1090
BASELINE_PROGRESS writes=71499776 flushes=1091
BASELINE_PROGRESS writes=71565312 flushes=1092
BASELINE_PROGRESS writes=71630848 flushes=1093
BASELINE_PROGRESS writes=71696384 flushes=1094
BASELINE_PROGRESS writes=71761920 flushes=1095
BASELINE_PROGRESS writes=71827456 flushes=1096
BASELINE_PROGRESS writes=71892992 flushes=1097
BASELINE_PROGRESS writes=71958528 flushes=1098
BASELINE_PROGRESS writes=72024064 flushes=1099
BASELINE_PROGRESS writes=72089600 flushes=1100
BASELINE_PROGRESS writes=72155136 flushes=1101
BASELINE_PROGRESS writes=72220672 flushes=1102
BASELINE_PROGRESS writes=72286208 flushes=1103
BASELINE_PROGRESS writes=72351744 flushes=1104
BASELINE_PROGRESS writes=72417280 flushes=1105
BASELINE_PROGRESS writes=72482816 flushes=1106
BASELINE_PROGRESS writes=72548352 flushes=1107
BASELINE_PROGRESS writes=72613888 flushes=1108
BASELINE_PROGRESS writes=72679424 flushes=1109
BASELINE_PROGRESS writes=72744960 flushes=1110
BASELINE_PROGRESS writes=72810496 flushes=1111
BASELINE_PROGRESS writes=72876032 flushes=1112
BASELINE_PROGRESS writes=72941568 flushes=1113
BASELINE_PROGRESS writes=73007104 flushes=1114
BASELINE_PROGRESS writes=73072640 flushes=1115
BASELINE_PROGRESS writes=73138176 flushes=1116
BASELINE_PROGRESS writes=73203712 flushes=1117
BASELINE_PROGRESS writes=73269248 flushes=1118
BASELINE_PROGRESS writes=73334784 flushes=1119
BASELINE_PROGRESS writes=73400320 flushes=1120
BASELINE_PROGRESS writes=73465856 flushes=1121
BASELINE_PROGRESS writes=73531392 flushes=1122
BASELINE_PROGRESS writes=73596928 flushes=1123
BASELINE_PROGRESS writes=73662464 flushes=1124
BASELINE_PROGRESS writes=73728000 flushes=1125
BASELINE_PROGRESS writes=73793536 flushes=1126
BASELINE_PROGRESS writes=73859072 flushes=1127
BASELINE_PROGRESS writes=73924608 flushes=1128
BASELINE_PROGRESS writes=73990144 flushes=1129
BASELINE_PROGRESS writes=74055680 flushes=1130
BASELINE_PROGRESS writes=74121216 flushes=1131
BASELINE_PROGRESS writes=74186752 flushes=1132
BASELINE_PROGRESS writes=74252288 flushes=1133
BASELINE_PROGRESS writes=74317824 flushes=1134
BASELINE_PROGRESS writes=74383360 flushes=1135
BASELINE_PROGRESS writes=74448896 flushes=1136
BASELINE_PROGRESS writes=74514432 flushes=1137
BASELINE_PROGRESS writes=74579968 flushes=1138
BASELINE_PROGRESS writes=74645504 flushes=1139
BASELINE_PROGRESS writes=74711040 flushes=1140
BASELINE_PROGRESS writes=74776576 flushes=1141
BASELINE_PROGRESS writes=74842112 flushes=1142
BASELINE_PROGRESS writes=74907648 flushes=1143
BASELINE_PROGRESS writes=74973184 flushes=1144
BASELINE_PROGRESS writes=75038720 flushes=1145
BASELINE_PROGRESS writes=75104256 flushes=1146
BASELINE_PROGRESS writes=75169792 flushes=1147
BASELINE_PROGRESS writes=75235328 flushes=1148
BASELINE_PROGRESS writes=75300864 flushes=1149
BASELINE_PROGRESS writes=75366400 flushes=1150
BASELINE_PROGRESS writes=75431936 flushes=1151
BASELINE_PROGRESS writes=75497472 flushes=1152
BASELINE_PROGRESS writes=75563008 flushes=1153
BASELINE_PROGRESS writes=75628544 flushes=1154
BASELINE_PROGRESS writes=75694080 flushes=1155
BASELINE_PROGRESS writes=75759616 flushes=1156
BASELINE_PROGRESS writes=75825152 flushes=1157
BASELINE_PROGRESS writes=75890688 flushes=1158
BASELINE_PROGRESS writes=75956224 flushes=1159
BASELINE_PROGRESS writes=76021760 flushes=1160
BASELINE_PROGRESS writes=76087296 flushes=1161
BASELINE_PROGRESS writes=76152832 flushes=1162
BASELINE_PROGRESS writes=76218368 flushes=1163
BASELINE_PROGRESS writes=76283904 flushes=1164
BASELINE_PROGRESS writes=76349440 flushes=1165
BASELINE_PROGRESS writes=76414976 flushes=1166
BASELINE_PROGRESS writes=76480512 flushes=1167
BASELINE_PROGRESS writes=76546048 flushes=1168
BASELINE_PROGRESS writes=76611584 flushes=1169
BASELINE_PROGRESS writes=76677120 flushes=1170
BASELINE_PROGRESS writes=76742656 flushes=1171
BASELINE_PROGRESS writes=76808192 flushes=1172
BASELINE_PROGRESS writes=76873728 flushes=1173
BASELINE_PROGRESS writes=76939264 flushes=1174
BASELINE_PROGRESS writes=77004800 flushes=1175
BASELINE_PROGRESS writes=77070336 flushes=1176
BASELINE_PROGRESS writes=77135872 flushes=1177
BASELINE_PROGRESS writes=77201408 flushes=1178
BASELINE_PROGRESS writes=77266944 flushes=1179
BASELINE_PROGRESS writes=77332480 flushes=1180
BASELINE_PROGRESS writes=77398016 flushes=1181
BASELINE_PROGRESS writes=77463552 flushes=1182
BASELINE_PROGRESS writes=77529088 flushes=1183
BASELINE_PROGRESS writes=77594624 flushes=1184
BASELINE_PROGRESS writes=77660160 flushes=1185
BASELINE_PROGRESS writes=77725696 flushes=1186
BASELINE_PROGRESS writes=77791232 flushes=1187
BASELINE_PROGRESS writes=77856768 flushes=1188
BASELINE_PROGRESS writes=77922304 flushes=1189
BASELINE_PROGRESS writes=77987840 flushes=1190
BASELINE_PROGRESS writes=78053376 flushes=1191
BASELINE_PROGRESS writes=78118912 flushes=1192
BASELINE_PROGRESS writes=78184448 flushes=1193
BASELINE_PROGRESS writes=78249984 flushes=1194
BASELINE_PROGRESS writes=78315520 flushes=1195
BASELINE_PROGRESS writes=78381056 flushes=1196
BASELINE_PROGRESS writes=78446592 flushes=1197
BASELINE_PROGRESS writes=78512128 flushes=1198
BASELINE_PROGRESS writes=78577664 flushes=1199
BASELINE_PROGRESS writes=78643200 flushes=1200
BASELINE_PROGRESS writes=78708736 flushes=1201
BASELINE_PROGRESS writes=78774272 flushes=1202
BASELINE_PROGRESS writes=78839808 flushes=1203
BASELINE_PROGRESS writes=78905344 flushes=1204
BASELINE_PROGRESS writes=78970880 flushes=1205
BASELINE_PROGRESS writes=79036416 flushes=1206
BASELINE_PROGRESS writes=79101952 flushes=1207
BASELINE_PROGRESS writes=79167488 flushes=1208
BASELINE_PROGRESS writes=79233024 flushes=1209
BASELINE_PROGRESS writes=79298560 flushes=1210
BASELINE_PROGRESS writes=79364096 flushes=1211
BASELINE_PROGRESS writes=79429632 flushes=1212
BASELINE_PROGRESS writes=79495168 flushes=1213
BASELINE_PROGRESS writes=79560704 flushes=1214
BASELINE_PROGRESS writes=79626240 flushes=1215
BASELINE_PROGRESS writes=79691776 flushes=1216
BASELINE_PROGRESS writes=79757312 flushes=1217
BASELINE_PROGRESS writes=79822848 flushes=1218
BASELINE_PROGRESS writes=79888384 flushes=1219
BASELINE_PROGRESS writes=79953920 flushes=1220
BASELINE_PROGRESS writes=80019456 flushes=1221
BASELINE_PROGRESS writes=80084992 flushes=1222
BASELINE_PROGRESS writes=80150528 flushes=1223
BASELINE_PROGRESS writes=80216064 flushes=1224
BASELINE_PROGRESS writes=80281600 flushes=1225
BASELINE_PROGRESS writes=80347136 flushes=1226
BASELINE_PROGRESS writes=80412672 flushes=1227
BASELINE_PROGRESS writes=80478208 flushes=1228
BASELINE_PROGRESS writes=80543744 flushes=1229
BASELINE_PROGRESS writes=80609280 flushes=1230
BASELINE_PROGRESS writes=80674816 flushes=1231
BASELINE_PROGRESS writes=80740352 flushes=1232
BASELINE_PROGRESS writes=80805888 flushes=1233
BASELINE_PROGRESS writes=80871424 flushes=1234
BASELINE_PROGRESS writes=80936960 flushes=1235
BASELINE_PROGRESS writes=81002496 flushes=1236
BASELINE_PROGRESS writes=81068032 flushes=1237
BASELINE_PROGRESS writes=81133568 flushes=1238
BASELINE_PROGRESS writes=81199104 flushes=1239
BASELINE_PROGRESS writes=81264640 flushes=1240
BASELINE_PROGRESS writes=81330176 flushes=1241
BASELINE_PROGRESS writes=81395712 flushes=1242
BASELINE_PROGRESS writes=81461248 flushes=1243
BASELINE_PROGRESS writes=81526784 flushes=1244
BASELINE_PROGRESS writes=81592320 flushes=1245
BASELINE_PROGRESS writes=81657856 flushes=1246
BASELINE_PROGRESS writes=81723392 flushes=1247
BASELINE_PROGRESS writes=81788928 flushes=1248
BASELINE_PROGRESS writes=81854464 flushes=1249
BASELINE_PROGRESS writes=81920000 flushes=1250
BASELINE_PROGRESS writes=81985536 flushes=1251
BASELINE_PROGRESS writes=82051072 flushes=1252
BASELINE_PROGRESS writes=82116608 flushes=1253
BASELINE_PROGRESS writes=82182144 flushes=1254
BASELINE_PROGRESS writes=82247680 flushes=1255
BASELINE_PROGRESS writes=82313216 flushes=1256
BASELINE_PROGRESS writes=82378752 flushes=1257
BASELINE_PROGRESS writes=82444288 flushes=1258
BASELINE_PROGRESS writes=82509824 flushes=1259
BASELINE_PROGRESS writes=82575360 flushes=1260
BASELINE_PROGRESS writes=82640896 flushes=1261
BASELINE_PROGRESS writes=82706432 flushes=1262
BASELINE_PROGRESS writes=82771968 flushes=1263
BASELINE_PROGRESS writes=82837504 flushes=1264
BASELINE_PROGRESS writes=82903040 flushes=1265
BASELINE_PROGRESS writes=82968576 flushes=1266
BASELINE_PROGRESS writes=83034112 flushes=1267
BASELINE_PROGRESS writes=83099648 flushes=1268
BASELINE_PROGRESS writes=83165184 flushes=1269
BASELINE_PROGRESS writes=83230720 flushes=1270
BASELINE_PROGRESS writes=83296256 flushes=1271
BASELINE_PROGRESS writes=83361792 flushes=1272
BASELINE_PROGRESS writes=83427328 flushes=1273
BASELINE_PROGRESS writes=83492864 flushes=1274
BASELINE_PROGRESS writes=83558400 flushes=1275
BASELINE_PROGRESS writes=83623936 flushes=1276
BASELINE_PROGRESS writes=83689472 flushes=1277
BASELINE_PROGRESS writes=83755008 flushes=1278
BASELINE_PROGRESS writes=83820544 flushes=1279
BASELINE_PROGRESS writes=83886080 flushes=1280
BASELINE_PROGRESS writes=83951616 flushes=1281
BASELINE_PROGRESS writes=84017152 flushes=1282
BASELINE_PROGRESS writes=84082688 flushes=1283
BASELINE_PROGRESS writes=84148224 flushes=1284
BASELINE_PROGRESS writes=84213760 flushes=1285
BASELINE_PROGRESS writes=84279296 flushes=1286
BASELINE_PROGRESS writes=84344832 flushes=1287
BASELINE_PROGRESS writes=84410368 flushes=1288
BASELINE_PROGRESS writes=84475904 flushes=1289
BASELINE_PROGRESS writes=84541440 flushes=1290
BASELINE_PROGRESS writes=84606976 flushes=1291
BASELINE_PROGRESS writes=84672512 flushes=1292
BASELINE_PROGRESS writes=84738048 flushes=1293
BASELINE_PROGRESS writes=84803584 flushes=1294
BASELINE_PROGRESS writes=84869120 flushes=1295
BASELINE_PROGRESS writes=84934656 flushes=1296
BASELINE_PROGRESS writes=85000192 flushes=1297
BASELINE_PROGRESS writes=85065728 flushes=1298
BASELINE_PROGRESS writes=85131264 flushes=1299
BASELINE_PROGRESS writes=85196800 flushes=1300
BASELINE_PROGRESS writes=85262336 flushes=1301
BASELINE_PROGRESS writes=85327872 flushes=1302
BASELINE_PROGRESS writes=85393408 flushes=1303
BASELINE_PROGRESS writes=85458944 flushes=1304
BASELINE_PROGRESS writes=85524480 flushes=1305
BASELINE_PROGRESS writes=85590016 flushes=1306
BASELINE_PROGRESS writes=85655552 flushes=1307
BASELINE_PROGRESS writes=85721088 flushes=1308
BASELINE_PROGRESS writes=85786624 flushes=1309
BASELINE_PROGRESS writes=85852160 flushes=1310
BASELINE_PROGRESS writes=85917696 flushes=1311
BASELINE_PROGRESS writes=85983232 flushes=1312
BASELINE_PROGRESS writes=86048768 flushes=1313
BASELINE_PROGRESS writes=86114304 flushes=1314
BASELINE_PROGRESS writes=86179840 flushes=1315
BASELINE_PROGRESS writes=86245376 flushes=1316
BASELINE_PROGRESS writes=86310912 flushes=1317
BASELINE_PROGRESS writes=86376448 flushes=1318
BASELINE_PROGRESS writes=86441984 flushes=1319
BASELINE_PROGRESS writes=86507520 flushes=1320
BASELINE_PROGRESS writes=86573056 flushes=1321
BASELINE_PROGRESS writes=86638592 flushes=1322
BASELINE_PROGRESS writes=86704128 flushes=1323
BASELINE_PROGRESS writes=86769664 flushes=1324
BASELINE_PROGRESS writes=86835200 flushes=1325
BASELINE_PROGRESS writes=86900736 flushes=1326
BASELINE_PROGRESS writes=86966272 flushes=1327
BASELINE_PROGRESS writes=87031808 flushes=1328
BASELINE_PROGRESS writes=87097344 flushes=1329
BASELINE_PROGRESS writes=87162880 flushes=1330
BASELINE_PROGRESS writes=87228416 flushes=1331
BASELINE_PROGRESS writes=87293952 flushes=1332
BASELINE_PROGRESS writes=87359488 flushes=1333
BASELINE_PROGRESS writes=87425024 flushes=1334
BASELINE_PROGRESS writes=87490560 flushes=1335
BASELINE_PROGRESS writes=87556096 flushes=1336
BASELINE_PROGRESS writes=87621632 flushes=1337
BASELINE_PROGRESS writes=87687168 flushes=1338
BASELINE_PROGRESS writes=87752704 flushes=1339
BASELINE_PROGRESS writes=87818240 flushes=1340
BASELINE_PROGRESS writes=87883776 flushes=1341
BASELINE_PROGRESS writes=87949312 flushes=1342
BASELINE_PROGRESS writes=88014848 flushes=1343
BASELINE_PROGRESS writes=88080384 flushes=1344
BASELINE_PROGRESS writes=88145920 flushes=1345
BASELINE_PROGRESS writes=88211456 flushes=1346
BASELINE_PROGRESS writes=88276992 flushes=1347
BASELINE_PROGRESS writes=88342528 flushes=1348
BASELINE_PROGRESS writes=88408064 flushes=1349
BASELINE_PROGRESS writes=88473600 flushes=1350
BASELINE_PROGRESS writes=88539136 flushes=1351
BASELINE_PROGRESS writes=88604672 flushes=1352
BASELINE_PROGRESS writes=88670208 flushes=1353
BASELINE_PROGRESS writes=88735744 flushes=1354
BASELINE_PROGRESS writes=88801280 flushes=1355
BASELINE_PROGRESS writes=88866816 flushes=1356
BASELINE_PROGRESS writes=88932352 flushes=1357
BASELINE_PROGRESS writes=88997888 flushes=1358
BASELINE_PROGRESS writes=89063424 flushes=1359
BASELINE_PROGRESS writes=89128960 flushes=1360
BASELINE_PROGRESS writes=89194496 flushes=1361
BASELINE_PROGRESS writes=89260032 flushes=1362
BASELINE_PROGRESS writes=89325568 flushes=1363
BASELINE_PROGRESS writes=89391104 flushes=1364
BASELINE_PROGRESS writes=89456640 flushes=1365
BASELINE_PROGRESS writes=89522176 flushes=1366
BASELINE_PROGRESS writes=89587712 flushes=1367
BASELINE_PROGRESS writes=89653248 flushes=1368
BASELINE_PROGRESS writes=89718784 flushes=1369
BASELINE_PROGRESS writes=89784320 flushes=1370
BASELINE_PROGRESS writes=89849856 flushes=1371
BASELINE_PROGRESS writes=89915392 flushes=1372
BASELINE_PROGRESS writes=89980928 flushes=1373
BASELINE_PROGRESS writes=90046464 flushes=1374
BASELINE_PROGRESS writes=90112000 flushes=1375
BASELINE_PROGRESS writes=90177536 flushes=1376
BASELINE_PROGRESS writes=90243072 flushes=1377
BASELINE_PROGRESS writes=90308608 flushes=1378
BASELINE_PROGRESS writes=90374144 flushes=1379
BASELINE_PROGRESS writes=90439680 flushes=1380
BASELINE_PROGRESS writes=90505216 flushes=1381
BASELINE_PROGRESS writes=90570752 flushes=1382
BASELINE_PROGRESS writes=90636288 flushes=1383
BASELINE_PROGRESS writes=90701824 flushes=1384
BASELINE_PROGRESS writes=90767360 flushes=1385
BASELINE_PROGRESS writes=90832896 flushes=1386
BASELINE_PROGRESS writes=90898432 flushes=1387
BASELINE_PROGRESS writes=90963968 flushes=1388
BASELINE_PROGRESS writes=91029504 flushes=1389
BASELINE_PROGRESS writes=91095040 flushes=1390
BASELINE_PROGRESS writes=91160576 flushes=1391
BASELINE_PROGRESS writes=91226112 flushes=1392
BASELINE_PROGRESS writes=91291648 flushes=1393
BASELINE_PROGRESS writes=91357184 flushes=1394
BASELINE_PROGRESS writes=91422720 flushes=1395
BASELINE_PROGRESS writes=91488256 flushes=1396
BASELINE_PROGRESS writes=91553792 flushes=1397
BASELINE_PROGRESS writes=91619328 flushes=1398
BASELINE_PROGRESS writes=91684864 flushes=1399
BASELINE_PROGRESS writes=91750400 flushes=1400
BASELINE_PROGRESS writes=91815936 flushes=1401
BASELINE_PROGRESS writes=91881472 flushes=1402
BASELINE_PROGRESS writes=91947008 flushes=1403
BASELINE_PROGRESS writes=92012544 flushes=1404
BASELINE_PROGRESS writes=92078080 flushes=1405
BASELINE_PROGRESS writes=92143616 flushes=1406
BASELINE_PROGRESS writes=92209152 flushes=1407
BASELINE_PROGRESS writes=92274688 flushes=1408
BASELINE_PROGRESS writes=92340224 flushes=1409
BASELINE_PROGRESS writes=92405760 flushes=1410
BASELINE_PROGRESS writes=92471296 flushes=1411
BASELINE_PROGRESS writes=92536832 flushes=1412
BASELINE_PROGRESS writes=92602368 flushes=1413
BASELINE_PROGRESS writes=92667904 flushes=1414
BASELINE_PROGRESS writes=92733440 flushes=1415
BASELINE_PROGRESS writes=92798976 flushes=1416
BASELINE_PROGRESS writes=92864512 flushes=1417
BASELINE_PROGRESS writes=92930048 flushes=1418
BASELINE_PROGRESS writes=92995584 flushes=1419
BASELINE_PROGRESS writes=93061120 flushes=1420
BASELINE_PROGRESS writes=93126656 flushes=1421
BASELINE_PROGRESS writes=93192192 flushes=1422
BASELINE_PROGRESS writes=93257728 flushes=1423
BASELINE_PROGRESS writes=93323264 flushes=1424
BASELINE_PROGRESS writes=93388800 flushes=1425
BASELINE_PROGRESS writes=93454336 flushes=1426
BASELINE_PROGRESS writes=93519872 flushes=1427
BASELINE_PROGRESS writes=93585408 flushes=1428
BASELINE_PROGRESS writes=93650944 flushes=1429
BASELINE_PROGRESS writes=93716480 flushes=1430
BASELINE_PROGRESS writes=93782016 flushes=1431
BASELINE_PROGRESS writes=93847552 flushes=1432
BASELINE_PROGRESS writes=93913088 flushes=1433
BASELINE_PROGRESS writes=93978624 flushes=1434
BASELINE_PROGRESS writes=94044160 flushes=1435
BASELINE_PROGRESS writes=94109696 flushes=1436
BASELINE_PROGRESS writes=94175232 flushes=1437
BASELINE_PROGRESS writes=94240768 flushes=1438
BASELINE_PROGRESS writes=94306304 flushes=1439
BASELINE_PROGRESS writes=94371840 flushes=1440
BASELINE_PROGRESS writes=94437376 flushes=1441
BASELINE_PROGRESS writes=94502912 flushes=1442
BASELINE_PROGRESS writes=94568448 flushes=1443
BASELINE_PROGRESS writes=94633984 flushes=1444
BASELINE_PROGRESS writes=94699520 flushes=1445
BASELINE_PROGRESS writes=94765056 flushes=1446
BASELINE_PROGRESS writes=94830592 flushes=1447
BASELINE_PROGRESS writes=94896128 flushes=1448
BASELINE_PROGRESS writes=94961664 flushes=1449
BASELINE_PROGRESS writes=95027200 flushes=1450
BASELINE_PROGRESS writes=95092736 flushes=1451
BASELINE_PROGRESS writes=95158272 flushes=1452
BASELINE_PROGRESS writes=95223808 flushes=1453
BASELINE_PROGRESS writes=95289344 flushes=1454
BASELINE_PROGRESS writes=95354880 flushes=1455
BASELINE_PROGRESS writes=95420416 flushes=1456
BASELINE_PROGRESS writes=95485952 flushes=1457
BASELINE_PROGRESS writes=95551488 flushes=1458
BASELINE_PROGRESS writes=95617024 flushes=1459
BASELINE_PROGRESS writes=95682560 flushes=1460
BASELINE_PROGRESS writes=95748096 flushes=1461
BASELINE_PROGRESS writes=95813632 flushes=1462
BASELINE_PROGRESS writes=95879168 flushes=1463
BASELINE_PROGRESS writes=95944704 flushes=1464
BASELINE_PROGRESS writes=96010240 flushes=1465
BASELINE_PROGRESS writes=96075776 flushes=1466
BASELINE_PROGRESS writes=96141312 flushes=1467
BASELINE_PROGRESS writes=96206848 flushes=1468
BASELINE_PROGRESS writes=96272384 flushes=1469
BASELINE_PROGRESS writes=96337920 flushes=1470
BASELINE_PROGRESS writes=96403456 flushes=1471
BASELINE_PROGRESS writes=96468992 flushes=1472
BASELINE_PROGRESS writes=96534528 flushes=1473
BASELINE_PROGRESS writes=96600064 flushes=1474
BASELINE_PROGRESS writes=96665600 flushes=1475
BASELINE_PROGRESS writes=96731136 flushes=1476
BASELINE_PROGRESS writes=96796672 flushes=1477
BASELINE_PROGRESS writes=96862208 flushes=1478
BASELINE_PROGRESS writes=96927744 flushes=1479
BASELINE_PROGRESS writes=96993280 flushes=1480
BASELINE_PROGRESS writes=97058816 flushes=1481
BASELINE_PROGRESS writes=97124352 flushes=1482
BASELINE_PROGRESS writes=97189888 flushes=1483
BASELINE_PROGRESS writes=97255424 flushes=1484
BASELINE_PROGRESS writes=97320960 flushes=1485
BASELINE_PROGRESS writes=97386496 flushes=1486
BASELINE_PROGRESS writes=97452032 flushes=1487
BASELINE_PROGRESS writes=97517568 flushes=1488
BASELINE_PROGRESS writes=97583104 flushes=1489
BASELINE_PROGRESS writes=97648640 flushes=1490
BASELINE_PROGRESS writes=97714176 flushes=1491
BASELINE_PROGRESS writes=97779712 flushes=1492
BASELINE_PROGRESS writes=97845248 flushes=1493
BASELINE_PROGRESS writes=97910784 flushes=1494
BASELINE_PROGRESS writes=97976320 flushes=1495
BASELINE_PROGRESS writes=98041856 flushes=1496
BASELINE_PROGRESS writes=98107392 flushes=1497
BASELINE_PROGRESS writes=98172928 flushes=1498
BASELINE_PROGRESS writes=98238464 flushes=1499
BASELINE_PROGRESS writes=98304000 flushes=1500
BASELINE_PROGRESS writes=98369536 flushes=1501
BASELINE_PROGRESS writes=98435072 flushes=1502
BASELINE_PROGRESS writes=98500608 flushes=1503
BASELINE_PROGRESS writes=98566144 flushes=1504
BASELINE_PROGRESS writes=98631680 flushes=1505
BASELINE_PROGRESS writes=98697216 flushes=1506
BASELINE_PROGRESS writes=98762752 flushes=1507
BASELINE_PROGRESS writes=98828288 flushes=1508
BASELINE_PROGRESS writes=98893824 flushes=1509
BASELINE_PROGRESS writes=98959360 flushes=1510
BASELINE_PROGRESS writes=99024896 flushes=1511
BASELINE_PROGRESS writes=99090432 flushes=1512
BASELINE_PROGRESS writes=99155968 flushes=1513
BASELINE_PROGRESS writes=99221504 flushes=1514
BASELINE_PROGRESS writes=99287040 flushes=1515
BASELINE_PROGRESS writes=99352576 flushes=1516
BASELINE_PROGRESS writes=99418112 flushes=1517
BASELINE_PROGRESS writes=99483648 flushes=1518
BASELINE_PROGRESS writes=99549184 flushes=1519
BASELINE_PROGRESS writes=99614720 flushes=1520
BASELINE_PROGRESS writes=99680256 flushes=1521
BASELINE_PROGRESS writes=99745792 flushes=1522
BASELINE_PROGRESS writes=99811328 flushes=1523
BASELINE_PROGRESS writes=99876864 flushes=1524
BASELINE_PROGRESS writes=99942400 flushes=1525
BASELINE_PROGRESS writes=100007936 flushes=1526
BASELINE_PROGRESS writes=100073472 flushes=1527
BASELINE_PROGRESS writes=100139008 flushes=1528
BASELINE_PROGRESS writes=100204544 flushes=1529
BASELINE_PROGRESS writes=100270080 flushes=1530
BASELINE_PROGRESS writes=100335616 flushes=1531
BASELINE_PROGRESS writes=100401152 flushes=1532
BASELINE_PROGRESS writes=100466688 flushes=1533
BASELINE_PROGRESS writes=100532224 flushes=1534
BASELINE_PROGRESS writes=100597760 flushes=1535
BASELINE_PROGRESS writes=100663296 flushes=1536
BASELINE_PROGRESS writes=100728832 flushes=1537
BASELINE_PROGRESS writes=100794368 flushes=1538
BASELINE_PROGRESS writes=100859904 flushes=1539
BASELINE_PROGRESS writes=100925440 flushes=1540
BASELINE_PROGRESS writes=100990976 flushes=1541
BASELINE_PROGRESS writes=101056512 flushes=1542
BASELINE_PROGRESS writes=101122048 flushes=1543
BASELINE_PROGRESS writes=101187584 flushes=1544
BASELINE_PROGRESS writes=101253120 flushes=1545
BASELINE_PROGRESS writes=101318656 flushes=1546
BASELINE_PROGRESS writes=101384192 flushes=1547
BASELINE_PROGRESS writes=101449728 flushes=1548
BASELINE_PROGRESS writes=101515264 flushes=1549
BASELINE_PROGRESS writes=101580800 flushes=1550
BASELINE_PROGRESS writes=101646336 flushes=1551
BASELINE_PROGRESS writes=101711872 flushes=1552
BASELINE_PROGRESS writes=101777408 flushes=1553
BASELINE_PROGRESS writes=101842944 flushes=1554
BASELINE_PROGRESS writes=101908480 flushes=1555
BASELINE_PROGRESS writes=101974016 flushes=1556
BASELINE_PROGRESS writes=102039552 flushes=1557
BASELINE_PROGRESS writes=102105088 flushes=1558
BASELINE_PROGRESS writes=102170624 flushes=1559
BASELINE_PROGRESS writes=102236160 flushes=1560
BASELINE_PROGRESS writes=102301696 flushes=1561
BASELINE_PROGRESS writes=102367232 flushes=1562
BASELINE_PROGRESS writes=102432768 flushes=1563
BASELINE_PROGRESS writes=102498304 flushes=1564
BASELINE_PROGRESS writes=102563840 flushes=1565
BASELINE_PROGRESS writes=102629376 flushes=1566
BASELINE_PROGRESS writes=102694912 flushes=1567
BASELINE_PROGRESS writes=102760448 flushes=1568
BASELINE_PROGRESS writes=102825984 flushes=1569
BASELINE_PROGRESS writes=102891520 flushes=1570
BASELINE_PROGRESS writes=102957056 flushes=1571
BASELINE_PROGRESS writes=103022592 flushes=1572
BASELINE_PROGRESS writes=103088128 flushes=1573
BASELINE_PROGRESS writes=103153664 flushes=1574
BASELINE_PROGRESS writes=103219200 flushes=1575
BASELINE_PROGRESS writes=103284736 flushes=1576
BASELINE_PROGRESS writes=103350272 flushes=1577
BASELINE_PROGRESS writes=103415808 flushes=1578
BASELINE_PROGRESS writes=103481344 flushes=1579
BASELINE_PROGRESS writes=103546880 flushes=1580
BASELINE_PROGRESS writes=103612416 flushes=1581
BASELINE_PROGRESS writes=103677952 flushes=1582
BASELINE_PROGRESS writes=103743488 flushes=1583
BASELINE_PROGRESS writes=103809024 flushes=1584
BASELINE_PROGRESS writes=103874560 flushes=1585
BASELINE_PROGRESS writes=103940096 flushes=1586
BASELINE_PROGRESS writes=104005632 flushes=1587
BASELINE_PROGRESS writes=104071168 flushes=1588
BASELINE_PROGRESS writes=104136704 flushes=1589
BASELINE_PROGRESS writes=104202240 flushes=1590
BASELINE_PROGRESS writes=104267776 flushes=1591
BASELINE_PROGRESS writes=104333312 flushes=1592
BASELINE_PROGRESS writes=104398848 flushes=1593
BASELINE_PROGRESS writes=104464384 flushes=1594
BASELINE_PROGRESS writes=104529920 flushes=1595
BASELINE_PROGRESS writes=104595456 flushes=1596
BASELINE_PROGRESS writes=104660992 flushes=1597
BASELINE_PROGRESS writes=104726528 flushes=1598
BASELINE_PROGRESS writes=104792064 flushes=1599
BASELINE_PROGRESS writes=104857600 flushes=1600
BASELINE_RESULT seconds=1597.793 writes=104857600 explicit_flushes=1600 writes_per_flush=65536
