JUnit version 4.12
WARN  o.a.c.config.YamlConfigurationLoader - [scripted_user_defined_functions_enabled] parameters have been deprecated. They have new names and/or value format; For more information, please refer to NEWS.txt
WARN  o.a.c.config.YamlConfigurationLoader - [scripted_user_defined_functions_enabled] parameters have been deprecated. They have new names and/or value format; For more information, please refer to NEWS.txt
WARN  o.apache.cassandra.db.SystemKeyspace - No host ID found, created e2bc166a-4efa-44e4-8d04-f1d366cc66cd (Note: This should happen exactly once per node).
.E
Time: 1.712
There was 1 failure:
1) readRetainedFinalStates(org.apache.cassandra.db.compaction.VCompRetainedScanDiagnosticTest)
java.lang.RuntimeException: Tried to create duplicate hard link to /tmp/vcomp-cassandra-native-event-20260914-205927/storage/data/cql_test_keyspace/table_observerealnativebackgroundandreplayvir_00-be304090b03311f1aad89d306684f7be/backups/oa-6-big-Statistics.db
	at org.apache.cassandra.io.util.FileUtils.createHardLink(FileUtils.java:174)
	at org.apache.cassandra.io.sstable.format.SSTableReader.createLinks(SSTableReader.java:1151)
	at org.apache.cassandra.io.sstable.format.SSTableReader.createLinks(SSTableReader.java:1133)
	at org.apache.cassandra.io.sstable.format.SSTableReader.createLinks(SSTableReader.java:1128)
	at org.apache.cassandra.db.lifecycle.Tracker.maybeIncrementallyBackup(Tracker.java:471)
	at org.apache.cassandra.db.lifecycle.Tracker.addSSTablesInternal(Tracker.java:268)
	at org.apache.cassandra.db.lifecycle.Tracker.addSSTables(Tracker.java:254)
	at org.apache.cassandra.db.ColumnFamilyStore.addSSTables(ColumnFamilyStore.java:1681)
	at org.apache.cassandra.db.compaction.VCompRetainedScanDiagnosticTest.readRetainedFinalStates(VCompRetainedScanDiagnosticTest.java:92)
	at java.base/jdk.internal.reflect.NativeMethodAccessorImpl.invoke0(Native Method)
	at java.base/jdk.internal.reflect.NativeMethodAccessorImpl.invoke(NativeMethodAccessorImpl.java:62)
	at java.base/jdk.internal.reflect.DelegatingMethodAccessorImpl.invoke(DelegatingMethodAccessorImpl.java:43)
	at java.base/java.lang.reflect.Method.invoke(Method.java:566)
	at org.junit.runners.model.FrameworkMethod$1.runReflectiveCall(FrameworkMethod.java:50)
	at org.junit.internal.runners.model.ReflectiveCallable.run(ReflectiveCallable.java:12)
	at org.junit.runners.model.FrameworkMethod.invokeExplosively(FrameworkMethod.java:47)
	at org.junit.internal.runners.statements.InvokeMethod.evaluate(InvokeMethod.java:17)
	at org.junit.internal.runners.statements.RunBefores.evaluate(RunBefores.java:26)
	at org.junit.internal.runners.statements.RunAfters.evaluate(RunAfters.java:27)
	at org.junit.rules.TestWatcher$1.evaluate(TestWatcher.java:55)
	at org.junit.rules.RunRules.evaluate(RunRules.java:20)
	at org.junit.runners.ParentRunner.runLeaf(ParentRunner.java:325)
	at org.junit.runners.BlockJUnit4ClassRunner.runChild(BlockJUnit4ClassRunner.java:78)
	at org.junit.runners.BlockJUnit4ClassRunner.runChild(BlockJUnit4ClassRunner.java:57)
	at org.junit.runners.ParentRunner$3.run(ParentRunner.java:290)
	at org.junit.runners.ParentRunner$1.schedule(ParentRunner.java:71)
	at org.junit.runners.ParentRunner.runChildren(ParentRunner.java:288)
	at org.junit.runners.ParentRunner.access$000(ParentRunner.java:58)
	at org.junit.runners.ParentRunner$2.evaluate(ParentRunner.java:268)
	at org.junit.internal.runners.statements.RunBefores.evaluate(RunBefores.java:26)
	at org.junit.internal.runners.statements.RunAfters.evaluate(RunAfters.java:27)
	at org.junit.runners.ParentRunner.run(ParentRunner.java:363)
	at org.junit.runners.Suite.runChild(Suite.java:128)
	at org.junit.runners.Suite.runChild(Suite.java:27)
	at org.junit.runners.ParentRunner$3.run(ParentRunner.java:290)
	at org.junit.runners.ParentRunner$1.schedule(ParentRunner.java:71)
	at org.junit.runners.ParentRunner.runChildren(ParentRunner.java:288)
	at org.junit.runners.ParentRunner.access$000(ParentRunner.java:58)
	at org.junit.runners.ParentRunner$2.evaluate(ParentRunner.java:268)
	at org.junit.runners.ParentRunner.run(ParentRunner.java:363)
	at org.junit.runner.JUnitCore.run(JUnitCore.java:137)
	at org.junit.runner.JUnitCore.run(JUnitCore.java:115)
	at org.junit.runner.JUnitCore.runMain(JUnitCore.java:77)
	at org.junit.runner.JUnitCore.main(JUnitCore.java:36)

FAILURES!!!
Tests run: 1,  Failures: 1

