Canonical SHA256 before: baseline 1/1632 components
Canonical SHA256 before: baseline 65/1632 components
Canonical SHA256 before: baseline 129/1632 components
Canonical SHA256 before: baseline 193/1632 components
Canonical SHA256 before: baseline 257/1632 components
Canonical SHA256 before: baseline 321/1632 components
Canonical SHA256 before: baseline 385/1632 components
Canonical SHA256 before: baseline 449/1632 components
Canonical SHA256 before: baseline 513/1632 components
Canonical SHA256 before: baseline 577/1632 components
Canonical SHA256 before: baseline 641/1632 components
Canonical SHA256 before: baseline 705/1632 components
Canonical SHA256 before: baseline 769/1632 components
Canonical SHA256 before: baseline 833/1632 components
Canonical SHA256 before: baseline 897/1632 components
Canonical SHA256 before: baseline 961/1632 components
Canonical SHA256 before: baseline 1025/1632 components
Canonical SHA256 before: baseline 1089/1632 components
Canonical SHA256 before: baseline 1153/1632 components
Canonical SHA256 before: baseline 1217/1632 components
Canonical SHA256 before: baseline 1281/1632 components
Canonical SHA256 before: baseline 1345/1632 components
Canonical SHA256 before: baseline 1409/1632 components
Canonical SHA256 before: baseline 1473/1632 components
Canonical SHA256 before: baseline 1537/1632 components
Canonical SHA256 before: baseline 1601/1632 components
Canonical SHA256 before: vcomp 1/1488 components
Canonical SHA256 before: vcomp 65/1488 components
Canonical SHA256 before: vcomp 129/1488 components
Canonical SHA256 before: vcomp 193/1488 components
Canonical SHA256 before: vcomp 257/1488 components
Canonical SHA256 before: vcomp 321/1488 components
Canonical SHA256 before: vcomp 385/1488 components
Canonical SHA256 before: vcomp 449/1488 components
Canonical SHA256 before: vcomp 513/1488 components
Canonical SHA256 before: vcomp 577/1488 components
Canonical SHA256 before: vcomp 641/1488 components
Canonical SHA256 before: vcomp 705/1488 components
Canonical SHA256 before: vcomp 769/1488 components
Canonical SHA256 before: vcomp 833/1488 components
Canonical SHA256 before: vcomp 897/1488 components
Canonical SHA256 before: vcomp 961/1488 components
Canonical SHA256 before: vcomp 1025/1488 components
Canonical SHA256 before: vcomp 1089/1488 components
Canonical SHA256 before: vcomp 1153/1488 components
Canonical SHA256 before: vcomp 1217/1488 components
Canonical SHA256 before: vcomp 1281/1488 components
Canonical SHA256 before: vcomp 1345/1488 components
Canonical SHA256 before: vcomp 1409/1488 components
Canonical SHA256 before: vcomp 1473/1488 components
[2026-09-14T15:03:07+09:00] Running A-F/MixGraph, 48 workers for 300 seconds per cell
[2026-09-14T15:03:08+09:00] Preparing A baseline checkpoint
[2026-09-14T15:03:22+09:00] Running A baseline (48 threads, 300s)
WARNING: An illegal reflective access operation has occurred
WARNING: Illegal reflective access by org.github.jamm.utils.InjectedInvoker/0x000000084024e040 (file:/home/dongju/vcomp/cassandra_vcomp/lib/jamm-0.4.0.jar) to field java.nio.DirectByteBuffer.att
WARNING: Please consider reporting this to the maintainers of org.github.jamm.utils.InjectedInvoker/0x000000084024e040
WARNING: Use --illegal-access=warn to enable warnings of further illegal reflective access operations
WARNING: All illegal access operations will be denied in a future release
WORKLOAD_PROGRESS workload=A mode=time operations=1576992
WORKLOAD_PROGRESS workload=A mode=time operations=3379867
WORKLOAD_PROGRESS workload=A mode=time operations=5197399
WORKLOAD_PROGRESS workload=A mode=time operations=6953917
WORKLOAD_PROGRESS workload=A mode=time operations=8748098
WORKLOAD_PROGRESS workload=A mode=time operations=10508407
WORKLOAD_PROGRESS workload=A mode=time operations=12131379
WORKLOAD_PROGRESS workload=A mode=time operations=13816585
WORKLOAD_PROGRESS workload=A mode=time operations=15480427
WORKLOAD_RESULT {"workload":"A","definition":"50% read / 50% update","generator_version":"reference-streams-v3","seed":20260909,"measurement_mode":"time","requested_duration_seconds":300,"operations_per_thread":0,"keyspace_size":104857600,"scan_requested_rows":0,"scan_returned_rows":0,"scan_returned_bytes":0,"scan_cql_requests":0,"empty_scans":0,"scan_length_min":0,"scan_length_max":0,"scan_seek_only_rows":0,"key_distribution":"scrambled Zipfian theta=0.99","wall_seconds":300.002281,"threads":48,"operations":17098677,"throughput_ops_per_second":56995.156587,"point_reads":8553491,"writes":8545186,"scans":0,"read_misses":1468136,"point_read_hits":7085355,"point_read_misses":1468136,"operation_latency_p50_us":497.407,"operation_latency_p95_us":2523.135,"operation_latency_p99_us":4087.807,"point_lookup_latency_p50_us":766.975,"point_lookup_latency_p95_us":3051.519,"point_lookup_latency_p99_us":5763.071,"point_lookup_hit_latency_p50_us":610.303,"point_lookup_hit_latency_p95_us":2729.983,"point_lookup_hit_latency_p99_us":4653.055,"point_lookup_miss_latency_p50_us":1984.511,"point_lookup_miss_latency_p95_us":4001.791,"point_lookup_miss_latency_p99_us":9854.975,"scan_latency_p50_us":0.000,"scan_latency_p95_us":0.000,"scan_latency_p99_us":0.000,"disk_device":"md0","disk_read_bytes":2111021064192,"disk_write_bytes":21512470528}
[2026-09-14T15:08:37+09:00] Preparing A vcomp checkpoint
[2026-09-14T15:08:53+09:00] Running A vcomp (48 threads, 300s)
Canonical SHA256 after: baseline 1/1632 components
Canonical SHA256 after: baseline 65/1632 components
Canonical SHA256 after: baseline 129/1632 components
Canonical SHA256 after: baseline 193/1632 components
Canonical SHA256 after: baseline 257/1632 components
Canonical SHA256 after: baseline 321/1632 components
Canonical SHA256 after: baseline 385/1632 components
Canonical SHA256 after: baseline 449/1632 components
Canonical SHA256 after: baseline 513/1632 components
Canonical SHA256 after: baseline 577/1632 components
Canonical SHA256 after: baseline 641/1632 components
Canonical SHA256 after: baseline 705/1632 components
Canonical SHA256 after: baseline 769/1632 components
Canonical SHA256 after: baseline 833/1632 components
Canonical SHA256 after: baseline 897/1632 components
Canonical SHA256 after: baseline 961/1632 components
Canonical SHA256 after: baseline 1025/1632 components
Canonical SHA256 after: baseline 1089/1632 components
Canonical SHA256 after: baseline 1153/1632 components
Canonical SHA256 after: baseline 1217/1632 components
Canonical SHA256 after: baseline 1281/1632 components
Canonical SHA256 after: baseline 1345/1632 components
Canonical SHA256 after: baseline 1409/1632 components
Canonical SHA256 after: baseline 1473/1632 components
Canonical SHA256 after: baseline 1537/1632 components
Canonical SHA256 after: baseline 1601/1632 components
Canonical SHA256 after: vcomp 1/1488 components
Canonical SHA256 after: vcomp 65/1488 components
Canonical SHA256 after: vcomp 129/1488 components
Canonical SHA256 after: vcomp 193/1488 components
Canonical SHA256 after: vcomp 257/1488 components
Canonical SHA256 after: vcomp 321/1488 components
Canonical SHA256 after: vcomp 385/1488 components
Canonical SHA256 after: vcomp 449/1488 components
Canonical SHA256 after: vcomp 513/1488 components
Canonical SHA256 after: vcomp 577/1488 components
Canonical SHA256 after: vcomp 641/1488 components
Canonical SHA256 after: vcomp 705/1488 components
Canonical SHA256 after: vcomp 769/1488 components
Canonical SHA256 after: vcomp 833/1488 components
Canonical SHA256 after: vcomp 897/1488 components
Canonical SHA256 after: vcomp 961/1488 components
Canonical SHA256 after: vcomp 1025/1488 components
Canonical SHA256 after: vcomp 1089/1488 components
Canonical SHA256 after: vcomp 1153/1488 components
Canonical SHA256 after: vcomp 1217/1488 components
Canonical SHA256 after: vcomp 1281/1488 components
Canonical SHA256 after: vcomp 1345/1488 components
Canonical SHA256 after: vcomp 1409/1488 components
Canonical SHA256 after: vcomp 1473/1488 components
missing workload results: [('A', 'vcomp'), ('B', 'baseline'), ('B', 'vcomp'), ('C', 'baseline'), ('C', 'vcomp'), ('D', 'baseline'), ('D', 'vcomp'), ('E', 'baseline'), ('E', 'vcomp'), ('F', 'baseline'), ('F', 'vcomp'), ('MIXGRAPH', 'baseline'), ('MIXGRAPH', 'vcomp')]
