JUnit version 4.12
WARN  o.a.c.config.YamlConfigurationLoader - [scripted_user_defined_functions_enabled] parameters have been deprecated. They have new names and/or value format; For more information, please refer to NEWS.txt
WARN  o.a.c.config.YamlConfigurationLoader - [scripted_user_defined_functions_enabled] parameters have been deprecated. They have new names and/or value format; For more information, please refer to NEWS.txt
WARN  o.apache.cassandra.db.SystemKeyspace - No host ID found, created cc2dd912-5dd9-4f65-8a6b-b0a575609558 (Note: This should happen exactly once per node).
.E
Time: 2.597
There was 1 failure:
1) isolateMatchedFormatWriterAndTimestamp(org.apache.cassandra.db.compaction.vcomp.VCompMatchedMaterializationTest)
java.lang.IllegalArgumentException: Invalid sstable file oa-2-big-Data.db: cannot extract keyspace and table name from /tmp/vcomp-matched-materialization-20260914-205634/output/shard-0/same-rows-native-header/oa-2-big-Data.db; make sure the sstable is in the proper sub-directories
	at org.apache.cassandra.io.sstable.Descriptor.invalidSSTable(Descriptor.java:436)
	at org.apache.cassandra.io.sstable.Descriptor.fromFileWithComponent(Descriptor.java:334)
	at org.apache.cassandra.io.sstable.Descriptor.fromFileWithComponent(Descriptor.java:297)
	at org.apache.cassandra.io.sstable.Descriptor.fromFile(Descriptor.java:264)
	at org.apache.cassandra.db.compaction.vcomp.VCompMatchedMaterializationTest.readEvidence(VCompMatchedMaterializationTest.java:223)
	at org.apache.cassandra.db.compaction.vcomp.VCompMatchedMaterializationTest.isolateMatchedFormatWriterAndTimestamp(VCompMatchedMaterializationTest.java:126)
	at java.base/jdk.internal.reflect.NativeMethodAccessorImpl.invoke0(Native Method)
	at java.base/jdk.internal.reflect.NativeMethodAccessorImpl.invoke(NativeMethodAccessorImpl.java:62)
	at java.base/jdk.internal.reflect.DelegatingMethodAccessorImpl.invoke(DelegatingMethodAccessorImpl.java:43)
	at java.base/java.lang.reflect.Method.invoke(Method.java:566)
	at org.junit.runners.model.FrameworkMethod$1.runReflectiveCall(FrameworkMethod.java:50)
	at org.junit.internal.runners.model.ReflectiveCallable.run(ReflectiveCallable.java:12)
	at org.junit.runners.model.FrameworkMethod.invokeExplosively(FrameworkMethod.java:47)
	at org.junit.internal.runners.statements.InvokeMethod.evaluate(InvokeMethod.java:17)
	at org.junit.internal.runners.statements.RunBefores.evaluate(RunBefores.java:26)
	at org.junit.internal.runners.statements.RunAfters.evaluate(RunAfters.java:27)
	at org.junit.rules.TestWatcher$1.evaluate(TestWatcher.java:55)
	at org.junit.rules.RunRules.evaluate(RunRules.java:20)
	at org.junit.runners.ParentRunner.runLeaf(ParentRunner.java:325)
	at org.junit.runners.BlockJUnit4ClassRunner.runChild(BlockJUnit4ClassRunner.java:78)
	at org.junit.runners.BlockJUnit4ClassRunner.runChild(BlockJUnit4ClassRunner.java:57)
	at org.junit.runners.ParentRunner$3.run(ParentRunner.java:290)
	at org.junit.runners.ParentRunner$1.schedule(ParentRunner.java:71)
	at org.junit.runners.ParentRunner.runChildren(ParentRunner.java:288)
	at org.junit.runners.ParentRunner.access$000(ParentRunner.java:58)
	at org.junit.runners.ParentRunner$2.evaluate(ParentRunner.java:268)
	at org.junit.internal.runners.statements.RunBefores.evaluate(RunBefores.java:26)
	at org.junit.internal.runners.statements.RunAfters.evaluate(RunAfters.java:27)
	at org.junit.runners.ParentRunner.run(ParentRunner.java:363)
	at org.junit.runners.Suite.runChild(Suite.java:128)
	at org.junit.runners.Suite.runChild(Suite.java:27)
	at org.junit.runners.ParentRunner$3.run(ParentRunner.java:290)
	at org.junit.runners.ParentRunner$1.schedule(ParentRunner.java:71)
	at org.junit.runners.ParentRunner.runChildren(ParentRunner.java:288)
	at org.junit.runners.ParentRunner.access$000(ParentRunner.java:58)
	at org.junit.runners.ParentRunner$2.evaluate(ParentRunner.java:268)
	at org.junit.runners.ParentRunner.run(ParentRunner.java:363)
	at org.junit.runner.JUnitCore.run(JUnitCore.java:137)
	at org.junit.runner.JUnitCore.run(JUnitCore.java:115)
	at org.junit.runner.JUnitCore.runMain(JUnitCore.java:77)
	at org.junit.runner.JUnitCore.main(JUnitCore.java:36)

FAILURES!!!
Tests run: 1,  Failures: 1

