[1/4] Building and auditing the Cassandra runtime jar
[2/4] Measuring vanilla Cassandra UCS baseline
[1/6] Building Cassandra and baseline client
[2/6] Starting isolated Cassandra node for 1 GiB baseline
[3/6] Native CQL writes with explicit 64 MiB flushes and UCS T4 enabled
WARNING: An illegal reflective access operation has occurred
WARNING: Illegal reflective access by org.github.jamm.utils.InjectedInvoker/0x0000000840063c40 (file:/home/dongju/vcomp/cassandra_vcomp/lib/jamm-0.4.0.jar) to field java.nio.DirectByteBuffer.att
WARNING: Please consider reporting this to the maintainers of org.github.jamm.utils.InjectedInvoker/0x0000000840063c40
WARNING: Use --illegal-access=warn to enable warnings of further illegal reflective access operations
WARNING: All illegal access operations will be denied in a future release
BASELINE_PROGRESS writes=65536 flushes=1
BASELINE_PROGRESS writes=131072 flushes=2
BASELINE_PROGRESS writes=196608 flushes=3
BASELINE_PROGRESS writes=262144 flushes=4
BASELINE_PROGRESS writes=327680 flushes=5
BASELINE_PROGRESS writes=393216 flushes=6
BASELINE_PROGRESS writes=458752 flushes=7
BASELINE_PROGRESS writes=524288 flushes=8
BASELINE_PROGRESS writes=589824 flushes=9
BASELINE_PROGRESS writes=655360 flushes=10
BASELINE_PROGRESS writes=720896 flushes=11
BASELINE_PROGRESS writes=786432 flushes=12
BASELINE_PROGRESS writes=851968 flushes=13
BASELINE_PROGRESS writes=917504 flushes=14
BASELINE_PROGRESS writes=983040 flushes=15
BASELINE_PROGRESS writes=1048576 flushes=16
BASELINE_RESULT seconds=14.960 writes=1048576 explicit_flushes=16 writes_per_flush=65536
[4/6] Draining automatic UCS compactions (no forced major compaction)
concurrent compactors                48                                                                            
pending tasks                        1                                                                             
baseline_preflight_v3                kv              1                                                             
compactions completed                7                                                                             
data compacted                       790573092                                                                     
compressed data compacted            790539028                                                                     
compactions aborted                  0                                                                             
compactions reduced                  0                                                                             
sstables dropped from compaction     0                                                                             
15 minute rate                       0.46/minute                                                                   
mean rate                            409.89/hour                                                                   
compaction throughput (MiB/s)        64.0                                                                          
id                                   compaction type keyspace              table completed total     unit  progress
f71f3830-aff6-11f1-86eb-d3953ae89632 Compaction      baseline_preflight_v3 kv    195062771 263557762 bytes 74.01%  
active compaction remaining time     0h00m01s                                                                      
concurrent compactors                48                                                                            
pending tasks                        3                                                                             
baseline_preflight_v3                kv              3                                                             
compactions completed                8                                                                             
data compacted                       1054130854                                                                    
compressed data compacted            1054096790                                                                    
compactions aborted                  0                                                                             
compactions reduced                  0                                                                             
sstables dropped from compaction     0                                                                             
15 minute rate                       0.52/minute                                                                   
mean rate                            430.26/hour                                                                   
compaction throughput (MiB/s)        64.0                                                                          
id                                   compaction type keyspace              table completed total     unit  progress
f9998700-aff6-11f1-86eb-d3953ae89632 Compaction      baseline_preflight_v3 kv    307871139 452278770 bytes 68.07%  
active compaction remaining time     0h00m02s                                                                      
concurrent compactors                48                                                                            
pending tasks                        2                                                                             
baseline_preflight_v3                kv              2                                                             
compactions completed                9                                                                             
data compacted                       1506409624                                                                    
compressed data compacted            1506375560                                                                    
compactions aborted                  0                                                                             
compactions reduced                  0                                                                             
sstables dropped from compaction     0                                                                             
15 minute rate                       0.59/minute                                                                   
mean rate                            447.58/hour                                                                   
compaction throughput (MiB/s)        64.0                                                                          
id                                   compaction type keyspace              table completed total     unit  progress
fd9a27b0-aff6-11f1-86eb-d3953ae89632 Compaction      baseline_preflight_v3 kv    221600198 509973494 bytes 43.45%  
active compaction remaining time     0h00m04s                                                                      
concurrent compactors            48         
pending tasks                    0          
compactions completed            10         
data compacted                   2016383118 
compressed data compacted        2016349054 
compactions aborted              0          
compactions reduced              0          
sstables dropped from compaction 0          
15 minute rate                   0.58/minute
mean rate                        462.47/hour
compaction throughput (MiB/s)    64.0       
concurrent compactors            48         
pending tasks                    0          
compactions completed            10         
data compacted                   2016383118 
compressed data compacted        2016349054 
compactions aborted              0          
compactions reduced              0          
sstables dropped from compaction 0          
15 minute rate                   0.65/minute
mean rate                        432.23/hour
compaction throughput (MiB/s)    64.0       
concurrent compactors            48         
pending tasks                    0          
compactions completed            10         
data compacted                   2016383118 
compressed data compacted        2016349054 
compactions aborted              0          
compactions reduced              0          
sstables dropped from compaction 0          
15 minute rate                   0.64/minute
mean rate                        405.66/hour
compaction throughput (MiB/s)    64.0       
[5/6] Verifying materialized Cassandra rows and collecting physical metrics
WARNING: An illegal reflective access operation has occurred
WARNING: Illegal reflective access by org.github.jamm.utils.InjectedInvoker/0x000000084024e040 (file:/home/dongju/vcomp/cassandra_vcomp/lib/jamm-0.4.0.jar) to field java.nio.DirectByteBuffer.att
WARNING: Please consider reporting this to the maintainers of org.github.jamm.utils.InjectedInvoker/0x000000084024e040
WARNING: Use --illegal-access=warn to enable warnings of further illegal reflective access operations
WARNING: All illegal access operations will be denied in a future release
PASS: verified 1000 ascending rows and deterministic values
WARNING: An illegal reflective access operation has occurred
WARNING: Illegal reflective access by org.github.jamm.utils.InjectedInvoker/0x000000084024e040 (file:/home/dongju/vcomp/cassandra_vcomp/lib/jamm-0.4.0.jar) to field java.nio.DirectByteBuffer.att
WARNING: Please consider reporting this to the maintainers of org.github.jamm.utils.InjectedInvoker/0x000000084024e040
WARNING: Use --illegal-access=warn to enable warnings of further illegal reflective access operations
WARNING: All illegal access operations will be denied in a future release
FINGERPRINT rows=662885 sha256=ce182ddbacf5c82e8c792a765843ebd7c8960159236ed5cef1fd63af7d607371 values_verified=true
[6/6] Completed; preserving baseline DB, logs, and metrics
Preserved run directory: /work/vcomp-pebble-1tb/cassandra-comprehensive-preflight-20260914-134500/baseline/cassandra-baseline-preflight-v3-20260914-134500-baseline-20260914-134324
[3/4] Measuring Cassandra VComp (starts only after baseline node exits)
[1/8] Building Cassandra and verification client
[2/8] Starting isolated Cassandra 5.0.9 node for 1 GiB
[3/8] Creating 100-partition ordered 24 B key / 1000 B value schema
WARNING: An illegal reflective access operation has occurred
WARNING: Illegal reflective access by org.github.jamm.utils.InjectedInvoker/0x000000084024e040 (file:/home/dongju/vcomp/cassandra_vcomp/lib/jamm-0.4.0.jar) to field java.nio.DirectByteBuffer.att
WARNING: Please consider reporting this to the maintainers of org.github.jamm.utils.InjectedInvoker/0x000000084024e040
WARNING: Use --illegal-access=warn to enable warnings of further illegal reflective access operations
WARNING: All illegal access operations will be denied in a future release
[4/8] Running 1 GiB virtual load and streaming materialization
WARNING: An illegal reflective access operation has occurred
WARNING: Illegal reflective access by org.github.jamm.utils.InjectedInvoker/0x0000000840066440 (file:/home/dongju/vcomp/cassandra_vcomp/lib/jamm-0.4.0.jar) to field java.nio.DirectByteBuffer.att
WARNING: Please consider reporting this to the maintainers of org.github.jamm.utils.InjectedInvoker/0x0000000840066440
WARNING: Use --illegal-access=warn to enable warnings of further illegal reflective access operations
WARNING: All illegal access operations will be denied in a future release
VCOMP_SIZING estimated_flush_bytes=67830192 picker_flush_size_bytes=68157440 size_basis=data_component
VCOMP_RESULT seconds=2.050 writes=1048576 flush_bytes=67108864 target_sst_bytes=67108864 size_model=calibrated materialized_keys=690994 logical_bytes=707577856 virtual_compactions=6 final_runs=8 final_sstables=8 estimated_final_bytes=715183349 max_estimated_sstable_bytes=102248302 max_estimated_run_bytes=102248302 max_sstables_per_run=1 physical_sst_bytes=715971252 max_physical_sst_bytes=102360259 physical_sst_count=8
[5/8] Re-enabling UCS and draining any post-import automatic compactions
PASS: automatic UCS compaction enabled for vcomp_preflight_v3.kv
PASS: automatic UCS compaction enabled for vcomp_preflight_v3.kv
concurrent compactors            48         
pending tasks                    0          
compactions completed            4          
data compacted                   47860      
compressed data compacted        13798      
compactions aborted              0          
compactions reduced              0          
sstables dropped from compaction 0          
15 minute rate                   0.26/minute
mean rate                        283.96/hour
compaction throughput (MiB/s)    64.0       
concurrent compactors            48         
pending tasks                    0          
compactions completed            4          
data compacted                   47860      
compressed data compacted        13798      
compactions aborted              0          
compactions reduced              0          
sstables dropped from compaction 0          
15 minute rate                   0.26/minute
mean rate                        256.39/hour
compaction throughput (MiB/s)    64.0       
concurrent compactors            48         
pending tasks                    0          
compactions completed            4          
data compacted                   47860      
compressed data compacted        13798      
compactions aborted              0          
compactions reduced              0          
sstables dropped from compaction 0          
15 minute rate                   0.26/minute
mean rate                        233.67/hour
compaction throughput (MiB/s)    64.0       
PASS: automatic UCS compaction enabled for vcomp_preflight_v3.kv
[6/8] Verifying imported rows through CQL
WARNING: An illegal reflective access operation has occurred
WARNING: Illegal reflective access by org.github.jamm.utils.InjectedInvoker/0x000000084024e040 (file:/home/dongju/vcomp/cassandra_vcomp/lib/jamm-0.4.0.jar) to field java.nio.DirectByteBuffer.att
WARNING: Please consider reporting this to the maintainers of org.github.jamm.utils.InjectedInvoker/0x000000084024e040
WARNING: Use --illegal-access=warn to enable warnings of further illegal reflective access operations
WARNING: All illegal access operations will be denied in a future release
PASS: verified 1000 ascending rows and deterministic values
WARNING: An illegal reflective access operation has occurred
WARNING: Illegal reflective access by org.github.jamm.utils.InjectedInvoker/0x000000084024e040 (file:/home/dongju/vcomp/cassandra_vcomp/lib/jamm-0.4.0.jar) to field java.nio.DirectByteBuffer.att
WARNING: Please consider reporting this to the maintainers of org.github.jamm.utils.InjectedInvoker/0x000000084024e040
WARNING: Use --illegal-access=warn to enable warnings of further illegal reflective access operations
WARNING: All illegal access operations will be denied in a future release
FINGERPRINT rows=690994 sha256=088a6a6c4ac2c194f8230dea2c46bf2d46e85eaec9aa085f6f742fe42077bf84 values_verified=true
[7/8] Collecting maximum SST and table metrics
[8/8] Completed; preserving DB, materialized SSTables, and logs
Preserved run directory: /work/vcomp-pebble-1tb/cassandra-comprehensive-preflight-20260914-134500/vcomp/cassandra-vcomp-preflight-v3-20260914-134500-vcomp-20260914-134516
Approximate-key accuracy: baseline rows=662885, VComp rows=690994, delta=+28109 (4.2404%), exact fingerprint match=false
[4/4] Rendering measured comparison graph
