[2026-09-14T14:03:05+09:00] Preparing A baseline checkpoint
[2026-09-14T14:03:19+09:00] Running A baseline (48 threads, 30s)
WARNING: An illegal reflective access operation has occurred
WARNING: Illegal reflective access by org.github.jamm.utils.InjectedInvoker/0x000000084024e040 (file:/home/dongju/vcomp/cassandra_vcomp/lib/jamm-0.4.0.jar) to field java.nio.DirectByteBuffer.att
WARNING: Please consider reporting this to the maintainers of org.github.jamm.utils.InjectedInvoker/0x000000084024e040
WARNING: Use --illegal-access=warn to enable warnings of further illegal reflective access operations
WARNING: All illegal access operations will be denied in a future release
WORKLOAD_RESULT {"workload":"A","definition":"50% read / 50% update","generator_version":"reference-streams-v3","seed":20260909,"measurement_mode":"time","requested_duration_seconds":30,"operations_per_thread":0,"keyspace_size":1048576,"scan_requested_rows":0,"scan_returned_rows":0,"scan_returned_bytes":0,"scan_cql_requests":0,"empty_scans":0,"scan_length_min":0,"scan_length_max":0,"scan_seek_only_rows":0,"key_distribution":"scrambled Zipfian theta=0.99","wall_seconds":30.000996,"threads":48,"operations":4022016,"throughput_ops_per_second":134062.749282,"point_reads":2012864,"writes":2009152,"scans":0,"read_misses":251784,"point_read_hits":1761080,"point_read_misses":251784,"operation_latency_p50_us":283.647,"operation_latency_p95_us":702.463,"operation_latency_p99_us":1271.807,"point_lookup_latency_p50_us":332.287,"point_lookup_latency_p95_us":767.487,"point_lookup_latency_p99_us":1382.399,"point_lookup_hit_latency_p50_us":323.071,"point_lookup_hit_latency_p95_us":747.519,"point_lookup_hit_latency_p99_us":1332.223,"point_lookup_miss_latency_p50_us":388.863,"point_lookup_miss_latency_p95_us":898.047,"point_lookup_miss_latency_p99_us":1748.991,"scan_latency_p50_us":0.000,"scan_latency_p95_us":0.000,"scan_latency_p99_us":0.000,"disk_device":"md0","disk_read_bytes":688242688,"disk_write_bytes":3546308608}
[2026-09-14T14:04:04+09:00] Preparing A vcomp checkpoint
[2026-09-14T14:04:19+09:00] Running A vcomp (48 threads, 30s)
WARNING: An illegal reflective access operation has occurred
WARNING: Illegal reflective access by org.github.jamm.utils.InjectedInvoker/0x000000084024e040 (file:/home/dongju/vcomp/cassandra_vcomp/lib/jamm-0.4.0.jar) to field java.nio.DirectByteBuffer.att
WARNING: Please consider reporting this to the maintainers of org.github.jamm.utils.InjectedInvoker/0x000000084024e040
WARNING: Use --illegal-access=warn to enable warnings of further illegal reflective access operations
WARNING: All illegal access operations will be denied in a future release
WORKLOAD_RESULT {"workload":"A","definition":"50% read / 50% update","generator_version":"reference-streams-v3","seed":20260909,"measurement_mode":"time","requested_duration_seconds":30,"operations_per_thread":0,"keyspace_size":1048576,"scan_requested_rows":0,"scan_returned_rows":0,"scan_returned_bytes":0,"scan_cql_requests":0,"empty_scans":0,"scan_length_min":0,"scan_length_max":0,"scan_seek_only_rows":0,"key_distribution":"scrambled Zipfian theta=0.99","wall_seconds":30.000654,"threads":48,"operations":4250700,"throughput_ops_per_second":141686.909209,"point_reads":2127298,"writes":2123402,"scans":0,"read_misses":240021,"point_read_hits":1887277,"point_read_misses":240021,"operation_latency_p50_us":272.127,"operation_latency_p95_us":646.655,"operation_latency_p99_us":1164.287,"point_lookup_latency_p50_us":316.927,"point_lookup_latency_p95_us":701.951,"point_lookup_latency_p99_us":1251.327,"point_lookup_hit_latency_p50_us":309.247,"point_lookup_hit_latency_p95_us":686.591,"point_lookup_hit_latency_p99_us":1203.199,"point_lookup_miss_latency_p50_us":369.663,"point_lookup_miss_latency_p95_us":818.175,"point_lookup_miss_latency_p99_us":1693.695,"scan_latency_p50_us":0.000,"scan_latency_p95_us":0.000,"scan_latency_p99_us":0.000,"disk_device":"md0","disk_read_bytes":716001280,"disk_write_bytes":3689189376}
[2026-09-14T14:05:03+09:00] Preparing E baseline checkpoint
[2026-09-14T14:05:17+09:00] Running E baseline (48 threads, 30s)
WARNING: An illegal reflective access operation has occurred
WARNING: Illegal reflective access by org.github.jamm.utils.InjectedInvoker/0x000000084024e040 (file:/home/dongju/vcomp/cassandra_vcomp/lib/jamm-0.4.0.jar) to field java.nio.DirectByteBuffer.att
WARNING: Please consider reporting this to the maintainers of org.github.jamm.utils.InjectedInvoker/0x000000084024e040
WARNING: Use --illegal-access=warn to enable warnings of further illegal reflective access operations
WARNING: All illegal access operations will be denied in a future release
WORKLOAD_RESULT {"workload":"E","definition":"95% scan / 5% insert","generator_version":"reference-streams-v3","seed":20260909,"measurement_mode":"time","requested_duration_seconds":30,"operations_per_thread":0,"keyspace_size":1048576,"scan_requested_rows":47658769,"scan_returned_rows":47658769,"scan_returned_bytes":48802579456,"scan_cql_requests":950314,"empty_scans":0,"scan_length_min":1,"scan_length_max":100,"scan_seek_only_rows":0,"key_distribution":"scrambled Zipfian theta=0.99","wall_seconds":30.001101,"threads":48,"operations":994364,"throughput_ops_per_second":33144.250721,"point_reads":0,"writes":50041,"scans":944323,"read_misses":0,"point_read_hits":0,"point_read_misses":0,"operation_latency_p50_us":1341.439,"operation_latency_p95_us":2088.959,"operation_latency_p99_us":4050.943,"point_lookup_latency_p50_us":0.000,"point_lookup_latency_p95_us":0.000,"point_lookup_latency_p99_us":0.000,"point_lookup_hit_latency_p50_us":0.000,"point_lookup_hit_latency_p95_us":0.000,"point_lookup_hit_latency_p99_us":0.000,"point_lookup_miss_latency_p50_us":0.000,"point_lookup_miss_latency_p95_us":0.000,"point_lookup_miss_latency_p99_us":0.000,"scan_latency_p50_us":1343.487,"scan_latency_p95_us":2084.863,"scan_latency_p99_us":4042.751,"disk_device":"md0","disk_read_bytes":688132096,"disk_write_bytes":8536064}
[2026-09-14T14:06:03+09:00] Preparing E vcomp checkpoint
[2026-09-14T14:06:17+09:00] Running E vcomp (48 threads, 30s)
WARNING: An illegal reflective access operation has occurred
WARNING: Illegal reflective access by org.github.jamm.utils.InjectedInvoker/0x000000084024e040 (file:/home/dongju/vcomp/cassandra_vcomp/lib/jamm-0.4.0.jar) to field java.nio.DirectByteBuffer.att
WARNING: Please consider reporting this to the maintainers of org.github.jamm.utils.InjectedInvoker/0x000000084024e040
WARNING: Use --illegal-access=warn to enable warnings of further illegal reflective access operations
WARNING: All illegal access operations will be denied in a future release
WORKLOAD_RESULT {"workload":"E","definition":"95% scan / 5% insert","generator_version":"reference-streams-v3","seed":20260909,"measurement_mode":"time","requested_duration_seconds":30,"operations_per_thread":0,"keyspace_size":1048576,"scan_requested_rows":47031688,"scan_returned_rows":47031688,"scan_returned_bytes":48160448512,"scan_cql_requests":937515,"empty_scans":0,"scan_length_min":1,"scan_length_max":100,"scan_seek_only_rows":0,"key_distribution":"scrambled Zipfian theta=0.99","wall_seconds":30.001437,"threads":48,"operations":981253,"throughput_ops_per_second":32706.866510,"point_reads":0,"writes":49371,"scans":931882,"read_misses":0,"point_read_hits":0,"point_read_misses":0,"operation_latency_p50_us":1353.727,"operation_latency_p95_us":2142.207,"operation_latency_p99_us":4190.207,"point_lookup_latency_p50_us":0.000,"point_lookup_latency_p95_us":0.000,"point_lookup_latency_p99_us":0.000,"point_lookup_hit_latency_p50_us":0.000,"point_lookup_hit_latency_p95_us":0.000,"point_lookup_hit_latency_p99_us":0.000,"point_lookup_miss_latency_p50_us":0.000,"point_lookup_miss_latency_p95_us":0.000,"point_lookup_miss_latency_p99_us":0.000,"scan_latency_p50_us":1354.751,"scan_latency_p95_us":2131.967,"scan_latency_p99_us":4184.063,"disk_device":"md0","disk_read_bytes":715927552,"disk_write_bytes":8249344}
Completed Cassandra paper workloads: /work/vcomp-pebble-1tb/cassandra-controls-preflight-20260914-135900/workloads-controls
