[2026-09-14T13:49:01+09:00] Preparing A baseline checkpoint
[2026-09-14T13:49:15+09:00] Running A baseline (4 threads, 5s)
WARNING: An illegal reflective access operation has occurred
WARNING: Illegal reflective access by org.github.jamm.utils.InjectedInvoker/0x000000084024e040 (file:/home/dongju/vcomp/cassandra_vcomp/lib/jamm-0.4.0.jar) to field java.nio.DirectByteBuffer.att
WARNING: Please consider reporting this to the maintainers of org.github.jamm.utils.InjectedInvoker/0x000000084024e040
WARNING: Use --illegal-access=warn to enable warnings of further illegal reflective access operations
WARNING: All illegal access operations will be denied in a future release
WORKLOAD_RESULT {"workload":"A","definition":"50% read / 50% update","generator_version":"reference-streams-v3","seed":20260909,"measurement_mode":"time","requested_duration_seconds":5,"operations_per_thread":0,"keyspace_size":1048576,"scan_requested_rows":0,"scan_returned_rows":0,"scan_returned_bytes":0,"scan_cql_requests":0,"empty_scans":0,"scan_length_min":0,"scan_length_max":0,"scan_seek_only_rows":0,"key_distribution":"scrambled Zipfian theta=0.99","wall_seconds":5.000134,"threads":4,"operations":128604,"throughput_ops_per_second":25720.111519,"point_reads":64040,"writes":64564,"scans":0,"read_misses":15785,"point_read_hits":48255,"point_read_misses":15785,"operation_latency_p50_us":126.719,"operation_latency_p95_us":281.087,"operation_latency_p99_us":603.135,"point_lookup_latency_p50_us":135.679,"point_lookup_latency_p95_us":346.111,"point_lookup_latency_p99_us":697.855,"point_lookup_hit_latency_p50_us":134.911,"point_lookup_hit_latency_p95_us":323.071,"point_lookup_hit_latency_p99_us":677.887,"point_lookup_miss_latency_p50_us":137.855,"point_lookup_miss_latency_p95_us":404.735,"point_lookup_miss_latency_p99_us":748.543,"scan_latency_p50_us":0.000,"scan_latency_p95_us":0.000,"scan_latency_p99_us":0.000,"disk_device":"md0","disk_read_bytes":688123904,"disk_write_bytes":73728}
[2026-09-14T13:49:34+09:00] Preparing A vcomp checkpoint
[2026-09-14T13:49:47+09:00] Running A vcomp (4 threads, 5s)
WARNING: An illegal reflective access operation has occurred
WARNING: Illegal reflective access by org.github.jamm.utils.InjectedInvoker/0x000000084024e040 (file:/home/dongju/vcomp/cassandra_vcomp/lib/jamm-0.4.0.jar) to field java.nio.DirectByteBuffer.att
WARNING: Please consider reporting this to the maintainers of org.github.jamm.utils.InjectedInvoker/0x000000084024e040
WARNING: Use --illegal-access=warn to enable warnings of further illegal reflective access operations
WARNING: All illegal access operations will be denied in a future release
WORKLOAD_RESULT {"workload":"A","definition":"50% read / 50% update","generator_version":"reference-streams-v3","seed":20260909,"measurement_mode":"time","requested_duration_seconds":5,"operations_per_thread":0,"keyspace_size":1048576,"scan_requested_rows":0,"scan_returned_rows":0,"scan_returned_bytes":0,"scan_cql_requests":0,"empty_scans":0,"scan_length_min":0,"scan_length_max":0,"scan_seek_only_rows":0,"key_distribution":"scrambled Zipfian theta=0.99","wall_seconds":5.000137,"threads":4,"operations":124121,"throughput_ops_per_second":24823.519781,"point_reads":61841,"writes":62280,"scans":0,"read_misses":14290,"point_read_hits":47551,"point_read_misses":14290,"operation_latency_p50_us":137.471,"operation_latency_p95_us":287.743,"operation_latency_p99_us":605.183,"point_lookup_latency_p50_us":146.303,"point_lookup_latency_p95_us":352.767,"point_lookup_latency_p99_us":685.567,"point_lookup_hit_latency_p50_us":144.895,"point_lookup_hit_latency_p95_us":336.639,"point_lookup_hit_latency_p99_us":674.815,"point_lookup_miss_latency_p50_us":151.679,"point_lookup_miss_latency_p95_us":404.735,"point_lookup_miss_latency_p99_us":718.847,"scan_latency_p50_us":0.000,"scan_latency_p95_us":0.000,"scan_latency_p99_us":0.000,"disk_device":"md0","disk_read_bytes":715915264,"disk_write_bytes":73728}
[2026-09-14T13:50:07+09:00] Preparing B baseline checkpoint
[2026-09-14T13:50:21+09:00] Running B baseline (4 threads, 5s)
WARNING: An illegal reflective access operation has occurred
WARNING: Illegal reflective access by org.github.jamm.utils.InjectedInvoker/0x000000084024e040 (file:/home/dongju/vcomp/cassandra_vcomp/lib/jamm-0.4.0.jar) to field java.nio.DirectByteBuffer.att
WARNING: Please consider reporting this to the maintainers of org.github.jamm.utils.InjectedInvoker/0x000000084024e040
WARNING: Use --illegal-access=warn to enable warnings of further illegal reflective access operations
WARNING: All illegal access operations will be denied in a future release
WORKLOAD_RESULT {"workload":"B","definition":"95% read / 5% update","generator_version":"reference-streams-v3","seed":20260909,"measurement_mode":"time","requested_duration_seconds":5,"operations_per_thread":0,"keyspace_size":1048576,"scan_requested_rows":0,"scan_returned_rows":0,"scan_returned_bytes":0,"scan_cql_requests":0,"empty_scans":0,"scan_length_min":0,"scan_length_max":0,"scan_seek_only_rows":0,"key_distribution":"scrambled Zipfian theta=0.99","wall_seconds":5.000155,"threads":4,"operations":140261,"throughput_ops_per_second":28051.328361,"point_reads":133220,"writes":7041,"scans":0,"read_misses":37487,"point_read_hits":95733,"point_read_misses":37487,"operation_latency_p50_us":110.207,"operation_latency_p95_us":249.983,"operation_latency_p99_us":604.671,"point_lookup_latency_p50_us":108.287,"point_lookup_latency_p95_us":246.143,"point_lookup_latency_p99_us":599.551,"point_lookup_hit_latency_p50_us":108.415,"point_lookup_hit_latency_p95_us":240.511,"point_lookup_hit_latency_p99_us":592.895,"point_lookup_miss_latency_p50_us":107.967,"point_lookup_miss_latency_p95_us":267.775,"point_lookup_miss_latency_p99_us":611.839,"scan_latency_p50_us":0.000,"scan_latency_p95_us":0.000,"scan_latency_p99_us":0.000,"disk_device":"md0","disk_read_bytes":688123904,"disk_write_bytes":73728}
[2026-09-14T13:50:40+09:00] Preparing B vcomp checkpoint
[2026-09-14T13:50:54+09:00] Running B vcomp (4 threads, 5s)
WARNING: An illegal reflective access operation has occurred
WARNING: Illegal reflective access by org.github.jamm.utils.InjectedInvoker/0x000000084024e040 (file:/home/dongju/vcomp/cassandra_vcomp/lib/jamm-0.4.0.jar) to field java.nio.DirectByteBuffer.att
WARNING: Please consider reporting this to the maintainers of org.github.jamm.utils.InjectedInvoker/0x000000084024e040
WARNING: Use --illegal-access=warn to enable warnings of further illegal reflective access operations
WARNING: All illegal access operations will be denied in a future release
WORKLOAD_RESULT {"workload":"B","definition":"95% read / 5% update","generator_version":"reference-streams-v3","seed":20260909,"measurement_mode":"time","requested_duration_seconds":5,"operations_per_thread":0,"keyspace_size":1048576,"scan_requested_rows":0,"scan_returned_rows":0,"scan_returned_bytes":0,"scan_cql_requests":0,"empty_scans":0,"scan_length_min":0,"scan_length_max":0,"scan_seek_only_rows":0,"key_distribution":"scrambled Zipfian theta=0.99","wall_seconds":5.000125,"threads":4,"operations":139587,"throughput_ops_per_second":27916.700709,"point_reads":132589,"writes":6998,"scans":0,"read_misses":34869,"point_read_hits":97720,"point_read_misses":34869,"operation_latency_p50_us":110.847,"operation_latency_p95_us":247.039,"operation_latency_p99_us":583.167,"point_lookup_latency_p50_us":108.927,"point_lookup_latency_p95_us":241.791,"point_lookup_latency_p99_us":577.023,"point_lookup_hit_latency_p50_us":109.183,"point_lookup_hit_latency_p95_us":237.567,"point_lookup_hit_latency_p99_us":565.759,"point_lookup_miss_latency_p50_us":108.287,"point_lookup_miss_latency_p95_us":258.687,"point_lookup_miss_latency_p99_us":607.743,"scan_latency_p50_us":0.000,"scan_latency_p95_us":0.000,"scan_latency_p99_us":0.000,"disk_device":"md0","disk_read_bytes":715915264,"disk_write_bytes":73728}
[2026-09-14T13:51:13+09:00] Preparing C baseline checkpoint
[2026-09-14T13:51:27+09:00] Running C baseline (4 threads, 5s)
WARNING: An illegal reflective access operation has occurred
WARNING: Illegal reflective access by org.github.jamm.utils.InjectedInvoker/0x000000084024e040 (file:/home/dongju/vcomp/cassandra_vcomp/lib/jamm-0.4.0.jar) to field java.nio.DirectByteBuffer.att
WARNING: Please consider reporting this to the maintainers of org.github.jamm.utils.InjectedInvoker/0x000000084024e040
WARNING: Use --illegal-access=warn to enable warnings of further illegal reflective access operations
WARNING: All illegal access operations will be denied in a future release
WORKLOAD_RESULT {"workload":"C","definition":"100% read","generator_version":"reference-streams-v3","seed":20260909,"measurement_mode":"time","requested_duration_seconds":5,"operations_per_thread":0,"keyspace_size":1048576,"scan_requested_rows":0,"scan_returned_rows":0,"scan_returned_bytes":0,"scan_cql_requests":0,"empty_scans":0,"scan_length_min":0,"scan_length_max":0,"scan_seek_only_rows":0,"key_distribution":"scrambled Zipfian theta=0.99","wall_seconds":5.000162,"threads":4,"operations":161202,"throughput_ops_per_second":32239.354794,"point_reads":161202,"writes":0,"scans":0,"read_misses":60799,"point_read_hits":100403,"point_read_misses":60799,"operation_latency_p50_us":96.511,"operation_latency_p95_us":219.007,"operation_latency_p99_us":513.791,"point_lookup_latency_p50_us":96.063,"point_lookup_latency_p95_us":218.367,"point_lookup_latency_p99_us":512.255,"point_lookup_hit_latency_p50_us":97.983,"point_lookup_hit_latency_p95_us":222.591,"point_lookup_hit_latency_p99_us":524.287,"point_lookup_miss_latency_p50_us":92.671,"point_lookup_miss_latency_p95_us":211.711,"point_lookup_miss_latency_p99_us":488.959,"scan_latency_p50_us":0.000,"scan_latency_p95_us":0.000,"scan_latency_p99_us":0.000,"disk_device":"md0","disk_read_bytes":688123904,"disk_write_bytes":73728}
[2026-09-14T13:51:46+09:00] Preparing C vcomp checkpoint
[2026-09-14T13:51:59+09:00] Running C vcomp (4 threads, 5s)
WARNING: An illegal reflective access operation has occurred
WARNING: Illegal reflective access by org.github.jamm.utils.InjectedInvoker/0x000000084024e040 (file:/home/dongju/vcomp/cassandra_vcomp/lib/jamm-0.4.0.jar) to field java.nio.DirectByteBuffer.att
WARNING: Please consider reporting this to the maintainers of org.github.jamm.utils.InjectedInvoker/0x000000084024e040
WARNING: Use --illegal-access=warn to enable warnings of further illegal reflective access operations
WARNING: All illegal access operations will be denied in a future release
WORKLOAD_RESULT {"workload":"C","definition":"100% read","generator_version":"reference-streams-v3","seed":20260909,"measurement_mode":"time","requested_duration_seconds":5,"operations_per_thread":0,"keyspace_size":1048576,"scan_requested_rows":0,"scan_returned_rows":0,"scan_returned_bytes":0,"scan_cql_requests":0,"empty_scans":0,"scan_length_min":0,"scan_length_max":0,"scan_seek_only_rows":0,"key_distribution":"scrambled Zipfian theta=0.99","wall_seconds":5.000119,"threads":4,"operations":155143,"throughput_ops_per_second":31027.860712,"point_reads":155143,"writes":0,"scans":0,"read_misses":55255,"point_read_hits":99888,"point_read_misses":55255,"operation_latency_p50_us":98.239,"operation_latency_p95_us":224.255,"operation_latency_p99_us":569.343,"point_lookup_latency_p50_us":97.791,"point_lookup_latency_p95_us":223.487,"point_lookup_latency_p99_us":568.831,"point_lookup_hit_latency_p50_us":99.647,"point_lookup_hit_latency_p95_us":227.199,"point_lookup_hit_latency_p99_us":588.799,"point_lookup_miss_latency_p50_us":94.015,"point_lookup_miss_latency_p95_us":215.935,"point_lookup_miss_latency_p99_us":528.895,"scan_latency_p50_us":0.000,"scan_latency_p95_us":0.000,"scan_latency_p99_us":0.000,"disk_device":"md0","disk_read_bytes":715915264,"disk_write_bytes":73728}
[2026-09-14T13:52:19+09:00] Preparing D baseline checkpoint
[2026-09-14T13:52:33+09:00] Running D baseline (4 threads, 5s)
WARNING: An illegal reflective access operation has occurred
WARNING: Illegal reflective access by org.github.jamm.utils.InjectedInvoker/0x000000084024e040 (file:/home/dongju/vcomp/cassandra_vcomp/lib/jamm-0.4.0.jar) to field java.nio.DirectByteBuffer.att
WARNING: Please consider reporting this to the maintainers of org.github.jamm.utils.InjectedInvoker/0x000000084024e040
WARNING: Use --illegal-access=warn to enable warnings of further illegal reflective access operations
WARNING: All illegal access operations will be denied in a future release
WORKLOAD_RESULT {"workload":"D","definition":"95% read / 5% insert","generator_version":"reference-streams-v3","seed":20260909,"measurement_mode":"time","requested_duration_seconds":5,"operations_per_thread":0,"keyspace_size":1048576,"scan_requested_rows":0,"scan_returned_rows":0,"scan_returned_bytes":0,"scan_cql_requests":0,"empty_scans":0,"scan_length_min":0,"scan_length_max":0,"scan_seek_only_rows":0,"key_distribution":"latest theta=0.99","wall_seconds":5.000086,"threads":4,"operations":152331,"throughput_ops_per_second":30465.676581,"point_reads":144634,"writes":7697,"scans":0,"read_misses":22501,"point_read_hits":122133,"point_read_misses":22501,"operation_latency_p50_us":101.247,"operation_latency_p95_us":232.703,"operation_latency_p99_us":533.503,"point_lookup_latency_p50_us":98.815,"point_lookup_latency_p95_us":228.095,"point_lookup_latency_p99_us":521.215,"point_lookup_hit_latency_p50_us":97.471,"point_lookup_hit_latency_p95_us":218.111,"point_lookup_hit_latency_p99_us":487.423,"point_lookup_miss_latency_p50_us":105.407,"point_lookup_miss_latency_p95_us":306.431,"point_lookup_miss_latency_p99_us":655.871,"scan_latency_p50_us":0.000,"scan_latency_p95_us":0.000,"scan_latency_p99_us":0.000,"disk_device":"md0","disk_read_bytes":687927296,"disk_write_bytes":73728}
[2026-09-14T13:52:53+09:00] Preparing D vcomp checkpoint
[2026-09-14T13:53:06+09:00] Running D vcomp (4 threads, 5s)
WARNING: An illegal reflective access operation has occurred
WARNING: Illegal reflective access by org.github.jamm.utils.InjectedInvoker/0x000000084024e040 (file:/home/dongju/vcomp/cassandra_vcomp/lib/jamm-0.4.0.jar) to field java.nio.DirectByteBuffer.att
WARNING: Please consider reporting this to the maintainers of org.github.jamm.utils.InjectedInvoker/0x000000084024e040
WARNING: Use --illegal-access=warn to enable warnings of further illegal reflective access operations
WARNING: All illegal access operations will be denied in a future release
WORKLOAD_RESULT {"workload":"D","definition":"95% read / 5% insert","generator_version":"reference-streams-v3","seed":20260909,"measurement_mode":"time","requested_duration_seconds":5,"operations_per_thread":0,"keyspace_size":1048576,"scan_requested_rows":0,"scan_returned_rows":0,"scan_returned_bytes":0,"scan_cql_requests":0,"empty_scans":0,"scan_length_min":0,"scan_length_max":0,"scan_seek_only_rows":0,"key_distribution":"latest theta=0.99","wall_seconds":5.000160,"threads":4,"operations":153508,"throughput_ops_per_second":30700.616567,"point_reads":145756,"writes":7752,"scans":0,"read_misses":23326,"point_read_hits":122430,"point_read_misses":23326,"operation_latency_p50_us":98.943,"operation_latency_p95_us":242.047,"operation_latency_p99_us":562.687,"point_lookup_latency_p50_us":96.447,"point_lookup_latency_p95_us":236.415,"point_lookup_latency_p99_us":547.327,"point_lookup_hit_latency_p50_us":95.039,"point_lookup_hit_latency_p95_us":219.647,"point_lookup_hit_latency_p99_us":507.903,"point_lookup_miss_latency_p50_us":103.167,"point_lookup_miss_latency_p95_us":326.655,"point_lookup_miss_latency_p99_us":676.351,"scan_latency_p50_us":0.000,"scan_latency_p95_us":0.000,"scan_latency_p99_us":0.000,"disk_device":"md0","disk_read_bytes":715915264,"disk_write_bytes":73728}
[2026-09-14T13:53:26+09:00] Preparing E baseline checkpoint
[2026-09-14T13:53:40+09:00] Running E baseline (4 threads, 5s)
WARNING: An illegal reflective access operation has occurred
WARNING: Illegal reflective access by org.github.jamm.utils.InjectedInvoker/0x000000084024e040 (file:/home/dongju/vcomp/cassandra_vcomp/lib/jamm-0.4.0.jar) to field java.nio.DirectByteBuffer.att
WARNING: Please consider reporting this to the maintainers of org.github.jamm.utils.InjectedInvoker/0x000000084024e040
WARNING: Use --illegal-access=warn to enable warnings of further illegal reflective access operations
WARNING: All illegal access operations will be denied in a future release
WORKLOAD_RESULT {"workload":"E","definition":"95% scan / 5% insert","generator_version":"reference-streams-v3","seed":20260909,"measurement_mode":"time","requested_duration_seconds":5,"operations_per_thread":0,"keyspace_size":1048576,"scan_requested_rows":3820822,"scan_returned_rows":3820822,"scan_returned_bytes":3912521728,"scan_cql_requests":76213,"empty_scans":0,"scan_length_min":1,"scan_length_max":100,"scan_seek_only_rows":0,"key_distribution":"scrambled Zipfian theta=0.99","wall_seconds":5.000228,"threads":4,"operations":79800,"throughput_ops_per_second":15959.271296,"point_reads":0,"writes":4045,"scans":75755,"read_misses":0,"point_read_hits":0,"point_read_misses":0,"operation_latency_p50_us":209.151,"operation_latency_p95_us":442.367,"operation_latency_p99_us":1053.695,"point_lookup_latency_p50_us":0.000,"point_lookup_latency_p95_us":0.000,"point_lookup_latency_p99_us":0.000,"point_lookup_hit_latency_p50_us":0.000,"point_lookup_hit_latency_p95_us":0.000,"point_lookup_hit_latency_p99_us":0.000,"point_lookup_miss_latency_p50_us":0.000,"point_lookup_miss_latency_p95_us":0.000,"point_lookup_miss_latency_p99_us":0.000,"scan_latency_p50_us":211.711,"scan_latency_p95_us":439.295,"scan_latency_p99_us":1051.647,"disk_device":"md0","disk_read_bytes":688123904,"disk_write_bytes":73728}
[2026-09-14T13:53:59+09:00] Preparing E vcomp checkpoint
[2026-09-14T13:54:13+09:00] Running E vcomp (4 threads, 5s)
WARNING: An illegal reflective access operation has occurred
WARNING: Illegal reflective access by org.github.jamm.utils.InjectedInvoker/0x000000084024e040 (file:/home/dongju/vcomp/cassandra_vcomp/lib/jamm-0.4.0.jar) to field java.nio.DirectByteBuffer.att
WARNING: Please consider reporting this to the maintainers of org.github.jamm.utils.InjectedInvoker/0x000000084024e040
WARNING: Use --illegal-access=warn to enable warnings of further illegal reflective access operations
WARNING: All illegal access operations will be denied in a future release
WORKLOAD_RESULT {"workload":"E","definition":"95% scan / 5% insert","generator_version":"reference-streams-v3","seed":20260909,"measurement_mode":"time","requested_duration_seconds":5,"operations_per_thread":0,"keyspace_size":1048576,"scan_requested_rows":3904226,"scan_returned_rows":3904226,"scan_returned_bytes":3997927424,"scan_cql_requests":77865,"empty_scans":0,"scan_length_min":1,"scan_length_max":100,"scan_seek_only_rows":0,"key_distribution":"scrambled Zipfian theta=0.99","wall_seconds":5.000236,"threads":4,"operations":81549,"throughput_ops_per_second":16309.029532,"point_reads":0,"writes":4135,"scans":77414,"read_misses":0,"point_read_hits":0,"point_read_misses":0,"operation_latency_p50_us":205.567,"operation_latency_p95_us":439.039,"operation_latency_p99_us":948.735,"point_lookup_latency_p50_us":0.000,"point_lookup_latency_p95_us":0.000,"point_lookup_latency_p99_us":0.000,"point_lookup_hit_latency_p50_us":0.000,"point_lookup_hit_latency_p95_us":0.000,"point_lookup_hit_latency_p99_us":0.000,"point_lookup_miss_latency_p50_us":0.000,"point_lookup_miss_latency_p95_us":0.000,"point_lookup_miss_latency_p99_us":0.000,"scan_latency_p50_us":208.127,"scan_latency_p95_us":436.735,"scan_latency_p99_us":946.687,"disk_device":"md0","disk_read_bytes":715915264,"disk_write_bytes":77824}
[2026-09-14T13:54:31+09:00] Preparing F baseline checkpoint
[2026-09-14T13:54:45+09:00] Running F baseline (4 threads, 5s)
WARNING: An illegal reflective access operation has occurred
WARNING: Illegal reflective access by org.github.jamm.utils.InjectedInvoker/0x000000084024e040 (file:/home/dongju/vcomp/cassandra_vcomp/lib/jamm-0.4.0.jar) to field java.nio.DirectByteBuffer.att
WARNING: Please consider reporting this to the maintainers of org.github.jamm.utils.InjectedInvoker/0x000000084024e040
WARNING: Use --illegal-access=warn to enable warnings of further illegal reflective access operations
WARNING: All illegal access operations will be denied in a future release
WORKLOAD_RESULT {"workload":"F","definition":"50% read / 50% read-modify-write","generator_version":"reference-streams-v3","seed":20260909,"measurement_mode":"time","requested_duration_seconds":5,"operations_per_thread":0,"keyspace_size":1048576,"scan_requested_rows":0,"scan_returned_rows":0,"scan_returned_bytes":0,"scan_cql_requests":0,"empty_scans":0,"scan_length_min":0,"scan_length_max":0,"scan_seek_only_rows":0,"key_distribution":"scrambled Zipfian theta=0.99","wall_seconds":5.000150,"threads":4,"operations":91148,"throughput_ops_per_second":18229.052946,"point_reads":91148,"writes":45869,"scans":0,"read_misses":22832,"point_read_hits":68316,"point_read_misses":22832,"operation_latency_p50_us":181.759,"operation_latency_p95_us":411.391,"operation_latency_p99_us":891.903,"point_lookup_latency_p50_us":116.991,"point_lookup_latency_p95_us":270.847,"point_lookup_latency_p99_us":636.927,"point_lookup_hit_latency_p50_us":116.415,"point_lookup_hit_latency_p95_us":259.839,"point_lookup_hit_latency_p99_us":617.471,"point_lookup_miss_latency_p50_us":118.527,"point_lookup_miss_latency_p95_us":317.951,"point_lookup_miss_latency_p99_us":674.303,"scan_latency_p50_us":0.000,"scan_latency_p95_us":0.000,"scan_latency_p99_us":0.000,"disk_device":"md0","disk_read_bytes":688123904,"disk_write_bytes":73728}
[2026-09-14T13:55:05+09:00] Preparing F vcomp checkpoint
[2026-09-14T13:55:19+09:00] Running F vcomp (4 threads, 5s)
WARNING: An illegal reflective access operation has occurred
WARNING: Illegal reflective access by org.github.jamm.utils.InjectedInvoker/0x000000084024e040 (file:/home/dongju/vcomp/cassandra_vcomp/lib/jamm-0.4.0.jar) to field java.nio.DirectByteBuffer.att
WARNING: Please consider reporting this to the maintainers of org.github.jamm.utils.InjectedInvoker/0x000000084024e040
WARNING: Use --illegal-access=warn to enable warnings of further illegal reflective access operations
WARNING: All illegal access operations will be denied in a future release
WORKLOAD_RESULT {"workload":"F","definition":"50% read / 50% read-modify-write","generator_version":"reference-streams-v3","seed":20260909,"measurement_mode":"time","requested_duration_seconds":5,"operations_per_thread":0,"keyspace_size":1048576,"scan_requested_rows":0,"scan_returned_rows":0,"scan_returned_bytes":0,"scan_cql_requests":0,"empty_scans":0,"scan_length_min":0,"scan_length_max":0,"scan_seek_only_rows":0,"key_distribution":"scrambled Zipfian theta=0.99","wall_seconds":5.000237,"threads":4,"operations":94904,"throughput_ops_per_second":18979.899552,"point_reads":94904,"writes":47751,"scans":0,"read_misses":22295,"point_read_hits":72609,"point_read_misses":22295,"operation_latency_p50_us":176.511,"operation_latency_p95_us":402.943,"operation_latency_p99_us":887.807,"point_lookup_latency_p50_us":112.831,"point_lookup_latency_p95_us":263.167,"point_lookup_latency_p99_us":638.975,"point_lookup_hit_latency_p50_us":112.319,"point_lookup_hit_latency_p95_us":254.207,"point_lookup_hit_latency_p99_us":627.199,"point_lookup_miss_latency_p50_us":114.303,"point_lookup_miss_latency_p95_us":304.895,"point_lookup_miss_latency_p99_us":685.055,"scan_latency_p50_us":0.000,"scan_latency_p95_us":0.000,"scan_latency_p99_us":0.000,"disk_device":"md0","disk_read_bytes":715915264,"disk_write_bytes":77824}
[2026-09-14T13:55:38+09:00] Preparing MIXGRAPH baseline checkpoint
[2026-09-14T13:55:52+09:00] Running MIXGRAPH baseline (4 threads, 5s)
WARNING: An illegal reflective access operation has occurred
WARNING: Illegal reflective access by org.github.jamm.utils.InjectedInvoker/0x000000084024e040 (file:/home/dongju/vcomp/cassandra_vcomp/lib/jamm-0.4.0.jar) to field java.nio.DirectByteBuffer.att
WARNING: Please consider reporting this to the maintainers of org.github.jamm.utils.InjectedInvoker/0x000000084024e040
WARNING: Use --illegal-access=warn to enable warnings of further illegal reflective access operations
WARNING: All illegal access operations will be denied in a future release
WORKLOAD_RESULT {"workload":"MIXGRAPH","definition":"83% get / 14% put / 3% seek","generator_version":"reference-streams-v3","seed":20260909,"measurement_mode":"time","requested_duration_seconds":5,"operations_per_thread":0,"keyspace_size":1048576,"scan_requested_rows":1681691,"scan_returned_rows":1478032,"scan_returned_bytes":1262021225,"scan_cql_requests":3031,"empty_scans":0,"scan_length_min":1,"scan_length_max":9968,"scan_seek_only_rows":0,"key_distribution":"MixGraph power + two-term-exponential key ranges","wall_seconds":5.000081,"threads":4,"operations":94799,"throughput_ops_per_second":18959.492701,"point_reads":78583,"writes":13366,"scans":2850,"read_misses":23188,"point_read_hits":55395,"point_read_misses":23188,"operation_latency_p50_us":126.015,"operation_latency_p95_us":421.119,"operation_latency_p99_us":1553.407,"point_lookup_latency_p50_us":120.639,"point_lookup_latency_p95_us":370.687,"point_lookup_latency_p99_us":1147.903,"point_lookup_hit_latency_p50_us":121.471,"point_lookup_hit_latency_p95_us":366.335,"point_lookup_hit_latency_p99_us":1151.999,"point_lookup_miss_latency_p50_us":118.719,"point_lookup_miss_latency_p95_us":379.647,"point_lookup_miss_latency_p99_us":1130.495,"scan_latency_p50_us":234.623,"scan_latency_p95_us":7118.847,"scan_latency_p99_us":17022.975,"disk_device":"md0","disk_read_bytes":654635008,"disk_write_bytes":73728}
[2026-09-14T13:56:11+09:00] Preparing MIXGRAPH vcomp checkpoint
[2026-09-14T13:56:25+09:00] Running MIXGRAPH vcomp (4 threads, 5s)
WARNING: An illegal reflective access operation has occurred
WARNING: Illegal reflective access by org.github.jamm.utils.InjectedInvoker/0x000000084024e040 (file:/home/dongju/vcomp/cassandra_vcomp/lib/jamm-0.4.0.jar) to field java.nio.DirectByteBuffer.att
WARNING: Please consider reporting this to the maintainers of org.github.jamm.utils.InjectedInvoker/0x000000084024e040
WARNING: Use --illegal-access=warn to enable warnings of further illegal reflective access operations
WARNING: All illegal access operations will be denied in a future release
WORKLOAD_RESULT {"workload":"MIXGRAPH","definition":"83% get / 14% put / 3% seek","generator_version":"reference-streams-v3","seed":20260909,"measurement_mode":"time","requested_duration_seconds":5,"operations_per_thread":0,"keyspace_size":1048576,"scan_requested_rows":1650833,"scan_returned_rows":1438758,"scan_returned_bytes":1223377177,"scan_cql_requests":2948,"empty_scans":0,"scan_length_min":1,"scan_length_max":9968,"scan_seek_only_rows":0,"key_distribution":"MixGraph power + two-term-exponential key ranges","wall_seconds":5.000772,"threads":4,"operations":92302,"throughput_ops_per_second":18457.551767,"point_reads":76510,"writes":13022,"scans":2770,"read_misses":23880,"point_read_hits":52630,"point_read_misses":23880,"operation_latency_p50_us":134.143,"operation_latency_p95_us":436.479,"operation_latency_p99_us":1695.743,"point_lookup_latency_p50_us":127.871,"point_lookup_latency_p95_us":382.719,"point_lookup_latency_p99_us":1226.751,"point_lookup_hit_latency_p50_us":129.407,"point_lookup_hit_latency_p95_us":378.879,"point_lookup_hit_latency_p99_us":1187.839,"point_lookup_miss_latency_p50_us":124.031,"point_lookup_miss_latency_p95_us":390.911,"point_lookup_miss_latency_p99_us":1319.935,"scan_latency_p50_us":232.703,"scan_latency_p95_us":7708.671,"scan_latency_p99_us":16809.983,"disk_device":"md0","disk_read_bytes":674758656,"disk_write_bytes":81920}
Completed Cassandra paper workloads: /work/vcomp-pebble-1tb/cassandra-comprehensive-preflight-20260914-134500/workloads-pilot-default-fix
